Component: ARM Compiler 5.06 update 7 (build 960) Tool: armlink [4d3601]

==============================================================================

Section Cross References

    startup_stm32h750xx.o(RESET) refers to startup_stm32h750xx.o(STACK) for __initial_sp
    startup_stm32h750xx.o(RESET) refers to startup_stm32h750xx.o(.text) for Reset_Handler
    startup_stm32h750xx.o(RESET) refers to stm32h7xx_it.o(i.NMI_Handler) for NMI_Handler
    startup_stm32h750xx.o(RESET) refers to stm32h7xx_it.o(i.HardFault_Handler) for HardFault_Handler
    startup_stm32h750xx.o(RESET) refers to stm32h7xx_it.o(i.MemManage_Handler) for MemManage_Handler
    startup_stm32h750xx.o(RESET) refers to stm32h7xx_it.o(i.BusFault_Handler) for BusFault_Handler
    startup_stm32h750xx.o(RESET) refers to stm32h7xx_it.o(i.UsageFault_Handler) for UsageFault_Handler
    startup_stm32h750xx.o(RESET) refers to port.o(.emb_text) for SVC_Handler
    startup_stm32h750xx.o(RESET) refers to stm32h7xx_it.o(i.DebugMon_Handler) for DebugMon_Handler
    startup_stm32h750xx.o(RESET) refers to cmsis_os2.o(i.SysTick_Handler) for SysTick_Handler
    startup_stm32h750xx.o(RESET) refers to stm32h7xx_it.o(i.FDCAN1_IT0_IRQHandler) for FDCAN1_IT0_IRQHandler
    startup_stm32h750xx.o(RESET) refers to stm32h7xx_it.o(i.FDCAN1_IT1_IRQHandler) for FDCAN1_IT1_IRQHandler
    startup_stm32h750xx.o(RESET) refers to stm32h7xx_it.o(i.TIM1_UP_IRQHandler) for TIM1_UP_IRQHandler
    startup_stm32h750xx.o(RESET) refers to stm32h7xx_it.o(i.USART3_IRQHandler) for USART3_IRQHandler
    startup_stm32h750xx.o(.text) refers to system_stm32h7xx.o(i.SystemInit) for SystemInit
    startup_stm32h750xx.o(.text) refers to entry.o(.ARM.Collect$$$$00000000) for __main
    main.o(i.HAL_TIM_PeriodElapsedCallback) refers to stm32h7xx_hal.o(i.HAL_IncTick) for HAL_IncTick
    main.o(i.SystemClock_Config) refers to memseta.o(.text) for __aeabi_memclr4
    main.o(i.SystemClock_Config) refers to stm32h7xx_hal_pwr_ex.o(i.HAL_PWREx_ConfigSupply) for HAL_PWREx_ConfigSupply
    main.o(i.SystemClock_Config) refers to stm32h7xx_hal_rcc.o(i.HAL_RCC_OscConfig) for HAL_RCC_OscConfig
    main.o(i.SystemClock_Config) refers to stm32h7xx_hal_rcc.o(i.HAL_RCC_ClockConfig) for HAL_RCC_ClockConfig
    main.o(i.fputc) refers to stm32h7xx_hal_uart.o(i.HAL_UART_Transmit) for HAL_UART_Transmit
    main.o(i.fputc) refers to usart.o(.bss) for huart3
    main.o(i.main) refers to stm32h7xx_hal_cortex.o(i.HAL_MPU_Disable) for HAL_MPU_Disable
    main.o(i.main) refers to stm32h7xx_hal_cortex.o(i.HAL_MPU_ConfigRegion) for HAL_MPU_ConfigRegion
    main.o(i.main) refers to stm32h7xx_hal_cortex.o(i.HAL_MPU_Enable) for HAL_MPU_Enable
    main.o(i.main) refers to stm32h7xx_hal.o(i.HAL_Init) for HAL_Init
    main.o(i.main) refers to main.o(i.SystemClock_Config) for SystemClock_Config
    main.o(i.main) refers to gpio.o(i.MX_GPIO_Init) for MX_GPIO_Init
    main.o(i.main) refers to fdcan.o(i.MX_FDCAN1_Init) for MX_FDCAN1_Init
    main.o(i.main) refers to usart.o(i.MX_USART3_UART_Init) for MX_USART3_UART_Init
    main.o(i.main) refers to fdcan_fliter.o(i.FDCAN_Filter_Config) for FDCAN_Filter_Config
    main.o(i.main) refers to cmsis_os2.o(i.osKernelInitialize) for osKernelInitialize
    main.o(i.main) refers to freertos.o(i.MX_FREERTOS_Init) for MX_FREERTOS_Init
    main.o(i.main) refers to cmsis_os2.o(i.osKernelStart) for osKernelStart
    gpio.o(i.MX_GPIO_Init) refers to memseta.o(.text) for __aeabi_memclr4
    gpio.o(i.MX_GPIO_Init) refers to stm32h7xx_hal_gpio.o(i.HAL_GPIO_WritePin) for HAL_GPIO_WritePin
    gpio.o(i.MX_GPIO_Init) refers to stm32h7xx_hal_gpio.o(i.HAL_GPIO_Init) for HAL_GPIO_Init
    freertos.o(i.Led_start) refers to cmsis_os2.o(i.osDelay) for osDelay
    freertos.o(i.MX_FREERTOS_Init) refers to cmsis_os2.o(i.osThreadNew) for osThreadNew
    freertos.o(i.MX_FREERTOS_Init) refers to freertos.o(.constdata) for .constdata
    freertos.o(i.MX_FREERTOS_Init) refers to led_task.o(i.Led_start) for Led_start
    freertos.o(i.MX_FREERTOS_Init) refers to freertos.o(.data) for .data
    freertos.o(i.MX_FREERTOS_Init) refers to motor_control_task.o(i.Motor_Control_start) for Motor_Control_start
    freertos.o(i.Motor_Control_start) refers to cmsis_os2.o(i.osDelay) for osDelay
    freertos.o(.constdata) refers to freertos.o(.conststring) for .conststring
    fdcan.o(i.HAL_FDCAN_MspDeInit) refers to stm32h7xx_hal_gpio.o(i.HAL_GPIO_DeInit) for HAL_GPIO_DeInit
    fdcan.o(i.HAL_FDCAN_MspDeInit) refers to stm32h7xx_hal_cortex.o(i.HAL_NVIC_DisableIRQ) for HAL_NVIC_DisableIRQ
    fdcan.o(i.HAL_FDCAN_MspInit) refers to memseta.o(.text) for __aeabi_memclr4
    fdcan.o(i.HAL_FDCAN_MspInit) refers to stm32h7xx_hal_rcc_ex.o(i.HAL_RCCEx_PeriphCLKConfig) for HAL_RCCEx_PeriphCLKConfig
    fdcan.o(i.HAL_FDCAN_MspInit) refers to main.o(i.Error_Handler) for Error_Handler
    fdcan.o(i.HAL_FDCAN_MspInit) refers to stm32h7xx_hal_gpio.o(i.HAL_GPIO_Init) for HAL_GPIO_Init
[...]
    BDMA_Channel0_IRQHandler                 0x0800038b   Thumb Code     0  startup_stm32h750xx.o(.text)
    BDMA_Channel1_IRQHandler                 0x0800038b   Thumb Code     0  startup_stm32h750xx.o(.text)
    BDMA_Channel2_IRQHandler                 0x0800038b   Thumb Code     0  startup_stm32h750xx.o(.text)
    BDMA_Channel3_IRQHandler                 0x0800038b   Thumb Code     0  startup_stm32h750xx.o(.text)
    BDMA_Channel4_IRQHandler                 0x0800038b   Thumb Code     0  startup_stm32h750xx.o(.text)
    BDMA_Channel5_IRQHandler                 0x0800038b   Thumb Code     0  startup_stm32h750xx.o(.text)
    BDMA_Channel6_IRQHandler                 0x0800038b   Thumb Code     0  startup_stm32h750xx.o(.text)
    BDMA_Channel7_IRQHandler                 0x0800038b   Thumb Code     0  startup_stm32h750xx.o(.text)
    CEC_IRQHandler                           0x0800038b   Thumb Code     0  startup_stm32h750xx.o(.text)
    COMP1_IRQHandler                         0x0800038b   Thumb Code     0  startup_stm32h750xx.o(.text)
    CRS_IRQHandler                           0x0800038b   Thumb Code     0  startup_stm32h750xx.o(.text)
    CRYP_IRQHandler                          0x0800038b   Thumb Code     0  startup_stm32h750xx.o(.text)
    DCMI_IRQHandler                          0x0800038b   Thumb Code     0  startup_stm32h750xx.o(.text)
    DFSDM1_FLT0_IRQHandler                   0x0800038b   Thumb Code     0  startup_stm32h750xx.o(.text)
    DFSDM1_FLT1_IRQHandler                   0x0800038b   Thumb Code     0  startup_stm32h750xx.o(.text)
    DFSDM1_FLT2_IRQHandler                   0x0800038b   Thumb Code     0  startup_stm32h750xx.o(.text)
    DFSDM1_FLT3_IRQHandler                   0x0800038b   Thumb Code     0  startup_stm32h750xx.o(.text)
    DMA1_Stream0_IRQHandler                  0x0800038b   Thumb Code     0  startup_stm32h750xx.o(.text)
    DMA1_Stream1_IRQHandler                  0x0800038b   Thumb Code     0  startup_stm32h750xx.o(.text)
    DMA1_Stream2_IRQHandler                  0x0800038b   Thumb Code     0  startup_stm32h750xx.o(.text)
    DMA1_Stream3_IRQHandler                  0x0800038b   Thumb Code     0  startup_stm32h750xx.o(.text)
    DMA1_Stream4_IRQHandler                  0x0800038b   Thumb Code     0  startup_stm32h750xx.o(.text)
    DMA1_Stream5_IRQHandler                  0x0800038b   Thumb Code     0  startup_stm32h750xx.o(.text)
    DMA1_Stream6_IRQHandler                  0x0800038b   Thumb Code     0  startup_stm32h750xx.o(.text)
    DMA1_Stream7_IRQHandler                  0x0800038b   Thumb Code     0  startup_stm32h750xx.o(.text)
    DMA2D_IRQHandler                         0x0800038b   Thumb Code     0  startup_stm32h750xx.o(.text)
    DMA2_Stream0_IRQHandler                  0x0800038b   Thumb Code     0  startup_stm32h750xx.o(.text)
    DMA2_Stream1_IRQHandler                  0x0800038b   Thumb Code     0  startup_stm32h750xx.o(.text)
    DMA2_Stream2_IRQHandler                  0x0800038b   Thumb Code     0  startup_stm32h750xx.o(.text)
    DMA2_Stream3_IRQHandler                  0x0800038b   Thumb Code     0  startup_stm32h750xx.o(.text)
    DMA2_Stream4_IRQHandler                  0x0800038b   Thumb Code     0  startup_stm32h750xx.o(.text)
    DMA2_Stream5_IRQHandler                  0x0800038b   Thumb Code     0  startup_stm32h750xx.o(.text)
    DMA2_Stream6_IRQHandler                  0x0800038b   Thumb Code     0  startup_stm32h750xx.o(.text)
    DMA2_Stream7_IRQHandler                  0x0800038b   Thumb Code     0  startup_stm32h750xx.o(.text)
    DMAMUX1_OVR_IRQHandler                   0x0800038b   Thumb Code     0  startup_stm32h750xx.o(.text)
    DMAMUX2_OVR_IRQHandler                   0x0800038b   Thumb Code     0  startup_stm32h750xx.o(.text)
    ECC_IRQHandler                           0x0800038b   Thumb Code     0  startup_stm32h750xx.o(.text)
    ETH_IRQHandler                           0x0800038b   Thumb Code     0  startup_stm32h750xx.o(.text)
    ETH_WKUP_IRQHandler                      0x0800038b   Thumb Code     0  startup_stm32h750xx.o(.text)
    EXTI0_IRQHandler                         0x0800038b   Thumb Code     0  startup_stm32h750xx.o(.text)
    EXTI15_10_IRQHandler                     0x0800038b   Thumb Code     0  startup_stm32h750xx.o(.text)
    EXTI1_IRQHandler                         0x0800038b   Thumb Code     0  startup_stm32h750xx.o(.text)
    EXTI2_IRQHandler                         0x0800038b   Thumb Code     0  startup_stm32h750xx.o(.text)
    EXTI3_IRQHandler                         0x0800038b   Thumb Code     0  startup_stm32h750xx.o(.text)
    EXTI4_IRQHandler                         0x0800038b   Thumb Code     0  startup_stm32h750xx.o(.text)
    EXTI9_5_IRQHandler                       0x0800038b   Thumb Code     0  startup_stm32h750xx.o(.text)
    FDCAN2_IT0_IRQHandler                    0x0800038b   Thumb Code     0  startup_stm32h750xx.o(.text)
    FDCAN2_IT1_IRQHandler                    0x0800038b   Thumb Code     0  startup_stm32h750xx.o(.text)
    FDCAN_CAL_IRQHandler                     0x0800038b   Thumb Code     0  startup_stm32h750xx.o(.text)
    FLASH_IRQHandler                         0x0800038b   Thumb Code     0  startup_stm32h750xx.o(.text)
    FMC_IRQHandler                           0x0800038b   Thumb Code     0  startup_stm32h750xx.o(.text)
    FPU_IRQHandler                           0x0800038b   Thumb Code     0  startup_stm32h750xx.o(.text)
    HASH_RNG_IRQHandler                      0x0800038b   Thumb Code     0  startup_stm32h750xx.o(.text)
    HRTIM1_FLT_IRQHandler                    0x0800038b   Thumb Code     0  startup_stm32h750xx.o(.text)
    HRTIM1_Master_IRQHandler                 0x0800038b   Thumb Code     0  startup_stm32h750xx.o(.text)
    HRTIM1_TIMA_IRQHandler                   0x0800038b   Thumb Code     0  startup_stm32h750xx.o(.text)
    HRTIM1_TIMB_IRQHandler                   0x0800038b   Thumb Code     0  startup_stm32h750xx.o(.text)
    HRTIM1_TIMC_IRQHandler                   0x0800038b   Thumb Code     0  startup_stm32h750xx.o(.text)
    HRTIM1_TIMD_IRQHandler                   0x0800038b   Thumb Code     0  startup_stm32h750xx.o(.text)
    HRTIM1_TIME_IRQHandler                   0x0800038b   Thumb Code     0  startup_stm32h750xx.o(.text)
    HSEM1_IRQHandler                         0x0800038b   Thumb Code     0  startup_stm32h750xx.o(.text)
    I2C1_ER_IRQHandler                       0x0800038b   Thumb Code     0  startup_stm32h750xx.o(.text)
    I2C1_EV_IRQHandler                       0x0800038b   Thumb Code     0  startup_stm32h750xx.o(.text)
    I2C2_ER_IRQHandler                       0x0800038b   Thumb Code     0  startup_stm32h750xx.o(.text)
    I2C2_EV_IRQHandler                       0x0800038b   Thumb Code     0  startup_stm32h750xx.o(.text)
    I2C3_ER_IRQHandler                       0x0800038b   Thumb Code     0  startup_stm32h750xx.o(.text)
    I2C3_EV_IRQHandler                       0x0800038b   Thumb Code     0  startup_stm32h750xx.o(.text)
    I2C4_ER_IRQHandler                       0x0800038b   Thumb Code     0  startup_stm32h750xx.o(.text)
    I2C4_EV_IRQHandler                       0x0800038b   Thumb Code     0  startup_stm32h750xx.o(.text)
    JPEG_IRQHandler                          0x0800038b   Thumb Code     0  startup_stm32h750xx.o(.text)
    LPTIM1_IRQHandler                        0x0800038b   Thumb Code     0  startup_stm32h750xx.o(.text)
    LPTIM2_IRQHandler                        0x0800038b   Thumb Code     0  startup_stm32h750xx.o(.text)
    LPTIM3_IRQHandler                        0x0800038b   Thumb Code     0  startup_stm32h750xx.o(.text)
    LPTIM4_IRQHandler                        0x0800038b   Thumb Code     0  startup_stm32h750xx.o(.text)
    LPTIM5_IRQHandler                        0x0800038b   Thumb Code     0  startup_stm32h750xx.o(.text)
    LPUART1_IRQHandler                       0x0800038b   Thumb Code     0  startup_stm32h750xx.o(.text)
    LTDC_ER_IRQHandler                       0x0800038b   Thumb Code     0  startup_stm32h750xx.o(.text)
    LTDC_IRQHandler                          0x0800038b   Thumb Code     0  startup_stm32h750xx.o(.text)
    MDIOS_IRQHandler                         0x0800038b   Thumb Code     0  startup_stm32h750xx.o(.text)
    MDIOS_WKUP_IRQHandler                    0x0800038b   Thumb Code     0  startup_stm32h750xx.o(.text)
    MDMA_IRQHandler                          0x0800038b   Thumb Code     0  startup_stm32h750xx.o(.text)
    OTG_FS_EP1_IN_IRQHandler                 0x0800038b   Thumb Code     0  startup_stm32h750xx.o(.text)
    OTG_FS_EP1_OUT_IRQHandler                0x0800038b   Thumb Code     0  startup_stm32h750xx.o(.text)
    OTG_FS_IRQHandler                        0x0800038b   Thumb Code     0  startup_stm32h750xx.o(.text)
    OTG_FS_WKUP_IRQHandler                   0x0800038b   Thumb Code     0  startup_stm32h750xx.o(.text)
    OTG_HS_EP1_IN_IRQHandler                 0x0800038b   Thumb Code     0  startup_stm32h750xx.o(.text)
    OTG_HS_EP1_OUT_IRQHandler                0x0800038b   Thumb Code     0  startup_stm32h750xx.o(.text)
    OTG_HS_IRQHandler                        0x0800038b   Thumb Code     0  startup_stm32h750xx.o(.text)
    OTG_HS_WKUP_IRQHandler                   0x0800038b   Thumb Code     0  startup_stm32h750xx.o(.text)
    PVD_AVD_IRQHandler                       0x0800038b   Thumb Code     0  startup_stm32h750xx.o(.text)
    QUADSPI_IRQHandler                       0x0800038b   Thumb Code     0  startup_stm32h750xx.o(.text)
    RCC_IRQHandler                           0x0800038b   Thumb Code     0  startup_stm32h750xx.o(.text)
    RTC_Alarm_IRQHandler                     0x0800038b   Thumb Code     0  startup_stm32h750xx.o(.text)
    RTC_WKUP_IRQHandler                      0x0800038b   Thumb Code     0  startup_stm32h750xx.o(.text)
    SAI1_IRQHandler                          0x0800038b   Thumb Code     0  startup_stm32h750xx.o(.text)
    SAI2_IRQHandler                          0x0800038b   Thumb Code     0  startup_stm32h750xx.o(.text)
    SAI3_IRQHandler                          0x0800038b   Thumb Code     0  startup_stm32h750xx.o(.text)
    SAI4_IRQHandler                          0x0800038b   Thumb Code     0  startup_stm32h750xx.o(.text)
    SDMMC1_IRQHandler                        0x0800038b   Thumb Code     0  startup_stm32h750xx.o(.text)
    SDMMC2_IRQHandler                        0x0800038b   Thumb Code     0  startup_stm32h750xx.o(.text)
    SPDIF_RX_IRQHandler                      0x0800038b   Thumb Code     0  startup_stm32h750xx.o(.text)
    SPI1_IRQHandler                          0x0800038b   Thumb Code     0  startup_stm32h750xx.o(.text)
    SPI2_IRQHandler                          0x0800038b   Thumb Code     0  startup_stm32h750xx.o(.text)
    SPI3_IRQHandler                          0x0800038b   Thumb Code     0  startup_stm32h750xx.o(.text)
    SPI4_IRQHandler                          0x0800038b   Thumb Code     0  startup_stm32h750xx.o(.text)
    SPI5_IRQHandler                          0x0800038b   Thumb Code     0  startup_stm32h750xx.o(.text)
    SPI6_IRQHandler                          0x0800038b   Thumb Code     0  startup_stm32h750xx.o(.text)
    SWPMI1_IRQHandler                        0x0800038b   Thumb Code     0  startup_stm32h750xx.o(.text)
    TAMP_STAMP_IRQHandler                    0x0800038b   Thumb Code     0  startup_stm32h750xx.o(.text)
    TIM15_IRQHandler                         0x0800038b   Thumb Code     0  startup_stm32h750xx.o(.text)
    TIM16_IRQHandler                         0x0800038b   Thumb Code     0  startup_stm32h750xx.o(.text)
    TIM17_IRQHandler                         0x0800038b   Thumb Code     0  startup_stm32h750xx.o(.text)
    TIM1_BRK_IRQHandler                      0x0800038b   Thumb Code     0  startup_stm32h750xx.o(.text)
    TIM1_CC_IRQHandler                       0x0800038b   Thumb Code     0  startup_stm32h750xx.o(.text)
    TIM1_TRG_COM_IRQHandler                  0x0800038b   Thumb Code     0  startup_stm32h750xx.o(.text)
    TIM2_IRQHandler                          0x0800038b   Thumb Code     0  startup_stm32h750xx.o(.text)
    TIM3_IRQHandler                          0x0800038b   Thumb Code     0  startup_stm32h750xx.o(.text)
    TIM4_IRQHandler                          0x0800038b   Thumb Code     0  startup_stm32h750xx.o(.text)
    TIM5_IRQHandler                          0x0800038b   Thumb Code     0  startup_stm32h750xx.o(.text)
    TIM6_DAC_IRQHandler                      0x0800038b   Thumb Code     0  startup_stm32h750xx.o(.text)
    TIM7_IRQHandler                          0x0800038b   Thumb Code     0  startup_stm32h750xx.o(.text)
    TIM8_BRK_TIM12_IRQHandler                0x0800038b   Thumb Code     0  startup_stm32h750xx.o(.text)
    TIM8_CC_IRQHandler                       0x0800038b   Thumb Code     0  startup_stm32h750xx.o(.text)
    TIM8_TRG_COM_TIM14_IRQHandler            0x0800038b   Thumb Code     0  startup_stm32h750xx.o(.text)
    TIM8_UP_TIM13_IRQHandler                 0x0800038b   Thumb Code     0  startup_stm32h750xx.o(.text)
    UART4_IRQHandler                         0x0800038b   Thumb Code     0  startup_stm32h750xx.o(.text)
    UART5_IRQHandler                         0x0800038b   Thumb Code     0  startup_stm32h750xx.o(.text)
    UART7_IRQHandler                         0x0800038b   Thumb Code     0  startup_stm32h750xx.o(.text)
    UART8_IRQHandler                         0x0800038b   Thumb Code     0  startup_stm32h750xx.o(.text)
    USART1_IRQHandler                        0x0800038b   Thumb Code     0  startup_stm32h750xx.o(.text)
    USART2_IRQHandler                        0x0800038b   Thumb Code     0  startup_stm32h750xx.o(.text)
    USART6_IRQHandler                        0x0800038b   Thumb Code     0  startup_stm32h750xx.o(.text)
    WAKEUP_PIN_IRQHandler                    0x0800038b   Thumb Code     0  startup_stm32h750xx.o(.text)
    WWDG_IRQHandler                          0x0800038b   Thumb Code     0  startup_stm32h750xx.o(.text)
    __aeabi_uldivmod                         0x08000395   Thumb Code    98  uldiv.o(.text)
    __aeabi_memcpy                           0x080003f7   Thumb Code    36  memcpya.o(.text)
    __aeabi_memcpy4                          0x080003f7   Thumb Code     0  memcpya.o(.text)
    __aeabi_memcpy8                          0x080003f7   Thumb Code     0  memcpya.o(.text)
    __aeabi_memset                           0x0800041b   Thumb Code    14  memseta.o(.text)
    __aeabi_memset4                          0x0800041b   Thumb Code     0  memseta.o(.text)
    __aeabi_memset8                          0x0800041b   Thumb Code     0  memseta.o(.text)
    __aeabi_memclr                           0x08000429   Thumb Code     4  memseta.o(.text)
    __aeabi_memclr4                          0x08000429   Thumb Code     0  memseta.o(.text)
    __aeabi_memclr8                          0x08000429   Thumb Code     0  memseta.o(.text)
    memset                                   0x0800042d   Thumb Code    18  memseta.o(.text)
    __aeabi_llsl                             0x0800043f   Thumb Code    30  llshl.o(.text)
    _ll_shift_l                              0x0800043f   Thumb Code     0  llshl.o(.text)
    __aeabi_llsr                             0x0800045d   Thumb Code    32  llushr.o(.text)
    _ll_ushift_r                             0x0800045d   Thumb Code     0  llushr.o(.text)
    __I$use$fp                               0x0800047d   Thumb Code     0  iusefp.o(.text)
    _frem                                    0x0800047d   Thumb Code    82  frem.o(.text)
    __ARM_scalbn                             0x080004cf   Thumb Code    46  dscalb.o(.text)
    scalbn                                   0x080004cf   Thumb Code     0  dscalb.o(.text)
    __scatterload                            0x080004fd   Thumb Code    28  init.o(.text)
    __scatterload_rt2                        0x080004fd   Thumb Code     0  init.o(.text)
    _float_round                             0x08000521   Thumb Code    18  fepilogue.o(.text)
    _float_epilogue                          0x08000533   Thumb Code    92  fepilogue.o(.text)
    __decompress                             0x0800058f   Thumb Code     0  __dczerorl2.o(.text)
    __decompress1                            0x0800058f   Thumb Code    86  __dczerorl2.o(.text)
    arm_cos_f32                              0x080005e5   Thumb Code   144  arm_cos_f32.o(.text.arm_cos_f32)
    arm_mat_init_f32                         0x08000675   Thumb Code     8  arm_mat_init_f32.o(.text.arm_mat_init_f32)
    arm_mat_mult_f32                         0x0800067d   Thumb Code   304  arm_mat_mult_f32.o(.text.arm_mat_mult_f32)
    arm_mat_trans_f32                        0x080007ad   Thumb Code   180  arm_mat_trans_f32.o(.text.arm_mat_trans_f32)
    arm_sin_f32                              0x08000861   Thumb Code   140  arm_sin_f32.o(.text.arm_sin_f32)
    Assign_theta123456                       0x080008ed   Thumb Code   114  ik.o(i.Assign_theta123456)
    BusFault_Handler                         0x08000969   Thumb Code     2  stm32h7xx_it.o(i.BusFault_Handler)
    Contour_Position_Mode                    0x0800096b   Thumb Code    48  dstp_motor.o(i.Contour_Position_Mode)
    Control_Relay_Switch                     0x0800099d   Thumb Code    12  limit_switch.o(i.Control_Relay_Switch)
    DebugMon_Handler                         0x080009ad   Thumb Code     2  stm32h7xx_it.o(i.DebugMon_Handler)
    Error_Handler                            0x080009af   Thumb Code     4  main.o(i.Error_Handler)
    FDCAN1_IT0_IRQHandler                    0x080009b5   Thumb Code     6  stm32h7xx_it.o(i.FDCAN1_IT0_IRQHandler)
    FDCAN1_IT1_IRQHandler                    0x080009c1   Thumb Code     6  stm32h7xx_it.o(i.FDCAN1_IT1_IRQHandler)
    FDCAN_Filter_Config                      0x08000c11   Thumb Code   114  fdcan_fliter.o(i.FDCAN_Filter_Config)
    Follow_Position_Mode                     0x08000c8d   Thumb Code    48  dstp_motor.o(i.Follow_Position_Mode)
    HAL_DMA_Abort                            0x08000cbd   Thumb Code   836  stm32h7xx_hal_dma.o(i.HAL_DMA_Abort)
    HAL_DMA_Abort_IT                         0x0800101d   Thumb Code   602  stm32h7xx_hal_dma.o(i.HAL_DMA_Abort_IT)
    HAL_FDCAN_ActivateNotification           0x080012a1   Thumb Code   126  stm32h7xx_hal_fdcan.o(i.HAL_FDCAN_ActivateNotification)
    HAL_FDCAN_AddMessageToTxFifoQ            0x08001329   Thumb Code   102  stm32h7xx_hal_fdcan.o(i.HAL_FDCAN_AddMessageToTxFifoQ)
    HAL_FDCAN_ClockCalibrationCallback       0x0800138f   Thumb Code     2  stm32h7xx_hal_fdcan.o(i.HAL_FDCAN_ClockCalibrationCallback)
    HAL_FDCAN_ConfigFifoWatermark            0x08001391   Thumb Code    90  stm32h7xx_hal_fdcan.o(i.HAL_FDCAN_ConfigFifoWatermark)
    HAL_FDCAN_ConfigFilter                   0x080013eb   Thumb Code   126  stm32h7xx_hal_fdcan.o(i.HAL_FDCAN_ConfigFilter)
    HAL_FDCAN_ConfigGlobalFilter             0x08001469   Thumb Code    50  stm32h7xx_hal_fdcan.o(i.HAL_FDCAN_ConfigGlobalFilter)
    HAL_FDCAN_ConfigTxDelayCompensation      0x0800149b   Thumb Code    36  stm32h7xx_hal_fdcan.o(i.HAL_FDCAN_ConfigTxDelayCompensation)
    HAL_FDCAN_EnableTxDelayCompensation      0x080014bf   Thumb Code    38  stm32h7xx_hal_fdcan.o(i.HAL_FDCAN_EnableTxDelayCompensation)
    HAL_FDCAN_ErrorCallback                  0x080014e5   Thumb Code     2  stm32h7xx_hal_fdcan.o(i.HAL_FDCAN_ErrorCallback)
    HAL_FDCAN_ErrorStatusCallback            0x080014e7   Thumb Code     2  stm32h7xx_hal_fdcan.o(i.HAL_FDCAN_ErrorStatusCallback)
    HAL_FDCAN_GetRxMessage                   0x080014e9   Thumb Code   392  stm32h7xx_hal_fdcan.o(i.HAL_FDCAN_GetRxMessage)
    HAL_FDCAN_HighPriorityMessageCallback    0x08001675   Thumb Code     2  stm32h7xx_hal_fdcan.o(i.HAL_FDCAN_HighPriorityMessageCallback)
    HAL_FDCAN_IRQHandler                     0x08001679   Thumb Code   788  stm32h7xx_hal_fdcan.o(i.HAL_FDCAN_IRQHandler)
    HAL_FDCAN_Init                           0x08001999   Thumb Code   572  stm32h7xx_hal_fdcan.o(i.HAL_FDCAN_Init)
    HAL_FDCAN_MspInit                        0x08001bdd   Thumb Code   176  fdcan.o(i.HAL_FDCAN_MspInit)
    HAL_FDCAN_RxBufferNewMessageCallback     0x08001c99   Thumb Code     2  stm32h7xx_hal_fdcan.o(i.HAL_FDCAN_RxBufferNewMessageCallback)
    HAL_FDCAN_RxFifo0Callback                0x08001c9d   Thumb Code   314  fdcan_fliter.o(i.HAL_FDCAN_RxFifo0Callback)
    HAL_FDCAN_RxFifo1Callback                0x08001de5   Thumb Code     2  stm32h7xx_hal_fdcan.o(i.HAL_FDCAN_RxFifo1Callback)
    HAL_FDCAN_Start                          0x08001de7   Thumb Code    50  stm32h7xx_hal_fdcan.o(i.HAL_FDCAN_Start)
    HAL_FDCAN_TT_GlobalTimeCallback          0x08001e19   Thumb Code     2  stm32h7xx_hal_fdcan.o(i.HAL_FDCAN_TT_GlobalTimeCallback)
    HAL_FDCAN_TT_ScheduleSyncCallback        0x08001e1b   Thumb Code     2  stm32h7xx_hal_fdcan.o(i.HAL_FDCAN_TT_ScheduleSyncCallback)
    HAL_FDCAN_TT_StopWatchCallback           0x08001e1d   Thumb Code     2  stm32h7xx_hal_fdcan.o(i.HAL_FDCAN_TT_StopWatchCallback)
    HAL_FDCAN_TT_TimeMarkCallback            0x08001e1f   Thumb Code     2  stm32h7xx_hal_fdcan.o(i.HAL_FDCAN_TT_TimeMarkCallback)
    HAL_FDCAN_TimeoutOccurredCallback        0x08001e21   Thumb Code     2  stm32h7xx_hal_fdcan.o(i.HAL_FDCAN_TimeoutOccurredCallback)
    HAL_FDCAN_TimestampWraparoundCallback    0x08001e23   Thumb Code     2  stm32h7xx_hal_fdcan.o(i.HAL_FDCAN_TimestampWraparoundCallback)
    HAL_FDCAN_TxBufferAbortCallback          0x08001e25   Thumb Code     2  stm32h7xx_hal_fdcan.o(i.HAL_FDCAN_TxBufferAbortCallback)
    HAL_FDCAN_TxBufferCompleteCallback       0x08001e27   Thumb Code     2  stm32h7xx_hal_fdcan.o(i.HAL_FDCAN_TxBufferCompleteCallback)
    HAL_FDCAN_TxEventFifoCallback            0x08001e29   Thumb Code     2  stm32h7xx_hal_fdcan.o(i.HAL_FDCAN_TxEventFifoCallback)
    HAL_FDCAN_TxFifoEmptyCallback            0x08001e2b   Thumb Code     2  stm32h7xx_hal_fdcan.o(i.HAL_FDCAN_TxFifoEmptyCallback)
    HAL_GPIO_Init                            0x08001e2d   Thumb Code   506  stm32h7xx_hal_gpio.o(i.HAL_GPIO_Init)
    HAL_GPIO_ReadPin                         0x08002059   Thumb Code    10  stm32h7xx_hal_gpio.o(i.HAL_GPIO_ReadPin)
    HAL_GPIO_TogglePin                       0x08002063   Thumb Code    16  stm32h7xx_hal_gpio.o(i.HAL_GPIO_TogglePin)
    HAL_GPIO_WritePin                        0x08002073   Thumb Code    10  stm32h7xx_hal_gpio.o(i.HAL_GPIO_WritePin)
    HAL_GetREVID                             0x0800207d   Thumb Code     8  stm32h7xx_hal.o(i.HAL_GetREVID)
    HAL_GetTick                              0x08002089   Thumb Code     6  stm32h7xx_hal.o(i.HAL_GetTick)
    HAL_IncTick                              0x08002095   Thumb Code    12  stm32h7xx_hal.o(i.HAL_IncTick)
    HAL_Init                                 0x080020a5   Thumb Code    74  stm32h7xx_hal.o(i.HAL_Init)
    HAL_InitTick                             0x08002101   Thumb Code   110  stm32h7xx_hal_timebase_tim.o(i.HAL_InitTick)
    HAL_MPU_ConfigRegion                     0x08002185   Thumb Code    86  stm32h7xx_hal_cortex.o(i.HAL_MPU_ConfigRegion)
    HAL_MPU_Disable                          0x080021e1   Thumb Code    24  stm32h7xx_hal_cortex.o(i.HAL_MPU_Disable)
    HAL_MPU_Enable                           0x080021fd   Thumb Code    30  stm32h7xx_hal_cortex.o(i.HAL_MPU_Enable)
    HAL_MspInit                              0x08002221   Thumb Code    32  stm32h7xx_hal_msp.o(i.HAL_MspInit)
    HAL_NVIC_EnableIRQ                       0x08002245   Thumb Code    26  stm32h7xx_hal_cortex.o(i.HAL_NVIC_EnableIRQ)
    HAL_NVIC_SetPriority                     0x08002261   Thumb Code    60  stm32h7xx_hal_cortex.o(i.HAL_NVIC_SetPriority)
    HAL_NVIC_SetPriorityGrouping             0x080022a1   Thumb Code    28  stm32h7xx_hal_cortex.o(i.HAL_NVIC_SetPriorityGrouping)
    HAL_PWREx_ConfigSupply                   0x080022c5   Thumb Code    78  stm32h7xx_hal_pwr_ex.o(i.HAL_PWREx_ConfigSupply)
    HAL_RCCEx_GetD3PCLK1Freq                 0x08002319   Thumb Code    26  stm32h7xx_hal_rcc_ex.o(i.HAL_RCCEx_GetD3PCLK1Freq)
    HAL_RCCEx_GetPLL2ClockFreq               0x0800233d   Thumb Code   296  stm32h7xx_hal_rcc_ex.o(i.HAL_RCCEx_GetPLL2ClockFreq)
    HAL_RCCEx_GetPLL3ClockFreq               0x08002481   Thumb Code   296  stm32h7xx_hal_rcc_ex.o(i.HAL_RCCEx_GetPLL3ClockFreq)
    HAL_RCCEx_PeriphCLKConfig                0x080025c5   Thumb Code  2472  stm32h7xx_hal_rcc_ex.o(i.HAL_RCCEx_PeriphCLKConfig)
    HAL_RCC_ClockConfig                      0x08002f71   Thumb Code   580  stm32h7xx_hal_rcc.o(i.HAL_RCC_ClockConfig)
    HAL_RCC_GetClockConfig                   0x080031cd   Thumb Code    84  stm32h7xx_hal_rcc.o(i.HAL_RCC_GetClockConfig)
    HAL_RCC_GetHCLKFreq                      0x08003229   Thumb Code    52  stm32h7xx_hal_rcc.o(i.HAL_RCC_GetHCLKFreq)
    HAL_RCC_GetPCLK1Freq                     0x0800326d   Thumb Code    26  stm32h7xx_hal_rcc.o(i.HAL_RCC_GetPCLK1Freq)
    HAL_RCC_GetPCLK2Freq                     0x08003291   Thumb Code    26  stm32h7xx_hal_rcc.o(i.HAL_RCC_GetPCLK2Freq)
    HAL_RCC_GetSysClockFreq                  0x080032b5   Thumb Code   278  stm32h7xx_hal_rcc.o(i.HAL_RCC_GetSysClockFreq)
    HAL_RCC_OscConfig                        0x080033ed   Thumb Code  1410  stm32h7xx_hal_rcc.o(i.HAL_RCC_OscConfig)
    HAL_TIMEx_Break2Callback                 0x0800396f   Thumb Code     2  stm32h7xx_hal_tim_ex.o(i.HAL_TIMEx_Break2Callback)
    HAL_TIMEx_BreakCallback                  0x08003971   Thumb Code     2  stm32h7xx_hal_tim_ex.o(i.HAL_TIMEx_BreakCallback)
    HAL_TIMEx_CommutCallback                 0x08003973   Thumb Code     2  stm32h7xx_hal_tim_ex.o(i.HAL_TIMEx_CommutCallback)
    HAL_TIM_Base_Init                        0x08003975   Thumb Code    98  stm32h7xx_hal_tim.o(i.HAL_TIM_Base_Init)
    HAL_TIM_Base_MspInit                     0x080039d7   Thumb Code     2  stm32h7xx_hal_tim.o(i.HAL_TIM_Base_MspInit)
    HAL_TIM_Base_Start_IT                    0x080039d9   Thumb Code   106  stm32h7xx_hal_tim.o(i.HAL_TIM_Base_Start_IT)
    HAL_TIM_IC_CaptureCallback               0x08003a65   Thumb Code     2  stm32h7xx_hal_tim.o(i.HAL_TIM_IC_CaptureCallback)
    HAL_TIM_IRQHandler                       0x08003a67   Thumb Code   328  stm32h7xx_hal_tim.o(i.HAL_TIM_IRQHandler)
    HAL_TIM_OC_DelayElapsedCallback          0x08003baf   Thumb Code     2  stm32h7xx_hal_tim.o(i.HAL_TIM_OC_DelayElapsedCallback)
    HAL_TIM_PWM_PulseFinishedCallback        0x08003bb1   Thumb Code     2  stm32h7xx_hal_tim.o(i.HAL_TIM_PWM_PulseFinishedCallback)
    HAL_TIM_PeriodElapsedCallback            0x08003bb5   Thumb Code    14  main.o(i.HAL_TIM_PeriodElapsedCallback)
    HAL_TIM_TriggerCallback                  0x08003bc9   Thumb Code     2  stm32h7xx_hal_tim.o(i.HAL_TIM_TriggerCallback)
    HAL_UARTEx_DisableFifoMode               0x08003bcb   Thumb Code    64  stm32h7xx_hal_uart_ex.o(i.HAL_UARTEx_DisableFifoMode)
    HAL_UARTEx_RxEventCallback               0x08003c0b   Thumb Code     2  stm32h7xx_hal_uart.o(i.HAL_UARTEx_RxEventCallback)
    HAL_UARTEx_RxFifoFullCallback            0x08003c0d   Thumb Code     2  stm32h7xx_hal_uart_ex.o(i.HAL_UARTEx_RxFifoFullCallback)
    HAL_UARTEx_SetRxFifoThreshold            0x08003c0f   Thumb Code    76  stm32h7xx_hal_uart_ex.o(i.HAL_UARTEx_SetRxFifoThreshold)
    HAL_UARTEx_SetTxFifoThreshold            0x08003c5b   Thumb Code    76  stm32h7xx_hal_uart_ex.o(i.HAL_UARTEx_SetTxFifoThreshold)
    HAL_UARTEx_TxFifoEmptyCallback           0x08003ca7   Thumb Code     2  stm32h7xx_hal_uart_ex.o(i.HAL_UARTEx_TxFifoEmptyCallback)
    HAL_UARTEx_WakeupCallback                0x08003ca9   Thumb Code     2  stm32h7xx_hal_uart_ex.o(i.HAL_UARTEx_WakeupCallback)
    HAL_UART_ErrorCallback                   0x08003cab   Thumb Code     2  stm32h7xx_hal_uart.o(i.HAL_UART_ErrorCallback)
    HAL_UART_IRQHandler                      0x08003cad   Thumb Code   878  stm32h7xx_hal_uart.o(i.HAL_UART_IRQHandler)
    HAL_UART_Init                            0x08004035   Thumb Code   106  stm32h7xx_hal_uart.o(i.HAL_UART_Init)
    HAL_UART_MspInit                         0x080040a1   Thumb Code   138  usart.o(i.HAL_UART_MspInit)
    HAL_UART_TxCpltCallback                  0x08004139   Thumb Code     2  stm32h7xx_hal_uart.o(i.HAL_UART_TxCpltCallback)
    HardFault_Handler                        0x0800413b   Thumb Code     2  stm32h7xx_it.o(i.HardFault_Handler)
    IK                                       0x0800413d   Thumb Code   148  ik.o(i.IK)
    IK_matrix_init                           0x080041d5   Thumb Code   144  ik.o(i.IK_matrix_init)
    Led_start                                0x08004271   Thumb Code    22  led_task.o(i.Led_start)
    Linear_trajectory_ouput                  0x0800428d   Thumb Code   632  trace_plan.o(i.Linear_trajectory_ouput)
    Linear_trajectory_planning               0x08004515   Thumb Code   574  trace_plan.o(i.Linear_trajectory_planning)
    MX_FDCAN1_Init                           0x08004761   Thumb Code   120  fdcan.o(i.MX_FDCAN1_Init)
    MX_FREERTOS_Init                         0x080047e1   Thumb Code    32  freertos.o(i.MX_FREERTOS_Init)
    MX_GPIO_Init                             0x08004811   Thumb Code   198  gpio.o(i.MX_GPIO_Init)
    MX_USART3_UART_Init                      0x080048e9   Thumb Code    94  usart.o(i.MX_USART3_UART_Init)
    MemManage_Handler                        0x08004951   Thumb Code     2  stm32h7xx_it.o(i.MemManage_Handler)
    Motor_Control_start                      0x08004955   Thumb Code   192  motor_control_task.o(i.Motor_Control_start)
    Motor_mode_setting                       0x08004a21   Thumb Code    18  dstp_motor.o(i.Motor_mode_setting)
    Motor_start                              0x08004a33   Thumb Code    10  dstp_motor.o(i.Motor_start)
    Motor_stop                               0x08004a3d   Thumb Code    10  dstp_motor.o(i.Motor_stop)
    Multi_Axis_Synchronization               0x08004a47   Thumb Code    12  dstp_motor.o(i.Multi_Axis_Synchronization)
    NMI_Handler                              0x08004a53   Thumb Code     2  stm32h7xx_it.o(i.NMI_Handler)
    Quick_Stop_Motor                         0x08004a55   Thumb Code    10  dstp_motor.o(i.Quick_Stop_Motor)
    Read_Limit_Switch                        0x08004ca1   Thumb Code    80  limit_switch.o(i.Read_Limit_Switch)
    Relay_Motor                              0x08004cf9   Thumb Code    52  limit_switch.o(i.Relay_Motor)
    Set_Contour_Position                     0x08004d2d   Thumb Code    48  dstp_motor.o(i.Set_Contour_Position)
    Set_Contour_Speed                        0x08004d5d   Thumb Code    48  dstp_motor.o(i.Set_Contour_Speed)
    SysTick_Handler                          0x08004d8d   Thumb Code    26  cmsis_os2.o(i.SysTick_Handler)
    SystemClock_Config                       0x08004da9   Thumb Code   204  main.o(i.SystemClock_Config)
    SystemInit                               0x08004e81   Thumb Code   180  system_stm32h7xx.o(i.SystemInit)
    TIM1_UP_IRQHandler                       0x08004f5d   Thumb Code     6  stm32h7xx_it.o(i.TIM1_UP_IRQHandler)
    TIM_Base_SetConfig                       0x08004f69   Thumb Code   176  stm32h7xx_hal_tim.o(i.TIM_Base_SetConfig)
    Trace_run                                0x08005039   Thumb Code   468  trace_plan.o(i.Trace_run)
    UART_AdvFeatureConfig                    0x0800527d   Thumb Code   200  stm32h7xx_hal_uart.o(i.UART_AdvFeatureConfig)
    UART_CheckIdleState                      0x08005345   Thumb Code   170  stm32h7xx_hal_uart.o(i.UART_CheckIdleState)
    UART_SetConfig                           0x08005459   Thumb Code   876  stm32h7xx_hal_uart.o(i.UART_SetConfig)
    UART_WaitOnFlagUntilTimeout              0x08005805   Thumb Code   148  stm32h7xx_hal_uart.o(i.UART_WaitOnFlagUntilTimeout)
    USART3_IRQHandler                        0x08005899   Thumb Code     6  stm32h7xx_it.o(i.USART3_IRQHandler)
    UsageFault_Handler                       0x080058a5   Thumb Code     2  stm32h7xx_it.o(i.UsageFault_Handler)
    __ARM_fpclassify                         0x080058a7   Thumb Code    48  fpclassify.o(i.__ARM_fpclassify)
    __ARM_fpclassifyf                        0x080058d7   Thumb Code    38  fpclassifyf.o(i.__ARM_fpclassifyf)
    __hardfp_acos                            0x08005921   Thumb Code   422  acos.o(i.__hardfp_acos)
    __hardfp_asin                            0x08005b39   Thumb Code   432  asin.o(i.__hardfp_asin)
    __hardfp_atan                            0x08005d41   Thumb Code   402  atan.o(i.__hardfp_atan)
    __hardfp_atan2                           0x08005f41   Thumb Code   392  atan2.o(i.__hardfp_atan2)
    __hardfp_atan2f                          0x08006109   Thumb Code   594  atan2f.o(i.__hardfp_atan2f)
    __hardfp_fmodf                           0x080063bd   Thumb Code   176  fmodf.o(i.__hardfp_fmodf)
    __hardfp_pow                             0x08006471   Thumb Code  2140  pow.o(i.__hardfp_pow)
    __hardfp_sinf                            0x08006d69   Thumb Code   344  sinf.o(i.__hardfp_sinf)
    __hardfp_sqrt                            0x08006efd   Thumb Code   102  sqrt.o(i.__hardfp_sqrt)
    __kernel_poly                            0x08006f63   Thumb Code   112  poly.o(i.__kernel_poly)
    __mathlib_dbl_divzero                    0x08006fd9   Thumb Code    14  dunder.o(i.__mathlib_dbl_divzero)
    __mathlib_dbl_infnan                     0x08006ff9   Thumb Code     6  dunder.o(i.__mathlib_dbl_infnan)
    __mathlib_dbl_infnan2                    0x08006fff   Thumb Code     6  dunder.o(i.__mathlib_dbl_infnan2)
    __mathlib_dbl_invalid                    0x08007009   Thumb Code    10  dunder.o(i.__mathlib_dbl_invalid)
    __mathlib_dbl_overflow                   0x08007021   Thumb Code    10  dunder.o(i.__mathlib_dbl_overflow)
    __mathlib_dbl_underflow                  0x08007039   Thumb Code    10  dunder.o(i.__mathlib_dbl_underflow)
    __mathlib_flt_infnan                     0x08007051   Thumb Code     6  funder.o(i.__mathlib_flt_infnan)
    __mathlib_flt_infnan2                    0x08007057   Thumb Code     6  funder.o(i.__mathlib_flt_infnan2)
    __mathlib_flt_invalid                    0x0800705d   Thumb Code    10  funder.o(i.__mathlib_flt_invalid)
    __mathlib_flt_underflow                  0x0800706d   Thumb Code    10  funder.o(i.__mathlib_flt_underflow)
    __mathlib_rredf2                         0x0800707d   Thumb Code   316  rredf.o(i.__mathlib_rredf2)
    __scatterload_copy                       0x080071d1   Thumb Code    14  handlers.o(i.__scatterload_copy)
    __scatterload_null                       0x080071df   Thumb Code     2  handlers.o(i.__scatterload_null)
    __scatterload_zeroinit                   0x080071e1   Thumb Code    14  handlers.o(i.__scatterload_zeroinit)
    __set_errno                              0x080071f1   Thumb Code     6  errno.o(i.__set_errno)
    atan                                     0x080071fd   Thumb Code    16  atan.o(i.atan)
    calc_wrist_angles                        0x0800720d   Thumb Code   692  ik.o(i.calc_wrist_angles)
    compute_modified_dh_matrix               0x080074e5   Thumb Code   202  controler.o(i.compute_modified_dh_matrix)
    fabs                                     0x080075b5   Thumb Code    24  fabs.o(i.fabs)
    fdcanx_receive                           0x080075cd   Thumb Code    98  fdcan_fliter.o(i.fdcanx_receive)
    fdcanx_send_data                         0x08007631   Thumb Code   174  dstp_motor.o(i.fdcanx_send_data)
    forward_kinematics                       0x080076e5   Thumb Code   116  controler.o(i.forward_kinematics)
    main                                     0x08007769   Thumb Code   114  main.o(i.main)
    matrix_init                              0x080077dd   Thumb Code    96  controler.o(i.matrix_init)
    osDelay                                  0x08007849   Thumb Code    28  cmsis_os2.o(i.osDelay)
    osKernelInitialize                       0x08007865   Thumb Code    32  cmsis_os2.o(i.osKernelInitialize)
    osKernelStart                            0x08007889   Thumb Code    48  cmsis_os2.o(i.osKernelStart)
    osThreadNew                              0x080078c1   Thumb Code   144  cmsis_os2.o(i.osThreadNew)
    pvPortMalloc                             0x080080e9   Thumb Code   216  heap_4.o(i.pvPortMalloc)
    pxPortInitialiseStack                    0x080081c5   Thumb Code    42  port.o(i.pxPortInitialiseStack)
    solve_theta123                           0x080081f5   Thumb Code   532  ik.o(i.solve_theta123)
    sqrt                                     0x0800841d   Thumb Code   106  sqrt.o(i.sqrt)
    uxListRemove                             0x08008487   Thumb Code    38  list.o(i.uxListRemove)
    vApplicationGetIdleTaskMemory            0x080084ad   Thumb Code    18  cmsis_os2.o(i.vApplicationGetIdleTaskMemory)
    vApplicationGetTimerTaskMemory           0x080084c5   Thumb Code    20  cmsis_os2.o(i.vApplicationGetTimerTaskMemory)
    vListInitialise                          0x080084dd   Thumb Code    22  list.o(i.vListInitialise)
    vListInitialiseItem                      0x080084f3   Thumb Code     6  list.o(i.vListInitialiseItem)
    vListInsert                              0x080084f9   Thumb Code    48  list.o(i.vListInsert)
    vListInsertEnd                           0x08008529   Thumb Code    24  list.o(i.vListInsertEnd)
    vPortEnterCritical                       0x08008541   Thumb Code    54  port.o(i.vPortEnterCritical)
    vPortExitCritical                        0x08008581   Thumb Code    34  port.o(i.vPortExitCritical)
    vPortFree                                0x080085a9   Thumb Code    94  heap_4.o(i.vPortFree)
    vPortSetupTimerInterrupt                 0x0800860d   Thumb Code    32  port.o(i.vPortSetupTimerInterrupt)
    vPortValidateInterruptPriority           0x08008631   Thumb Code    74  port.o(i.vPortValidateInterruptPriority)
    vQueueAddToRegistry                      0x08008685   Thumb Code    34  queue.o(i.vQueueAddToRegistry)
    vQueueWaitForMessageRestricted           0x080086ad   Thumb Code    68  queue.o(i.vQueueWaitForMessageRestricted)
    vTaskDelay                               0x080086f1   Thumb Code    66  tasks.o(i.vTaskDelay)
    vTaskDelayUntil                          0x0800873d   Thumb Code   132  tasks.o(i.vTaskDelayUntil)
    vTaskInternalSetTimeOutState             0x080087c9   Thumb Code    12  tasks.o(i.vTaskInternalSetTimeOutState)
    vTaskMissedYield                         0x080087d9   Thumb Code     8  tasks.o(i.vTaskMissedYield)
    vTaskPlaceOnEventList                    0x080087e5   Thumb Code    44  tasks.o(i.vTaskPlaceOnEventList)
    vTaskPlaceOnEventListRestricted          0x08008815   Thumb Code    52  tasks.o(i.vTaskPlaceOnEventListRestricted)
    vTaskStartScheduler                      0x0800884d   Thumb Code   118  tasks.o(i.vTaskStartScheduler)
    vTaskSuspendAll                          0x080088d5   Thumb Code    10  tasks.o(i.vTaskSuspendAll)
    vTaskSwitchContext                       0x080088e5   Thumb Code    90  tasks.o(i.vTaskSwitchContext)
    wrapToPi_f32                             0x08008949   Thumb Code    50  ik.o(i.wrapToPi_f32)
    xPortStartScheduler                      0x08008985   Thumb Code   222  port.o(i.xPortStartScheduler)
    xPortSysTickHandler                      0x08008a79   Thumb Code    38  port.o(i.xPortSysTickHandler)
    xQueueGenericCreateStatic                0x08008aa5   Thumb Code   102  queue.o(i.xQueueGenericCreateStatic)
    xQueueGenericReset                       0x08008b0d   Thumb Code   144  queue.o(i.xQueueGenericReset)
    xQueueGenericSend                        0x08008ba1   Thumb Code   346  queue.o(i.xQueueGenericSend)
    xQueueGenericSendFromISR                 0x08008d01   Thumb Code   190  queue.o(i.xQueueGenericSendFromISR)
    xQueueReceive                            0x08008dc1   Thumb Code   310  queue.o(i.xQueueReceive)
    xTaskCheckForTimeOut                     0x08008efd   Thumb Code   116  tasks.o(i.xTaskCheckForTimeOut)
    xTaskCreate                              0x08008f75   Thumb Code    90  tasks.o(i.xTaskCreate)
    xTaskCreateStatic                        0x08008fcf   Thumb Code    86  tasks.o(i.xTaskCreateStatic)
    xTaskGetSchedulerState                   0x08009025   Thumb Code    22  tasks.o(i.xTaskGetSchedulerState)
    xTaskGetTickCount                        0x08009041   Thumb Code     6  tasks.o(i.xTaskGetTickCount)
    xTaskIncrementTick                       0x0800904d   Thumb Code   192  tasks.o(i.xTaskIncrementTick)
    xTaskPriorityDisinherit                  0x08009115   Thumb Code   116  tasks.o(i.xTaskPriorityDisinherit)
    xTaskRemoveFromEventList                 0x08009191   Thumb Code   100  tasks.o(i.xTaskRemoveFromEventList)
    xTaskResumeAll                           0x08009201   Thumb Code   184  tasks.o(i.xTaskResumeAll)
    xTimerCreateTimerTask                    0x080092c5   Thumb Code    78  timers.o(i.xTimerCreateTimerTask)
    xTimerGenericCommand                     0x08009325   Thumb Code    98  timers.o(i.xTimerGenericCommand)
    Led_attributes                           0x0800938c   Data          36  freertos.o(.constdata)
    Motor_Control_attributes                 0x080093b0   Data          36  freertos.o(.constdata)
    UARTPrescTable                           0x08009430   Data          24  stm32h7xx_hal_uart.o(.constdata)
    D1CorePrescTable                         0x08009458   Data          16  system_stm32h7xx.o(.constdata)
    __mathlib_zero                           0x080096d8   Data           8  qnan.o(.constdata)
    sinTable_f32                             0x08009714   Data        2052  arm_common_tables.o(.rodata.sinTable_f32)
    Region$$Table$$Base                      0x08009f18   Number         0  anon$$obj.o(Region$$Table)
    Region$$Table$$Limit                     0x08009f38   Number         0  anon$$obj.o(Region$$Table)
    LedHandle                                0x24000000   Data           4  freertos.o(.data)
    Motor_ControlHandle                      0x24000004   Data           4  freertos.o(.data)
    uwTickFreq                               0x24000008   Data           1  stm32h7xx_hal.o(.data)
    uwTickPrio                               0x2400000c   Data           4  stm32h7xx_hal.o(.data)
    uwTick                                   0x24000010   Data           4  stm32h7xx_hal.o(.data)
    SystemCoreClock                          0x24000014   Data           4  system_stm32h7xx.o(.data)
    SystemD2Clock                            0x24000018   Data           4  system_stm32h7xx.o(.data)
    pxCurrentTCB                             0x2400001c   Data           4  tasks.o(.data)
    date_len                                 0x2400009c   Data           1  fdcan_fliter.o(.data)
    Limit_switch_state                       0x2400009d   Data           6  limit_switch.o(.data)
    stop_flag                                0x240000a4   Data           1  motor_control_task.o(.data)
    Motor_relay_position                     0x240000a8   Data          24  motor_control_task.o(.data)
    T_trans                                  0x240000c0   Data           8  controler.o(.data)
    T_temp                                   0x240000c8   Data           8  controler.o(.data)
    END_trans                                0x240000d0   Data           8  controler.o(.data)
    T_result                                 0x240000d8   Data           8  controler.o(.data)
    T_xyz_6                                  0x240000e0   Data           8  controler.o(.data)
    T_xyz_0                                  0x240000e8   Data           8  controler.o(.data)
    Cumulative_matrix                        0x240000f0   Data           8  controler.o(.data)
    dh_matrix                                0x240000f8   Data          96  controler.o(.data)
    end_trans                                0x24000158   Data          64  controler.o(.data)
    t_result                                 0x24000198   Data          64  controler.o(.data)
    t_xyz_6                                  0x240001d8   Data          64  controler.o(.data)
    t_xyz_0                                  0x24000218   Data          64  controler.o(.data)
    cumulative_matrix                        0x24000258   Data          64  controler.o(.data)
    real_motor_theta                         0x24000298   Data          24  controler.o(.data)
    T_temp_IK                                0x240002b0   Data           8  ik.o(.data)
    T0_3_MATRIX                              0x240002b8   Data           8  ik.o(.data)
    T3_4_MATRIX                              0x240002c0   Data           8  ik.o(.data)
    R0_3_MATRIX                              0x240002c8   Data           8  ik.o(.data)
    R3_4_MATRIX                              0x240002d0   Data           8  ik.o(.data)
    R0_E_MATRIX                              0x240002d8   Data           8  ik.o(.data)
    R0_E_T_MATRIX                            0x240002e0   Data           8  ik.o(.data)
    R0_6_MATRIX                              0x240002e8   Data           8  ik.o(.data)
    R_END_MATRIX                             0x240002f0   Data           8  ik.o(.data)
    flag                                     0x240002f8   Data           4  trace_plan.o(.data)
    alpha                                    0x24000300   Data           4  trace_plan.o(.data)
    beta                                     0x24000304   Data           4  trace_plan.o(.data)
    gamma                                    0x24000308   Data           4  trace_plan.o(.data)
    position_init                            0x24000378   Data          24  trace_plan.o(.data)
    position_end                             0x24000390   Data          24  trace_plan.o(.data)
    hfdcan1                                  0x240003ac   Data         160  fdcan.o(.bss)
    huart3                                   0x2400044c   Data         148  usart.o(.bss)
    htim1                                    0x240004e0   Data          76  stm32h7xx_hal_timebase_tim.o(.bss)
    xQueueRegistry                           0x2400052c   Data          64  queue.o(.bss)
    Read_datatest                            0x24004e00   Data          32  fdcan_fliter.o(.bss)
    read_data                                0x24004e20   Data          32  fdcan_fliter.o(.bss)
    sFilterConfig                            0x24004e40   Data          32  fdcan_fliter.o(.bss)
    Motor                                    0x24004e60   Data         216  fdcan_fliter.o(.bss)
    t_trans                                  0x24004f38   Data          64  controler.o(.bss)
    t_temp                                   0x24004f78   Data          64  controler.o(.bss)
    theta_0                                  0x24004fb8   Data          24  ik.o(.bss)
    t_temp_IK                                0x24004fd0   Data          64  ik.o(.bss)
    T0_3_matrix                              0x24005010   Data          64  ik.o(.bss)
    T3_4_matrix                              0x24005050   Data          64  ik.o(.bss)
    R0_3_matrix                              0x24005090   Data          36  ik.o(.bss)
    R3_4_matrix                              0x240050b4   Data          36  ik.o(.bss)
    R0_E_matrix                              0x240050d8   Data          36  ik.o(.bss)
    R0_E_T_matrix                            0x240050fc   Data          36  ik.o(.bss)
    R0_6_matrix                              0x24005120   Data          36  ik.o(.bss)
    R_end_matrix                             0x24005144   Data          36  ik.o(.bss)
    theta123_1                               0x24005168   Data          24  ik.o(.bss)
    theta123_2                               0x24005180   Data          24  ik.o(.bss)
    theta123_3                               0x24005198   Data          24  ik.o(.bss)
    theta123_4                               0x240051b0   Data          24  ik.o(.bss)
    theta456_1_1                             0x240051c8   Data          12  ik.o(.bss)
    theta456_1_2                             0x240051d4   Data          12  ik.o(.bss)
    theta456_2_1                             0x240051e0   Data          12  ik.o(.bss)
    theta456_2_2                             0x240051ec   Data          12  ik.o(.bss)
    theta456_3_1                             0x240051f8   Data          12  ik.o(.bss)
    theta456_3_2                             0x24005204   Data          12  ik.o(.bss)
    theta456_4_1                             0x24005210   Data          12  ik.o(.bss)
    theta456_4_2                             0x2400521c   Data          12  ik.o(.bss)
    theta123456                              0x24005228   Data         192  ik.o(.bss)
    temp_IK_theta                            0x240052e8   Data          24  trace_plan.o(.bss)
    theta123456_output                       0x24005300   Data          24  trace_plan.o(.bss)
    theta123456_output_end                   0x24005318   Data          24  trace_plan.o(.bss)
    Positon_output                           0x24005330   Data          48  trace_plan.o(.bss)
    temp_matrix                              0x24005360   Data          64  trace_plan.o(.bss)
    __initial_sp                             0x240057a0   Data           0  startup_stm32h750xx.o(STACK)



==============================================================================

Memory Map of the image

  Image Entry point : 0x08000299

  Load Region LR_IROM1 (Base: 0x08000000, Size: 0x0000a2e4, Max: 0x00020000, ABSOLUTE, COMPRESSED[0x00009fdc])

    Execution Region ER_IROM1 (Exec base: 0x08000000, Load base: 0x08000000, Size: 0x00009f38, Max: 0x00020000, ABSOLUTE)

    Exec Addr    Load Addr    Size         Type   Attr      Idx    E Section Name        Object

    0x08000000   0x08000000   0x00000298   Data   RO            3    RESET               startup_stm32h750xx.o
    0x08000298   0x08000298   0x00000000   Code   RO         7688  * .ARM.Collect$$$$00000000  mc_w.l(entry.o)
    0x08000298   0x08000298   0x00000004   Code   RO         7759    .ARM.Collect$$$$00000001  mc_w.l(entry2.o)
    0x0800029c   0x0800029c   0x00000004   Code   RO         7762    .ARM.Collect$$$$00000004  mc_w.l(entry5.o)
    0x080002a0   0x080002a0   0x00000000   Code   RO         7764    .ARM.Collect$$$$00000008  mc_w.l(entry7b.o)
    0x080002a0   0x080002a0   0x00000000   Code   RO         7766    .ARM.Collect$$$$0000000A  mc_w.l(entry8b.o)
    0x080002a0   0x080002a0   0x00000008   Code   RO         7767    .ARM.Collect$$$$0000000B  mc_w.l(entry9a.o)
    0x080002a8   0x080002a8   0x00000004   Code   RO         7774    .ARM.Collect$$$$0000000E  mc_w.l(entry12b.o)
    0x080002ac   0x080002ac   0x00000000   Code   RO         7769    .ARM.Collect$$$$0000000F  mc_w.l(entry10a.o)
    0x080002ac   0x080002ac   0x00000000   Code   RO         7771    .ARM.Collect$$$$00000011  mc_w.l(entry11a.o)
    0x080002ac   0x080002ac   0x00000004   Code   RO         7760    .ARM.Collect$$$$00002712  mc_w.l(entry2.o)
    0x080002b0   0x080002b0   0x000000be   Code   RO         6834    .emb_text           port.o
    0x0800036e   0x0800036e   0x00000002   PAD
    0x08000370   0x08000370   0x00000024   Code   RO            4    .text               startup_stm32h750xx.o
    0x08000394   0x08000394   0x00000062   Code   RO         7691    .text               mc_w.l(uldiv.o)
    0x080003f6   0x080003f6   0x00000024   Code   RO         7693    .text               mc_w.l(memcpya.o)
    0x0800041a   0x0800041a   0x00000024   Code   RO         7697    .text               mc_w.l(memseta.o)
    0x0800043e   0x0800043e   0x0000001e   Code   RO         7775    .text               mc_w.l(llshl.o)
    0x0800045c   0x0800045c   0x00000020   Code   RO         7777    .text               mc_w.l(llushr.o)
    0x0800047c   0x0800047c   0x00000000   Code   RO         7786    .text               mc_w.l(iusefp.o)
    0x0800047c   0x0800047c   0x00000052   Code   RO         7787    .text               mf_w.l(frem.o)
    0x080004ce   0x080004ce   0x0000002e   Code   RO         7789    .text               mf_w.l(dscalb.o)
    0x080004fc   0x080004fc   0x00000024   Code   RO         7791    .text               mc_w.l(init.o)
    0x08000520   0x08000520   0x0000006e   Code   RO         7793    .text               mf_w.l(fepilogue.o)
    0x0800058e   0x0800058e   0x00000056   Code   RO         7803    .text               mc_w.l(__dczerorl2.o)
    0x080005e4   0x080005e4   0x00000090   Code   RO         7443    .text.arm_cos_f32   arm_cortexM7lfdp_math.lib(arm_cos_f32.o)
    0x08000674   0x08000674   0x00000008   Code   RO         7463    .text.arm_mat_init_f32  arm_cortexM7lfdp_math.lib(arm_mat_init_f32.o)
    0x0800067c   0x0800067c   0x00000130   Code   RO         7472    .text.arm_mat_mult_f32  arm_cortexM7lfdp_math.lib(arm_mat_mult_f32.o)
    0x080007ac   0x080007ac   0x000000b4   Code   RO         7482    .text.arm_mat_trans_f32  arm_cortexM7lfdp_math.lib(arm_mat_trans_f32.o)
    0x08000860   0x08000860   0x0000008c   Code   RO         7453    .text.arm_sin_f32   arm_cortexM7lfdp_math.lib(arm_sin_f32.o)
    0x080008ec   0x080008ec   0x0000007c   Code   RO         7320    i.Assign_theta123456  ik.o
    0x08000968   0x08000968   0x00000002   Code   RO          421    i.BusFault_Handler  stm32h7xx_it.o
    0x0800096a   0x0800096a   0x00000030   Code   RO         6963    i.Contour_Position_Mode  dstp_motor.o
    0x0800099a   0x0800099a   0x00000002   PAD
    0x0800099c   0x0800099c   0x00000010   Code   RO         7116    i.Control_Relay_Switch  limit_switch.o
    0x080009ac   0x080009ac   0x00000002   Code   RO          422    i.DebugMon_Handler  stm32h7xx_it.o
    0x080009ae   0x080009ae   0x00000004   Code   RO           13    i.Error_Handler     main.o
    0x080009b2   0x080009b2   0x00000002   PAD
    0x080009b4   0x080009b4   0x0000000c   Code   RO          423    i.FDCAN1_IT0_IRQHandler  stm32h7xx_it.o
    0x080009c0   0x080009c0   0x0000000c   Code   RO          424    i.FDCAN1_IT1_IRQHandler  stm32h7xx_it.o
    0x080009cc   0x080009cc   0x000001c8   Code   RO         2956    i.FDCAN_CalcultateRamBlockAddresses  stm32h7xx_hal_fdcan.o
    0x08000b94   0x08000b94   0x0000007c   Code   RO         2957    i.FDCAN_CopyMessageToRAM  stm32h7xx_hal_fdcan.o
    0x08000c10   0x08000c10   0x0000007c   Code   RO         6914    i.FDCAN_Filter_Config  fdcan_fliter.o
    0x08000c8c   0x08000c8c   0x00000030   Code   RO         6964    i.Follow_Position_Mode  dstp_motor.o
    0x08000cbc   0x08000cbc   0x00000360   Code   RO         1344    i.HAL_DMA_Abort     stm32h7xx_hal_dma.o
    0x0800101c   0x0800101c   0x00000284   Code   RO         1345    i.HAL_DMA_Abort_IT  stm32h7xx_hal_dma.o
    0x080012a0   0x080012a0   0x00000088   Code   RO         2959    i.HAL_FDCAN_ActivateNotification  stm32h7xx_hal_fdcan.o
    0x08001328   0x08001328   0x00000066   Code   RO         2961    i.HAL_FDCAN_AddMessageToTxFifoQ  stm32h7xx_hal_fdcan.o
    0x0800138e   0x0800138e   0x00000002   Code   RO         2962    i.HAL_FDCAN_ClockCalibrationCallback  stm32h7xx_hal_fdcan.o
    0x08001390   0x08001390   0x0000005a   Code   RO         2965    i.HAL_FDCAN_ConfigFifoWatermark  stm32h7xx_hal_fdcan.o
    0x080013ea   0x080013ea   0x0000007e   Code   RO         2966    i.HAL_FDCAN_ConfigFilter  stm32h7xx_hal_fdcan.o
    0x08001468   0x08001468   0x00000032   Code   RO         2967    i.HAL_FDCAN_ConfigGlobalFilter  stm32h7xx_hal_fdcan.o
    0x0800149a   0x0800149a   0x00000024   Code   RO         2973    i.HAL_FDCAN_ConfigTxDelayCompensation  stm32h7xx_hal_fdcan.o
    0x080014be   0x080014be   0x00000026   Code   RO         2986    i.HAL_FDCAN_EnableTxDelayCompensation  stm32h7xx_hal_fdcan.o
    0x080014e4   0x080014e4   0x00000002   Code   RO         2988    i.HAL_FDCAN_ErrorCallback  stm32h7xx_hal_fdcan.o
    0x080014e6   0x080014e6   0x00000002   Code   RO         2989    i.HAL_FDCAN_ErrorStatusCallback  stm32h7xx_hal_fdcan.o
    0x080014e8   0x080014e8   0x0000018c   Code   RO         3000    i.HAL_FDCAN_GetRxMessage  stm32h7xx_hal_fdcan.o
    0x08001674   0x08001674   0x00000002   Code   RO         3006    i.HAL_FDCAN_HighPriorityMessageCallback  stm32h7xx_hal_fdcan.o
    0x08001676   0x08001676   0x00000002   PAD
    0x08001678   0x08001678   0x00000320   Code   RO         3007    i.HAL_FDCAN_IRQHandler  stm32h7xx_hal_fdcan.o
    0x08001998   0x08001998   0x00000244   Code   RO         3008    i.HAL_FDCAN_Init    stm32h7xx_hal_fdcan.o
    0x08001bdc   0x08001bdc   0x000000bc   Code   RO          320    i.HAL_FDCAN_MspInit  fdcan.o
    0x08001c98   0x08001c98   0x00000002   Code   RO         3017    i.HAL_FDCAN_RxBufferNewMessageCallback  stm32h7xx_hal_fdcan.o
    0x08001c9a   0x08001c9a   0x00000002   PAD
    0x08001c9c   0x08001c9c   0x00000148   Code   RO         6915    i.HAL_FDCAN_RxFifo0Callback  fdcan_fliter.o
    0x08001de4   0x08001de4   0x00000002   Code   RO         3019    i.HAL_FDCAN_RxFifo1Callback  stm32h7xx_hal_fdcan.o
    0x08001de6   0x08001de6   0x00000032   Code   RO         3020    i.HAL_FDCAN_Start   stm32h7xx_hal_fdcan.o
    0x08001e18   0x08001e18   0x00000002   Code   RO         3042    i.HAL_FDCAN_TT_GlobalTimeCallback  stm32h7xx_hal_fdcan.o
    0x08001e1a   0x08001e1a   0x00000002   Code   RO         3043    i.HAL_FDCAN_TT_ScheduleSyncCallback  stm32h7xx_hal_fdcan.o
    0x08001e1c   0x08001e1c   0x00000002   Code   RO         3048    i.HAL_FDCAN_TT_StopWatchCallback  stm32h7xx_hal_fdcan.o
    0x08001e1e   0x08001e1e   0x00000002   Code   RO         3049    i.HAL_FDCAN_TT_TimeMarkCallback  stm32h7xx_hal_fdcan.o
    0x08001e20   0x08001e20   0x00000002   Code   RO         3050    i.HAL_FDCAN_TimeoutOccurredCallback  stm32h7xx_hal_fdcan.o
    0x08001e22   0x08001e22   0x00000002   Code   RO         3051    i.HAL_FDCAN_TimestampWraparoundCallback  stm32h7xx_hal_fdcan.o
    0x08001e24   0x08001e24   0x00000002   Code   RO         3052    i.HAL_FDCAN_TxBufferAbortCallback  stm32h7xx_hal_fdcan.o
    0x08001e26   0x08001e26   0x00000002   Code   RO         3053    i.HAL_FDCAN_TxBufferCompleteCallback  stm32h7xx_hal_fdcan.o
    0x08001e28   0x08001e28   0x00000002   Code   RO         3054    i.HAL_FDCAN_TxEventFifoCallback  stm32h7xx_hal_fdcan.o
    0x08001e2a   0x08001e2a   0x00000002   Code   RO         3055    i.HAL_FDCAN_TxFifoEmptyCallback  stm32h7xx_hal_fdcan.o
    0x08001e2c   0x08001e2c   0x0000022c   Code   RO         1192    i.HAL_GPIO_Init     stm32h7xx_hal_gpio.o
    0x08002058   0x08002058   0x0000000a   Code   RO         1194    i.HAL_GPIO_ReadPin  stm32h7xx_hal_gpio.o
    0x08002062   0x08002062   0x00000010   Code   RO         1195    i.HAL_GPIO_TogglePin  stm32h7xx_hal_gpio.o
    0x08002072   0x08002072   0x0000000a   Code   RO         1196    i.HAL_GPIO_WritePin  stm32h7xx_hal_gpio.o
    0x0800207c   0x0800207c   0x0000000c   Code   RO         2064    i.HAL_GetREVID      stm32h7xx_hal.o
    0x08002088   0x08002088   0x0000000c   Code   RO         2065    i.HAL_GetTick       stm32h7xx_hal.o
    0x08002094   0x08002094   0x00000010   Code   RO         2071    i.HAL_IncTick       stm32h7xx_hal.o
    0x080020a4   0x080020a4   0x0000005c   Code   RO         2072    i.HAL_Init          stm32h7xx_hal.o
    0x08002100   0x08002100   0x00000084   Code   RO          527    i.HAL_InitTick      stm32h7xx_hal_timebase_tim.o
    0x08002184   0x08002184   0x0000005c   Code   RO          567    i.HAL_MPU_ConfigRegion  stm32h7xx_hal_cortex.o
    0x080021e0   0x080021e0   0x0000001c   Code   RO          568    i.HAL_MPU_Disable   stm32h7xx_hal_cortex.o
    0x080021fc   0x080021fc   0x00000024   Code   RO          570    i.HAL_MPU_Enable    stm32h7xx_hal_cortex.o
    0x08002220   0x08002220   0x00000024   Code   RO          503    i.HAL_MspInit       stm32h7xx_hal_msp.o
    0x08002244   0x08002244   0x0000001a   Code   RO          574    i.HAL_NVIC_EnableIRQ  stm32h7xx_hal_cortex.o
    0x0800225e   0x0800225e   0x00000002   PAD
    0x08002260   0x08002260   0x00000040   Code   RO          580    i.HAL_NVIC_SetPriority  stm32h7xx_hal_cortex.o
    0x080022a0   0x080022a0   0x00000024   Code   RO          581    i.HAL_NVIC_SetPriorityGrouping  stm32h7xx_hal_cortex.o
    0x080022c4   0x080022c4   0x00000054   Code   RO         1793    i.HAL_PWREx_ConfigSupply  stm32h7xx_hal_pwr_ex.o
    0x08002318   0x08002318   0x00000024   Code   RO          835    i.HAL_RCCEx_GetD3PCLK1Freq  stm32h7xx_hal_rcc_ex.o
    0x0800233c   0x0800233c   0x00000144   Code   RO          837    i.HAL_RCCEx_GetPLL2ClockFreq  stm32h7xx_hal_rcc_ex.o
    0x08002480   0x08002480   0x00000144   Code   RO          838    i.HAL_RCCEx_GetPLL3ClockFreq  stm32h7xx_hal_rcc_ex.o
    0x080025c4   0x080025c4   0x000009ac   Code   RO          844    i.HAL_RCCEx_PeriphCLKConfig  stm32h7xx_hal_rcc_ex.o
    0x08002f70   0x08002f70   0x0000025c   Code   RO          720    i.HAL_RCC_ClockConfig  stm32h7xx_hal_rcc.o
    0x080031cc   0x080031cc   0x0000005c   Code   RO          724    i.HAL_RCC_GetClockConfig  stm32h7xx_hal_rcc.o
    0x08003228   0x08003228   0x00000044   Code   RO          725    i.HAL_RCC_GetHCLKFreq  stm32h7xx_hal_rcc.o
    0x0800326c   0x0800326c   0x00000024   Code   RO          727    i.HAL_RCC_GetPCLK1Freq  stm32h7xx_hal_rcc.o
    0x08003290   0x08003290   0x00000024   Code   RO          728    i.HAL_RCC_GetPCLK2Freq  stm32h7xx_hal_rcc.o
    0x080032b4   0x080032b4   0x00000138   Code   RO          729    i.HAL_RCC_GetSysClockFreq  stm32h7xx_hal_rcc.o
    0x080033ec   0x080033ec   0x00000582   Code   RO          732    i.HAL_RCC_OscConfig  stm32h7xx_hal_rcc.o
    0x0800396e   0x0800396e   0x00000002   Code   RO         4290    i.HAL_TIMEx_Break2Callback  stm32h7xx_hal_tim_ex.o
    0x08003970   0x08003970   0x00000002   Code   RO         4291    i.HAL_TIMEx_BreakCallback  stm32h7xx_hal_tim_ex.o
    0x08003972   0x08003972   0x00000002   Code   RO         4292    i.HAL_TIMEx_CommutCallback  stm32h7xx_hal_tim_ex.o
    0x08003974   0x08003974   0x00000062   Code   RO         3576    i.HAL_TIM_Base_Init  stm32h7xx_hal_tim.o
    0x080039d6   0x080039d6   0x00000002   Code   RO         3578    i.HAL_TIM_Base_MspInit  stm32h7xx_hal_tim.o
    0x080039d8   0x080039d8   0x0000008c   Code   RO         3581    i.HAL_TIM_Base_Start_IT  stm32h7xx_hal_tim.o
    0x08003a64   0x08003a64   0x00000002   Code   RO         3610    i.HAL_TIM_IC_CaptureCallback  stm32h7xx_hal_tim.o
    0x08003a66   0x08003a66   0x00000148   Code   RO         3624    i.HAL_TIM_IRQHandler  stm32h7xx_hal_tim.o
    0x08003bae   0x08003bae   0x00000002   Code   RO         3627    i.HAL_TIM_OC_DelayElapsedCallback  stm32h7xx_hal_tim.o
    0x08003bb0   0x08003bb0   0x00000002   Code   RO         3654    i.HAL_TIM_PWM_PulseFinishedCallback  stm32h7xx_hal_tim.o
    0x08003bb2   0x08003bb2   0x00000002   PAD
    0x08003bb4   0x08003bb4   0x00000014   Code   RO           14    i.HAL_TIM_PeriodElapsedCallback  main.o
    0x08003bc8   0x08003bc8   0x00000002   Code   RO         3667    i.HAL_TIM_TriggerCallback  stm32h7xx_hal_tim.o
    0x08003bca   0x08003bca   0x00000040   Code   RO         5001    i.HAL_UARTEx_DisableFifoMode  stm32h7xx_hal_uart_ex.o
    0x08003c0a   0x08003c0a   0x00000002   Code   RO         4590    i.HAL_UARTEx_RxEventCallback  stm32h7xx_hal_uart.o
    0x08003c0c   0x08003c0c   0x00000002   Code   RO         5009    i.HAL_UARTEx_RxFifoFullCallback  stm32h7xx_hal_uart_ex.o
    0x08003c0e   0x08003c0e   0x0000004c   Code   RO         5010    i.HAL_UARTEx_SetRxFifoThreshold  stm32h7xx_hal_uart_ex.o
    0x08003c5a   0x08003c5a   0x0000004c   Code   RO         5011    i.HAL_UARTEx_SetTxFifoThreshold  stm32h7xx_hal_uart_ex.o
    0x08003ca6   0x08003ca6   0x00000002   Code   RO         5013    i.HAL_UARTEx_TxFifoEmptyCallback  stm32h7xx_hal_uart_ex.o
    0x08003ca8   0x08003ca8   0x00000002   Code   RO         5014    i.HAL_UARTEx_WakeupCallback  stm32h7xx_hal_uart_ex.o
    0x08003caa   0x08003caa   0x00000002   Code   RO         4606    i.HAL_UART_ErrorCallback  stm32h7xx_hal_uart.o
    0x08003cac   0x08003cac   0x00000388   Code   RO         4609    i.HAL_UART_IRQHandler  stm32h7xx_hal_uart.o
    0x08004034   0x08004034   0x0000006a   Code   RO         4610    i.HAL_UART_Init     stm32h7xx_hal_uart.o
    0x0800409e   0x0800409e   0x00000002   PAD
    0x080040a0   0x080040a0   0x00000098   Code   RO          380    i.HAL_UART_MspInit  usart.o
    0x08004138   0x08004138   0x00000002   Code   RO         4622    i.HAL_UART_TxCpltCallback  stm32h7xx_hal_uart.o
    0x0800413a   0x0800413a   0x00000002   Code   RO          425    i.HardFault_Handler  stm32h7xx_it.o
    0x0800413c   0x0800413c   0x00000098   Code   RO         7321    i.IK                ik.o
    0x080041d4   0x080041d4   0x0000009c   Code   RO         7322    i.IK_matrix_init    ik.o
    0x08004270   0x08004270   0x0000001c   Code   RO         7168    i.Led_start         led_task.o
    0x0800428c   0x0800428c   0x00000288   Code   RO         7387    i.Linear_trajectory_ouput  trace_plan.o
    0x08004514   0x08004514   0x0000024c   Code   RO         7388    i.Linear_trajectory_planning  trace_plan.o
    0x08004760   0x08004760   0x00000080   Code   RO          321    i.MX_FDCAN1_Init    fdcan.o
    0x080047e0   0x080047e0   0x00000030   Code   RO          271    i.MX_FREERTOS_Init  freertos.o
    0x08004810   0x08004810   0x000000d8   Code   RO          246    i.MX_GPIO_Init      gpio.o
    0x080048e8   0x080048e8   0x00000068   Code   RO          381    i.MX_USART3_UART_Init  usart.o
    0x08004950   0x08004950   0x00000002   Code   RO          426    i.MemManage_Handler  stm32h7xx_it.o
    0x08004952   0x08004952   0x00000002   PAD
    0x08004954   0x08004954   0x000000cc   Code   RO         7195    i.Motor_Control_start  motor_control_task.o
    0x08004a20   0x08004a20   0x00000012   Code   RO         6966    i.Motor_mode_setting  dstp_motor.o
    0x08004a32   0x08004a32   0x0000000a   Code   RO         6968    i.Motor_start       dstp_motor.o
    0x08004a3c   0x08004a3c   0x0000000a   Code   RO         6969    i.Motor_stop        dstp_motor.o
    0x08004a46   0x08004a46   0x0000000c   Code   RO         6970    i.Multi_Axis_Synchronization  dstp_motor.o
    0x08004a52   0x08004a52   0x00000002   Code   RO          427    i.NMI_Handler       stm32h7xx_it.o
    0x08004a54   0x08004a54   0x0000000a   Code   RO         6971    i.Quick_Stop_Motor  dstp_motor.o
    0x08004a5e   0x08004a5e   0x00000002   PAD
    0x08004a60   0x08004a60   0x00000120   Code   RO          847    i.RCCEx_PLL2_Config  stm32h7xx_hal_rcc_ex.o
    0x08004b80   0x08004b80   0x00000120   Code   RO          848    i.RCCEx_PLL3_Config  stm32h7xx_hal_rcc_ex.o
    0x08004ca0   0x08004ca0   0x00000058   Code   RO         7118    i.Read_Limit_Switch  limit_switch.o
    0x08004cf8   0x08004cf8   0x00000034   Code   RO         7119    i.Relay_Motor       limit_switch.o
    0x08004d2c   0x08004d2c   0x00000030   Code   RO         6977    i.Set_Contour_Position  dstp_motor.o
    0x08004d5c   0x08004d5c   0x00000030   Code   RO         6978    i.Set_Contour_Speed  dstp_motor.o
    0x08004d8c   0x08004d8c   0x0000001a   Code   RO         6266    i.SysTick_Handler   cmsis_os2.o
    0x08004da6   0x08004da6   0x00000002   PAD
    0x08004da8   0x08004da8   0x000000d8   Code   RO           15    i.SystemClock_Config  main.o
    0x08004e80   0x08004e80   0x000000dc   Code   RO         5120    i.SystemInit        system_stm32h7xx.o
    0x08004f5c   0x08004f5c   0x0000000c   Code   RO          428    i.TIM1_UP_IRQHandler  stm32h7xx_it.o
    0x08004f68   0x08004f68   0x000000d0   Code   RO         3669    i.TIM_Base_SetConfig  stm32h7xx_hal_tim.o
    0x08005038   0x08005038   0x00000200   Code   RO         7389    i.Trace_run         trace_plan.o
    0x08005238   0x08005238   0x00000044   Code   RO         5015    i.UARTEx_SetNbDataToProcess  stm32h7xx_hal_uart_ex.o
    0x0800527c   0x0800527c   0x000000c8   Code   RO         4624    i.UART_AdvFeatureConfig  stm32h7xx_hal_uart.o
    0x08005344   0x08005344   0x000000aa   Code   RO         4625    i.UART_CheckIdleState  stm32h7xx_hal_uart.o
    0x080053ee   0x080053ee   0x00000014   Code   RO         4626    i.UART_DMAAbortOnError  stm32h7xx_hal_uart.o
    0x08005402   0x08005402   0x00000002   PAD
    0x08005404   0x08005404   0x00000054   Code   RO         4636    i.UART_EndRxTransfer  stm32h7xx_hal_uart.o
    0x08005458   0x08005458   0x000003ac   Code   RO         4642    i.UART_SetConfig    stm32h7xx_hal_uart.o
    0x08005804   0x08005804   0x00000094   Code   RO         4649    i.UART_WaitOnFlagUntilTimeout  stm32h7xx_hal_uart.o
    0x08005898   0x08005898   0x0000000c   Code   RO          429    i.USART3_IRQHandler  stm32h7xx_it.o
    0x080058a4   0x080058a4   0x00000002   Code   RO          430    i.UsageFault_Handler  stm32h7xx_it.o
    0x080058a6   0x080058a6   0x00000030   Code   RO         7735    i.__ARM_fpclassify  m_wv.l(fpclassify.o)
    0x080058d6   0x080058d6   0x00000026   Code   RO         7737    i.__ARM_fpclassifyf  m_wv.l(fpclassifyf.o)
    0x080058fc   0x080058fc   0x00000022   Code   RO          587    i.__NVIC_SetPriority  stm32h7xx_hal_cortex.o
    0x0800591e   0x0800591e   0x00000002   PAD
    0x08005920   0x08005920   0x00000218   Code   RO         7586    i.__hardfp_acos     m_wv.l(acos.o)
    0x08005b38   0x08005b38   0x00000208   Code   RO         7600    i.__hardfp_asin     m_wv.l(asin.o)
    0x08005d40   0x08005d40   0x00000200   Code   RO         7701    i.__hardfp_atan     m_wv.l(atan.o)
    0x08005f40   0x08005f40   0x000001c8   Code   RO         7614    i.__hardfp_atan2    m_wv.l(atan2.o)
    0x08006108   0x08006108   0x000002b4   Code   RO         7626    i.__hardfp_atan2f   m_wv.l(atan2f.o)
    0x080063bc   0x080063bc   0x000000b0   Code   RO         7638    i.__hardfp_fmodf    m_wv.l(fmodf.o)
    0x0800646c   0x0800646c   0x00000004   PAD
    0x08006470   0x08006470   0x000008f8   Code   RO         7650    i.__hardfp_pow      m_wv.l(pow.o)
    0x08006d68   0x08006d68   0x00000194   Code   RO         7664    i.__hardfp_sinf     m_wv.l(sinf.o)
    0x08006efc   0x08006efc   0x00000066   Code   RO         7676    i.__hardfp_sqrt     m_wv.l(sqrt.o)
    0x08006f62   0x08006f62   0x00000070   Code   RO         7753    i.__kernel_poly     m_wv.l(poly.o)
    0x08006fd2   0x08006fd2   0x00000006   PAD
    0x08006fd8   0x08006fd8   0x00000020   Code   RO         7715    i.__mathlib_dbl_divzero  m_wv.l(dunder.o)
    0x08006ff8   0x08006ff8   0x00000006   Code   RO         7716    i.__mathlib_dbl_infnan  m_wv.l(dunder.o)
    0x08006ffe   0x08006ffe   0x00000006   Code   RO         7717    i.__mathlib_dbl_infnan2  m_wv.l(dunder.o)
    0x08007004   0x08007004   0x00000004   PAD
    0x08007008   0x08007008   0x00000018   Code   RO         7718    i.__mathlib_dbl_invalid  m_wv.l(dunder.o)
    0x08007020   0x08007020   0x00000018   Code   RO         7719    i.__mathlib_dbl_overflow  m_wv.l(dunder.o)
    0x08007038   0x08007038   0x00000018   Code   RO         7721    i.__mathlib_dbl_underflow  m_wv.l(dunder.o)
    0x08007050   0x08007050   0x00000006   Code   RO         7740    i.__mathlib_flt_infnan  m_wv.l(funder.o)
    0x08007056   0x08007056   0x00000006   Code   RO         7741    i.__mathlib_flt_infnan2  m_wv.l(funder.o)
    0x0800705c   0x0800705c   0x00000010   Code   RO         7742    i.__mathlib_flt_invalid  m_wv.l(funder.o)
    0x0800706c   0x0800706c   0x00000010   Code   RO         7745    i.__mathlib_flt_underflow  m_wv.l(funder.o)
    0x0800707c   0x0800707c   0x00000154   Code   RO         7756    i.__mathlib_rredf2  m_wv.l(rredf.o)
    0x080071d0   0x080071d0   0x0000000e   Code   RO         7797    i.__scatterload_copy  mc_w.l(handlers.o)
    0x080071de   0x080071de   0x00000002   Code   RO         7798    i.__scatterload_null  mc_w.l(handlers.o)
    0x080071e0   0x080071e0   0x0000000e   Code   RO         7799    i.__scatterload_zeroinit  mc_w.l(handlers.o)
    0x080071ee   0x080071ee   0x00000002   PAD
    0x080071f0   0x080071f0   0x0000000c   Code   RO         7781    i.__set_errno       mc_w.l(errno.o)
    0x080071fc   0x080071fc   0x00000010   Code   RO         7703    i.atan              m_wv.l(atan.o)
    0x0800720c   0x0800720c   0x000002d8   Code   RO         7323    i.calc_wrist_angles  ik.o
    0x080074e4   0x080074e4   0x000000d0   Code   RO         7257    i.compute_modified_dh_matrix  controler.o
    0x080075b4   0x080075b4   0x00000018   Code   RO         7731    i.fabs              m_wv.l(fabs.o)
    0x080075cc   0x080075cc   0x00000062   Code   RO         6916    i.fdcanx_receive    fdcan_fliter.o
    0x0800762e   0x0800762e   0x00000002   PAD
    0x08007630   0x08007630   0x000000b4   Code   RO         6983    i.fdcanx_send_data  dstp_motor.o
    0x080076e4   0x080076e4   0x00000084   Code   RO         7259    i.forward_kinematics  controler.o
    0x08007768   0x08007768   0x00000072   Code   RO           17    i.main              main.o
    0x080077da   0x080077da   0x00000002   PAD
    0x080077dc   0x080077dc   0x0000006c   Code   RO         7261    i.matrix_init       controler.o
    0x08007848   0x08007848   0x0000001c   Code   RO         6268    i.osDelay           cmsis_os2.o
    0x08007864   0x08007864   0x00000024   Code   RO         6282    i.osKernelInitialize  cmsis_os2.o
    0x08007888   0x08007888   0x00000038   Code   RO         6285    i.osKernelStart     cmsis_os2.o
    0x080078c0   0x080078c0   0x00000090   Code   RO         6327    i.osThreadNew       cmsis_os2.o
    0x08007950   0x08007950   0x0000005c   Code   RO         5727    i.prvAddCurrentTaskToDelayedList  tasks.o
    0x080079ac   0x080079ac   0x000000d0   Code   RO         5728    i.prvAddNewTaskToReadyList  tasks.o
    0x08007a7c   0x08007a7c   0x00000058   Code   RO         6092    i.prvCheckForValidListAndQueue  timers.o
    0x08007ad4   0x08007ad4   0x00000026   Code   RO         5324    i.prvCopyDataFromQueue  queue.o
    0x08007afa   0x08007afa   0x0000006c   Code   RO         5325    i.prvCopyDataToQueue  queue.o
    0x08007b66   0x08007b66   0x00000034   Code   RO         5729    i.prvDeleteTCB      tasks.o
    0x08007b9a   0x08007b9a   0x00000002   PAD
    0x08007b9c   0x08007b9c   0x00000050   Code   RO         6779    i.prvHeapInit       heap_4.o
    0x08007bec   0x08007bec   0x00000060   Code   RO         5730    i.prvIdleTask       tasks.o
    0x08007c4c   0x08007c4c   0x00000022   Code   RO         5327    i.prvInitialiseNewQueue  queue.o
    0x08007c6e   0x08007c6e   0x000000b0   Code   RO         5731    i.prvInitialiseNewTask  tasks.o
    0x08007d1e   0x08007d1e   0x00000002   PAD
    0x08007d20   0x08007d20   0x0000004c   Code   RO         6780    i.prvInsertBlockIntoFreeList  heap_4.o
    0x08007d6c   0x08007d6c   0x0000003c   Code   RO         6094    i.prvInsertTimerInActiveList  timers.o
    0x08007da8   0x08007da8   0x0000001c   Code   RO         5328    i.prvIsQueueEmpty   queue.o
    0x08007dc4   0x08007dc4   0x000000f8   Code   RO         6095    i.prvProcessReceivedCommands  timers.o
    0x08007ebc   0x08007ebc   0x000000c0   Code   RO         6096    i.prvProcessTimerOrBlockTask  timers.o
    0x08007f7c   0x08007f7c   0x00000020   Code   RO         5733    i.prvResetNextTaskUnblockTime  tasks.o
    0x08007f9c   0x08007f9c   0x00000028   Code   RO         6097    i.prvSampleTimeNow  timers.o
    0x08007fc4   0x08007fc4   0x0000006c   Code   RO         6098    i.prvSwitchTimerLists  timers.o
    0x08008030   0x08008030   0x00000028   Code   RO         6835    i.prvTaskExitError  port.o
    0x08008058   0x08008058   0x00000024   Code   RO         6099    i.prvTimerTask      timers.o
    0x0800807c   0x0800807c   0x0000006a   Code   RO         5329    i.prvUnlockQueue    queue.o
    0x080080e6   0x080080e6   0x00000002   PAD
    0x080080e8   0x080080e8   0x000000dc   Code   RO         6781    i.pvPortMalloc      heap_4.o
    0x080081c4   0x080081c4   0x00000030   Code   RO         6836    i.pxPortInitialiseStack  port.o
    0x080081f4   0x080081f4   0x00000228   Code   RO         7324    i.solve_theta123    ik.o
    0x0800841c   0x0800841c   0x0000006a   Code   RO         7678    i.sqrt              m_wv.l(sqrt.o)
    0x08008486   0x08008486   0x00000026   Code   RO         5284    i.uxListRemove      list.o
    0x080084ac   0x080084ac   0x00000018   Code   RO         6339    i.vApplicationGetIdleTaskMemory  cmsis_os2.o
    0x080084c4   0x080084c4   0x00000018   Code   RO         6340    i.vApplicationGetTimerTaskMemory  cmsis_os2.o
    0x080084dc   0x080084dc   0x00000016   Code   RO         5285    i.vListInitialise   list.o
    0x080084f2   0x080084f2   0x00000006   Code   RO         5286    i.vListInitialiseItem  list.o
    0x080084f8   0x080084f8   0x00000030   Code   RO         5287    i.vListInsert       list.o
    0x08008528   0x08008528   0x00000018   Code   RO         5288    i.vListInsertEnd    list.o
    0x08008540   0x08008540   0x00000040   Code   RO         6838    i.vPortEnterCritical  port.o
    0x08008580   0x08008580   0x00000028   Code   RO         6839    i.vPortExitCritical  port.o
    0x080085a8   0x080085a8   0x00000064   Code   RO         6782    i.vPortFree         heap_4.o
    0x0800860c   0x0800860c   0x00000024   Code   RO         6840    i.vPortSetupTimerInterrupt  port.o
    0x08008630   0x08008630   0x00000054   Code   RO         6841    i.vPortValidateInterruptPriority  port.o
    0x08008684   0x08008684   0x00000028   Code   RO         5335    i.vQueueAddToRegistry  queue.o
    0x080086ac   0x080086ac   0x00000044   Code   RO         5339    i.vQueueWaitForMessageRestricted  queue.o
    0x080086f0   0x080086f0   0x0000004c   Code   RO         5746    i.vTaskDelay        tasks.o
    0x0800873c   0x0800873c   0x0000008c   Code   RO         5747    i.vTaskDelayUntil   tasks.o
    0x080087c8   0x080087c8   0x00000010   Code   RO         5751    i.vTaskInternalSetTimeOutState  tasks.o
    0x080087d8   0x080087d8   0x0000000c   Code   RO         5752    i.vTaskMissedYield  tasks.o
    0x080087e4   0x080087e4   0x00000030   Code   RO         5754    i.vTaskPlaceOnEventList  tasks.o
    0x08008814   0x08008814   0x00000038   Code   RO         5755    i.vTaskPlaceOnEventListRestricted  tasks.o
    0x0800884c   0x0800884c   0x00000088   Code   RO         5763    i.vTaskStartScheduler  tasks.o
    0x080088d4   0x080088d4   0x00000010   Code   RO         5765    i.vTaskSuspendAll   tasks.o
    0x080088e4   0x080088e4   0x00000064   Code   RO         5766    i.vTaskSwitchContext  tasks.o
    0x08008948   0x08008948   0x0000003c   Code   RO         7325    i.wrapToPi_f32      ik.o
    0x08008984   0x08008984   0x000000f4   Code   RO         6842    i.xPortStartScheduler  port.o
    0x08008a78   0x08008a78   0x0000002c   Code   RO         6843    i.xPortSysTickHandler  port.o
    0x08008aa4   0x08008aa4   0x00000066   Code   RO         5345    i.xQueueGenericCreateStatic  queue.o
    0x08008b0a   0x08008b0a   0x00000002   PAD
    0x08008b0c   0x08008b0c   0x00000094   Code   RO         5346    i.xQueueGenericReset  queue.o
    0x08008ba0   0x08008ba0   0x00000160   Code   RO         5347    i.xQueueGenericSend  queue.o
    0x08008d00   0x08008d00   0x000000be   Code   RO         5348    i.xQueueGenericSendFromISR  queue.o
    0x08008dbe   0x08008dbe   0x00000002   PAD
    0x08008dc0   0x08008dc0   0x0000013c   Code   RO         5357    i.xQueueReceive     queue.o
    0x08008efc   0x08008efc   0x00000078   Code   RO         5768    i.xTaskCheckForTimeOut  tasks.o
    0x08008f74   0x08008f74   0x0000005a   Code   RO         5769    i.xTaskCreate       tasks.o
    0x08008fce   0x08008fce   0x00000056   Code   RO         5770    i.xTaskCreateStatic  tasks.o
    0x08009024   0x08009024   0x0000001c   Code   RO         5774    i.xTaskGetSchedulerState  tasks.o
    0x08009040   0x08009040   0x0000000c   Code   RO         5775    i.xTaskGetTickCount  tasks.o
    0x0800904c   0x0800904c   0x000000c8   Code   RO         5777    i.xTaskIncrementTick  tasks.o
    0x08009114   0x08009114   0x0000007c   Code   RO         5780    i.xTaskPriorityDisinherit  tasks.o
    0x08009190   0x08009190   0x00000070   Code   RO         5782    i.xTaskRemoveFromEventList  tasks.o
    0x08009200   0x08009200   0x000000c4   Code   RO         5783    i.xTaskResumeAll    tasks.o
    0x080092c4   0x080092c4   0x00000060   Code   RO         6108    i.xTimerCreateTimerTask  timers.o
    0x08009324   0x08009324   0x00000068   Code   RO         6109    i.xTimerGenericCommand  timers.o
    0x0800938c   0x0800938c   0x00000048   Data   RO          273    .constdata          freertos.o
    0x080093d4   0x080093d4   0x0000005c   Data   RO         3056    .constdata          stm32h7xx_hal_fdcan.o
    0x08009430   0x08009430   0x00000018   Data   RO         4650    .constdata          stm32h7xx_hal_uart.o
    0x08009448   0x08009448   0x00000010   Data   RO         5016    .constdata          stm32h7xx_hal_uart_ex.o
    0x08009458   0x08009458   0x00000010   Data   RO         5121    .constdata          system_stm32h7xx.o
    0x08009468   0x08009468   0x00000080   Data   RO         7263    .constdata          controler.o
    0x080094e8   0x080094e8   0x00000030   Data   RO         7327    .constdata          ik.o
    0x08009518   0x08009518   0x00000050   Data   RO         7589    .constdata          m_wv.l(acos.o)
    0x08009568   0x08009568   0x00000050   Data   RO         7603    .constdata          m_wv.l(asin.o)
    0x080095b8   0x080095b8   0x00000088   Data   RO         7653    .constdata          m_wv.l(pow.o)
    0x08009640   0x08009640   0x00000098   Data   RO         7704    .constdata          m_wv.l(atan.o)
    0x080096d8   0x080096d8   0x00000008   Data   RO         7755    .constdata          m_wv.l(qnan.o)
    0x080096e0   0x080096e0   0x00000020   Data   RO         7757    .constdata          m_wv.l(rredf.o)
    0x08009700   0x08009700   0x00000012   Data   RO          274    .conststring        freertos.o
    0x08009712   0x08009712   0x00000002   PAD
    0x08009714   0x08009714   0x00000804   Data   RO         7578    .rodata.sinTable_f32  arm_cortexM7lfdp_math.lib(arm_common_tables.o)
    0x08009f18   0x08009f18   0x00000020   Data   RO         7795    Region$$Table       anon$$obj.o


    Execution Region RW_IRAM1 (Exec base: 0x20000000, Load base: 0x08009f38, Size: 0x00000000, Max: 0x00020000, ABSOLUTE)

    **** No section assigned to this execution region ****


    Execution Region RW_IRAM2 (Exec base: 0x24000000, Load base: 0x08009f38, Size: 0x000057a0, Max: 0x00080000, ABSOLUTE, COMPRESSED[0x000000a4])

    Exec Addr    Load Addr    Size         Type   Attr      Idx    E Section Name        Object

    0x24000000   COMPRESSED   0x00000008   Data   RW          275    .data               freertos.o
    0x24000008   COMPRESSED   0x0000000c   Data   RW         2094    .data               stm32h7xx_hal.o
    0x24000014   COMPRESSED   0x00000008   Data   RW         5122    .data               system_stm32h7xx.o
    0x2400001c   COMPRESSED   0x0000003c   Data   RW         5786    .data               tasks.o
    0x24000058   COMPRESSED   0x00000014   Data   RW         6117    .data               timers.o
    0x2400006c   COMPRESSED   0x00000004   Data   RW         6342    .data               cmsis_os2.o
    0x24000070   COMPRESSED   0x00000020   Data   RW         6788    .data               heap_4.o
    0x24000090   COMPRESSED   0x0000000c   Data   RW         6844    .data               port.o
    0x2400009c   COMPRESSED   0x00000001   Data   RW         6919    .data               fdcan_fliter.o
    0x2400009d   COMPRESSED   0x00000006   Data   RW         7120    .data               limit_switch.o
    0x240000a3   COMPRESSED   0x00000001   PAD
    0x240000a4   COMPRESSED   0x0000001c   Data   RW         7202    .data               motor_control_task.o
    0x240000c0   COMPRESSED   0x000001f0   Data   RW         7264    .data               controler.o
    0x240002b0   COMPRESSED   0x00000048   Data   RW         7329    .data               ik.o
    0x240002f8   COMPRESSED   0x000000b0   Data   RW         7392    .data               trace_plan.o
    0x240003a8   COMPRESSED   0x00000004   Data   RW         7782    .data               mc_w.l(errno.o)
    0x240003ac        -       0x000000a0   Zero   RW          322    .bss                fdcan.o
    0x2400044c        -       0x00000094   Zero   RW          382    .bss                usart.o
    0x240004e0        -       0x0000004c   Zero   RW          530    .bss                stm32h7xx_hal_timebase_tim.o
    0x2400052c        -       0x00000040   Zero   RW         5361    .bss                queue.o
    0x2400056c        -       0x000004c4   Zero   RW         5785    .bss                tasks.o
    0x24000a30        -       0x00000118   Zero   RW         6116    .bss                timers.o
    0x24000b48        -       0x000006b8   Zero   RW         6341    .bss                cmsis_os2.o
    0x24001200        -       0x00003c00   Zero   RW         6787    .bss                heap_4.o
    0x24004e00        -       0x00000138   Zero   RW         6917    .bss                fdcan_fliter.o
    0x24004f38        -       0x00000080   Zero   RW         7262    .bss                controler.o
    0x24004fb8        -       0x00000330   Zero   RW         7326    .bss                ik.o
    0x240052e8        -       0x000000b8   Zero   RW         7391    .bss                trace_plan.o
    0x240053a0        -       0x00000400   Zero   RW            1    STACK               startup_stm32h750xx.o


==============================================================================

Image component sizes


      Code (inc. data)   RO Data    RW Data    ZI Data      Debug   Object Name

       338         22          0          4       1720      71219   cmsis_os2.o
       448         34        128        496        128       3777   controler.o
       432         14          0          0          0       6897   dstp_motor.o
         0          0          0          0          0      19440   event_groups.o
       316         20          0          0        160       2055   fdcan.o
       550         54          0          1        312       4327   fdcan_fliter.o
        48         16         90          8          0       1455   freertos.o
       216         18          0          0          0       1143   gpio.o
       476         24          0         32      15360       5027   heap_4.o
      1772         92         48         72        816       8004   ik.o
        28          6          0          0          0        484   led_task.o
       156         12          0          6          0       2470   limit_switch.o
       138          0          0          0          0       3722   list.o
       354         18          0          0          0    1367056   main.o
       204         12          0         28          0       2363   motor_control_task.o
       790         84          0         12          0      11737   port.o
      1530         22          0          0         64      17704   queue.o
        36          8        664          0       1024        844   startup_stm32h750xx.o
       132         32          0         12          0      22157   stm32h7xx_hal.o
       316         28          0          0          0      41160   stm32h7xx_hal_cortex.o
      1508         70          0          0          0       3943   stm32h7xx_hal_dma.o
      3016         50         92          0          0      25012   stm32h7xx_hal_fdcan.o
       592         50          0          0          0       3660   stm32h7xx_hal_gpio.o
        36          4          0          0          0        966   stm32h7xx_hal_msp.o
        84          6          0          0          0        797   stm32h7xx_hal_pwr_ex.o
      2558        110          0          0          0       7949   stm32h7xx_hal_rcc.o
      3736        118          0          0          0       7953   stm32h7xx_hal_rcc_ex.o
       784         66          0          0          0       7768   stm32h7xx_hal_tim.o
         6          0          0          0          0       2348   stm32h7xx_hal_tim_ex.o
       132         22          0          0         76       1607   stm32h7xx_hal_timebase_tim.o
      2578        138         24          0          0      30124   stm32h7xx_hal_uart.o
       290          6         16          0          0       5590   stm32h7xx_hal_uart_ex.o
        60         24          0          0          0       4758   stm32h7xx_it.o
         0          0          0          0          0        384   stream_buffer.o
       220         40         16          8          0       1522   system_stm32h7xx.o
      2224        170          0         60       1220      28398   tasks.o
       972         84          0         20        280      32331   timers.o
      1748         74          0        176        184       5055   trace_plan.o
       256         24          0          0        148       1974   usart.o

    ----------------------------------------------------------------------
     29120       1572       1112        936      21492    1765180   Object Totals
         0          0         32          0          0          0   (incl. Generated)
        40          0          2          1          0          0   (incl. Padding)

    ----------------------------------------------------------------------

      Code (inc. data)   RO Data    RW Data    ZI Data      Debug   Library Member Name

         0          0       2052          0          0       4961   arm_common_tables.o
       144         12          0          0          0       1111   arm_cos_f32.o
         8          0          0          0          0        841   arm_mat_init_f32.o
       304          4          0          0          0       2362   arm_mat_mult_f32.o
       180          0          0          0          0       1862   arm_mat_trans_f32.o
       140         12          0          0          0       1098   arm_sin_f32.o
       536        114         80          0          0        256   acos.o
       520         88         80          0          0        252   asin.o
       528        110        152          0          0        348   atan.o
       456         64          0          0          0        188   atan2.o
       692         98          0          0          0        208   atan2f.o
       116         60          0          0          0        696   dunder.o
        24          0          0          0          0        124   fabs.o
       176          0          0          0          0        168   fmodf.o
        48          0          0          0          0        124   fpclassify.o
        38          0          0          0          0        116   fpclassifyf.o
        44         12          0          0          0        464   funder.o
       112          0          0          0          0        116   poly.o
      2296        304        136          0          0        320   pow.o
         0          0          8          0          0          0   qnan.o
       340         24         32          0          0        160   rredf.o
       404         60          0          0          0        212   sinf.o
       208          0          0          0          0        280   sqrt.o
        86          0          0          0          0          0   __dczerorl2.o
         0          0          0          0          0          0   entry.o
         0          0          0          0          0          0   entry10a.o
         0          0          0          0          0          0   entry11a.o
         4          0          0          0          0          0   entry12b.o
         8          4          0          0          0          0   entry2.o
         4          0          0          0          0          0   entry5.o
         0          0          0          0          0          0   entry7b.o
         0          0          0          0          0          0   entry8b.o
         8          4          0          0          0          0   entry9a.o
        12          6          0          4          0         68   errno.o
        30          0          0          0          0          0   handlers.o
        36          8          0          0          0         68   init.o
         0          0          0          0          0          0   iusefp.o
        30          0          0          0          0         68   llshl.o
        32          0          0          0          0         68   llushr.o
        36          0          0          0          0         68   memcpya.o
        36          0          0          0          0        108   memseta.o
        98          0          0          0          0         92   uldiv.o
        46          0          0          0          0         80   dscalb.o
       110          0          0          0          0        168   fepilogue.o
        82          0          0          0          0         96   frem.o

    ----------------------------------------------------------------------
      7988        984       2540          4          0      17151   Library Totals
        16          0          0          0          0          0   (incl. Padding)

    ----------------------------------------------------------------------

      Code (inc. data)   RO Data    RW Data    ZI Data      Debug   Library Name

       776         28       2052          0          0      12235   arm_cortexM7lfdp_math.lib
      6538        934        488          0          0       4032   m_wv.l
       420         22          0          4          0        540   mc_w.l
       238          0          0          0          0        344   mf_w.l

    ----------------------------------------------------------------------
      7988        984       2540          4          0      17151   Library Totals

    ----------------------------------------------------------------------

==============================================================================


      Code (inc. data)   RO Data    RW Data    ZI Data      Debug   

     37108       2556       3652        940      21492    1759287   Grand Totals
     37108       2556       3652        164      21492    1759287   ELF Image Totals (compressed)
     37108       2556       3652        164          0          0   ROM Totals

==============================================================================

    Total RO  Size (Code + RO Data)                40760 (  39.80kB)
    Total RW  Size (RW Data + ZI Data)             22432 (  21.91kB)
    Total ROM Size (Code + RO Data + RW Data)      40924 (  39.96kB)

==============================================================================

