Component: ARM Compiler 5.06 update 7 (build 960) Tool: armlink [4d3601]

==============================================================================

Section Cross References

    startup_stm32h750xx.o(RESET) refers to startup_stm32h750xx.o(STACK) for __initial_sp
    startup_stm32h750xx.o(RESET) refers to startup_stm32h750xx.o(.text) for Reset_Handler
    startup_stm32h750xx.o(RESET) refers to stm32h7xx_it.o(i.NMI_Handler) for NMI_Handler
    startup_stm32h750xx.o(RESET) refers to stm32h7xx_it.o(i.HardFault_Handler) for HardFault_Handler
    startup_stm32h750xx.o(RESET) refers to stm32h7xx_it.o(i.MemManage_Handler) for MemManage_Handler
    startup_stm32h750xx.o(RESET) refers to stm32h7xx_it.o(i.BusFault_Handler) for BusFault_Handler
    startup_stm32h750xx.o(RESET) refers to stm32h7xx_it.o(i.UsageFault_Handler) for UsageFault_Handler
    startup_stm32h750xx.o(RESET) refers to port.o(.emb_text) for SVC_Handler
    startup_stm32h750xx.o(RESET) refers to stm32h7xx_it.o(i.DebugMon_Handler) for DebugMon_Handler
    startup_stm32h750xx.o(RESET) refers to cmsis_os2.o(i.SysTick_Handler) for SysTick_Handler
    startup_stm32h750xx.o(RESET) refers to stm32h7xx_it.o(i.FDCAN1_IT0_IRQHandler) for FDCAN1_IT0_IRQHandler
    startup_stm32h750xx.o(RESET) refers to stm32h7xx_it.o(i.FDCAN1_IT1_IRQHandler) for FDCAN1_IT1_IRQHandler
    startup_stm32h750xx.o(RESET) refers to stm32h7xx_it.o(i.TIM1_UP_IRQHandler) for TIM1_UP_IRQHandler
    startup_stm32h750xx.o(RESET) refers to stm32h7xx_it.o(i.USART3_IRQHandler) for USART3_IRQHandler
    startup_stm32h750xx.o(.text) refers to system_stm32h7xx.o(i.SystemInit) for SystemInit
    startup_stm32h750xx.o(.text) refers to entry.o(.ARM.Collect$$$$00000000) for __main
    main.o(i.HAL_TIM_PeriodElapsedCallback) refers to stm32h7xx_hal.o(i.HAL_IncTick) for HAL_IncTick
    main.o(i.SystemClock_Config) refers to memseta.o(.text) for __aeabi_memclr4
    main.o(i.SystemClock_Config) refers to stm32h7xx_hal_pwr_ex.o(i.HAL_PWREx_ConfigSupply) for HAL_PWREx_ConfigSupply
    main.o(i.SystemClock_Config) refers to stm32h7xx_hal_rcc.o(i.HAL_RCC_OscConfig) for HAL_RCC_OscConfig
    main.o(i.SystemClock_Config) refers to stm32h7xx_hal_rcc.o(i.HAL_RCC_ClockConfig) for HAL_RCC_ClockConfig
    main.o(i.fputc) refers to stm32h7xx_hal_uart.o(i.HAL_UART_Transmit) for HAL_UART_Transmit
    main.o(i.fputc) refers to usart.o(.bss) for huart3
    main.o(i.main) refers to stm32h7xx_hal_cortex.o(i.HAL_MPU_Disable) for HAL_MPU_Disable
    main.o(i.main) refers to stm32h7xx_hal_cortex.o(i.HAL_MPU_ConfigRegion) for HAL_MPU_ConfigRegion
    main.o(i.main) refers to stm32h7xx_hal_cortex.o(i.HAL_MPU_Enable) for HAL_MPU_Enable
    main.o(i.main) refers to stm32h7xx_hal.o(i.HAL_Init) for HAL_Init
    main.o(i.main) refers to main.o(i.SystemClock_Config) for SystemClock_Config
    main.o(i.main) refers to gpio.o(i.MX_GPIO_Init) for MX_GPIO_Init
    main.o(i.main) refers to fdcan.o(i.MX_FDCAN1_Init) for MX_FDCAN1_Init
    main.o(i.main) refers to usart.o(i.MX_USART3_UART_Init) for MX_USART3_UART_Init
    main.o(i.main) refers to fdcan_fliter.o(i.FDCAN_Filter_Config) for FDCAN_Filter_Config
    main.o(i.main) refers to cmsis_os2.o(i.osKernelInitialize) for osKernelInitialize
    main.o(i.main) refers to freertos.o(i.MX_FREERTOS_Init) for MX_FREERTOS_Init
    main.o(i.main) refers to cmsis_os2.o(i.osKernelStart) for osKernelStart
    gpio.o(i.MX_GPIO_Init) refers to memseta.o(.text) for __aeabi_memclr4
    gpio.o(i.MX_GPIO_Init) refers to stm32h7xx_hal_gpio.o(i.HAL_GPIO_WritePin) for HAL_GPIO_WritePin
    gpio.o(i.MX_GPIO_Init) refers to stm32h7xx_hal_gpio.o(i.HAL_GPIO_Init) for HAL_GPIO_Init
    freertos.o(i.Led_start) refers to cmsis_os2.o(i.osDelay) for osDelay
    freertos.o(i.MX_FREERTOS_Init) refers to cmsis_os2.o(i.osThreadNew) for osThreadNew
    freertos.o(i.MX_FREERTOS_Init) refers to freertos.o(.constdata) for .constdata
    freertos.o(i.MX_FREERTOS_Init) refers to led_task.o(i.Led_start) for Led_start
    freertos.o(i.MX_FREERTOS_Init) refers to freertos.o(.data) for .data
    freertos.o(i.MX_FREERTOS_Init) refers to motor_control_task.o(i.Motor_Control_start) for Motor_Control_start
    freertos.o(i.Motor_Control_start) refers to cmsis_os2.o(i.osDelay) for osDelay
    freertos.o(.constdata) refers to freertos.o(.conststring) for .conststring
    fdcan.o(i.HAL_FDCAN_MspDeInit) refers to stm32h7xx_hal_gpio.o(i.HAL_GPIO_DeInit) for HAL_GPIO_DeInit
    fdcan.o(i.HAL_FDCAN_MspDeInit) refers to stm32h7xx_hal_cortex.o(i.HAL_NVIC_DisableIRQ) for HAL_NVIC_DisableIRQ
    fdcan.o(i.HAL_FDCAN_MspInit) refers to memseta.o(.text) for __aeabi_memclr4
    fdcan.o(i.HAL_FDCAN_MspInit) refers to stm32h7xx_hal_rcc_ex.o(i.HAL_RCCEx_PeriphCLKConfig) for HAL_RCCEx_PeriphCLKConfig
    fdcan.o(i.HAL_FDCAN_MspInit) refers to main.o(i.Error_Handler) for Error_Handler
    fdcan.o(i.HAL_FDCAN_MspInit) refers to stm32h7xx_hal_gpio.o(i.HAL_GPIO_Init) for HAL_GPIO_Init
[...]
    xTimerQueue                              0x24000058   Data           4  timers.o(.data)
    xTimerTaskHandle                         0x2400005c   Data           4  timers.o(.data)
    xLastTime                                0x24000060   Data           4  timers.o(.data)
    pxCurrentTimerList                       0x24000064   Data           4  timers.o(.data)
    pxOverflowTimerList                      0x24000068   Data           4  timers.o(.data)
    .data                                    0x2400006c   Section        4  cmsis_os2.o(.data)
    KernelState                              0x2400006c   Data           4  cmsis_os2.o(.data)
    .data                                    0x24000070   Section       32  heap_4.o(.data)
    pxEnd                                    0x24000070   Data           4  heap_4.o(.data)
    xFreeBytesRemaining                      0x24000074   Data           4  heap_4.o(.data)
    xMinimumEverFreeBytesRemaining           0x24000078   Data           4  heap_4.o(.data)
    xNumberOfSuccessfulAllocations           0x2400007c   Data           4  heap_4.o(.data)
    xNumberOfSuccessfulFrees                 0x24000080   Data           4  heap_4.o(.data)
    xBlockAllocatedBit                       0x24000084   Data           4  heap_4.o(.data)
    xStart                                   0x24000088   Data           8  heap_4.o(.data)
    .data                                    0x24000090   Section       12  port.o(.data)
    ucMaxSysCallPriority                     0x24000090   Data           1  port.o(.data)
    uxCriticalNesting                        0x24000094   Data           4  port.o(.data)
    ulMaxPRIGROUPValue                       0x24000098   Data           4  port.o(.data)
    .data                                    0x2400009c   Section        1  fdcan_fliter.o(.data)
    .data                                    0x2400009d   Section        6  limit_switch.o(.data)
    .data                                    0x240000a4   Section      496  controler.o(.data)
    .data                                    0x24000294   Section      176  ik.o(.data)
    .data                                    0x24000344   Section      192  trace_plan.o(.data)
    .data                                    0x24000404   Section        4  errno.o(.data)
    _errno                                   0x24000404   Data           4  errno.o(.data)
    .bss                                     0x24000408   Section      160  fdcan.o(.bss)
    .bss                                     0x240004a8   Section      148  usart.o(.bss)
    .bss                                     0x2400053c   Section       76  stm32h7xx_hal_timebase_tim.o(.bss)
    .bss                                     0x24000588   Section       64  queue.o(.bss)
    .bss                                     0x240005c8   Section     1220  tasks.o(.bss)
    pxReadyTasksLists                        0x240005c8   Data        1120  tasks.o(.bss)
    xDelayedTaskList1                        0x24000a28   Data          20  tasks.o(.bss)
    xDelayedTaskList2                        0x24000a3c   Data          20  tasks.o(.bss)
    xPendingReadyList                        0x24000a50   Data          20  tasks.o(.bss)
    xTasksWaitingTermination                 0x24000a64   Data          20  tasks.o(.bss)
    xSuspendedTaskList                       0x24000a78   Data          20  tasks.o(.bss)
    .bss                                     0x24000a8c   Section      280  timers.o(.bss)
    xStaticTimerQueue                        0x24000a8c   Data          80  timers.o(.bss)
    ucStaticTimerQueueStorage                0x24000adc   Data         160  timers.o(.bss)
    xActiveTimerList1                        0x24000b7c   Data          20  timers.o(.bss)
    xActiveTimerList2                        0x24000b90   Data          20  timers.o(.bss)
    .bss                                     0x24000ba4   Section     1720  cmsis_os2.o(.bss)
    Idle_TCB                                 0x24000ba4   Data          92  cmsis_os2.o(.bss)
    Idle_Stack                               0x24000c00   Data         512  cmsis_os2.o(.bss)
    Timer_TCB                                0x24000e00   Data          92  cmsis_os2.o(.bss)
    Timer_Stack                              0x24000e5c   Data        1024  cmsis_os2.o(.bss)
    .bss                                     0x2400125c   Section    15360  heap_4.o(.bss)
    ucHeap                                   0x2400125c   Data       15360  heap_4.o(.bss)
    .bss                                     0x24004e5c   Section      312  fdcan_fliter.o(.bss)
    .bss                                     0x24004f94   Section       24  motor_control_task.o(.bss)
    .bss                                     0x24004fac   Section      128  controler.o(.bss)
    .bss                                     0x2400502c   Section      880  ik.o(.bss)
    STACK                                    0x240053a0   Section     1024  startup_stm32h750xx.o(STACK)

    Global Symbols

    Symbol Name                              Value     Ov Type        Size  Object(Section)

    BuildAttributes$$THM_ISAv4$E$P$D$K$B$S$7EM$VFPv5_D16$PE$PLD8$A:L22UL41UL21$X:L11$S22US41US21$IEEE1$IW$USESV6$~STKCKD$USESV7$~SHL$OTIME$ROPI$IEEEX$EBA8$MICROLIB$REQ8$PRES8$EABIv2 0x00000000   Number         0  anon$$obj.o ABSOLUTE
    __ARM_use_no_argv                        0x00000000   Number         0  main.o ABSOLUTE
    __arm_fini_                               - Undefined Weak Reference
    __cpp_initialize__aeabi_                  - Undefined Weak Reference
    __cxa_finalize                            - Undefined Weak Reference
    _clock_init                               - Undefined Weak Reference
    _microlib_exit                            - Undefined Weak Reference
    __Vectors_Size                           0x00000298   Number         0  startup_stm32h750xx.o ABSOLUTE
    __Vectors                                0x08000000   Data           4  startup_stm32h750xx.o(RESET)
    __Vectors_End                            0x08000298   Data           0  startup_stm32h750xx.o(RESET)
    __main                                   0x08000299   Thumb Code     0  entry.o(.ARM.Collect$$$$00000000)
    _main_stk                                0x08000299   Thumb Code     0  entry2.o(.ARM.Collect$$$$00000001)
    _main_scatterload                        0x0800029d   Thumb Code     0  entry5.o(.ARM.Collect$$$$00000004)
    __main_after_scatterload                 0x080002a1   Thumb Code     0  entry5.o(.ARM.Collect$$$$00000004)
    _main_clock                              0x080002a1   Thumb Code     0  entry7b.o(.ARM.Collect$$$$00000008)
    _main_cpp_init                           0x080002a1   Thumb Code     0  entry8b.o(.ARM.Collect$$$$0000000A)
    _main_init                               0x080002a1   Thumb Code     0  entry9a.o(.ARM.Collect$$$$0000000B)
    __rt_lib_shutdown_fini                   0x080002a9   Thumb Code     0  entry12b.o(.ARM.Collect$$$$0000000E)
    __rt_final_cpp                           0x080002ad   Thumb Code     0  entry10a.o(.ARM.Collect$$$$0000000F)
    __rt_final_exit                          0x080002ad   Thumb Code     0  entry11a.o(.ARM.Collect$$$$00000011)
    SVC_Handler                              0x080002b1   Thumb Code    28  port.o(.emb_text)
    __asm___6_port_c_39a90d8d__prvStartFirstTask 0x080002d1   Thumb Code    36  port.o(.emb_text)
    __asm___6_port_c_39a90d8d__prvEnableVFP  0x080002f9   Thumb Code    16  port.o(.emb_text)
    PendSV_Handler                           0x0800030d   Thumb Code    88  port.o(.emb_text)
    vPortGetIPSR                             0x08000369   Thumb Code     6  port.o(.emb_text)
    Reset_Handler                            0x08000371   Thumb Code     8  startup_stm32h750xx.o(.text)
    ADC3_IRQHandler                          0x0800038b   Thumb Code     0  startup_stm32h750xx.o(.text)
    ADC_IRQHandler                           0x0800038b   Thumb Code     0  startup_stm32h750xx.o(.text)
    BDMA_Channel0_IRQHandler                 0x0800038b   Thumb Code     0  startup_stm32h750xx.o(.text)
    BDMA_Channel1_IRQHandler                 0x0800038b   Thumb Code     0  startup_stm32h750xx.o(.text)
    BDMA_Channel2_IRQHandler                 0x0800038b   Thumb Code     0  startup_stm32h750xx.o(.text)
    BDMA_Channel3_IRQHandler                 0x0800038b   Thumb Code     0  startup_stm32h750xx.o(.text)
    BDMA_Channel4_IRQHandler                 0x0800038b   Thumb Code     0  startup_stm32h750xx.o(.text)
    BDMA_Channel5_IRQHandler                 0x0800038b   Thumb Code     0  startup_stm32h750xx.o(.text)
    BDMA_Channel6_IRQHandler                 0x0800038b   Thumb Code     0  startup_stm32h750xx.o(.text)
    BDMA_Channel7_IRQHandler                 0x0800038b   Thumb Code     0  startup_stm32h750xx.o(.text)
    CEC_IRQHandler                           0x0800038b   Thumb Code     0  startup_stm32h750xx.o(.text)
    COMP1_IRQHandler                         0x0800038b   Thumb Code     0  startup_stm32h750xx.o(.text)
    CRS_IRQHandler                           0x0800038b   Thumb Code     0  startup_stm32h750xx.o(.text)
    CRYP_IRQHandler                          0x0800038b   Thumb Code     0  startup_stm32h750xx.o(.text)
    DCMI_IRQHandler                          0x0800038b   Thumb Code     0  startup_stm32h750xx.o(.text)
    DFSDM1_FLT0_IRQHandler                   0x0800038b   Thumb Code     0  startup_stm32h750xx.o(.text)
    DFSDM1_FLT1_IRQHandler                   0x0800038b   Thumb Code     0  startup_stm32h750xx.o(.text)
    DFSDM1_FLT2_IRQHandler                   0x0800038b   Thumb Code     0  startup_stm32h750xx.o(.text)
    DFSDM1_FLT3_IRQHandler                   0x0800038b   Thumb Code     0  startup_stm32h750xx.o(.text)
    DMA1_Stream0_IRQHandler                  0x0800038b   Thumb Code     0  startup_stm32h750xx.o(.text)
    DMA1_Stream1_IRQHandler                  0x0800038b   Thumb Code     0  startup_stm32h750xx.o(.text)
    DMA1_Stream2_IRQHandler                  0x0800038b   Thumb Code     0  startup_stm32h750xx.o(.text)
    DMA1_Stream3_IRQHandler                  0x0800038b   Thumb Code     0  startup_stm32h750xx.o(.text)
    DMA1_Stream4_IRQHandler                  0x0800038b   Thumb Code     0  startup_stm32h750xx.o(.text)
    DMA1_Stream5_IRQHandler                  0x0800038b   Thumb Code     0  startup_stm32h750xx.o(.text)
    DMA1_Stream6_IRQHandler                  0x0800038b   Thumb Code     0  startup_stm32h750xx.o(.text)
    DMA1_Stream7_IRQHandler                  0x0800038b   Thumb Code     0  startup_stm32h750xx.o(.text)
    DMA2D_IRQHandler                         0x0800038b   Thumb Code     0  startup_stm32h750xx.o(.text)
    DMA2_Stream0_IRQHandler                  0x0800038b   Thumb Code     0  startup_stm32h750xx.o(.text)
    DMA2_Stream1_IRQHandler                  0x0800038b   Thumb Code     0  startup_stm32h750xx.o(.text)
    DMA2_Stream2_IRQHandler                  0x0800038b   Thumb Code     0  startup_stm32h750xx.o(.text)
    DMA2_Stream3_IRQHandler                  0x0800038b   Thumb Code     0  startup_stm32h750xx.o(.text)
    DMA2_Stream4_IRQHandler                  0x0800038b   Thumb Code     0  startup_stm32h750xx.o(.text)
    DMA2_Stream5_IRQHandler                  0x0800038b   Thumb Code     0  startup_stm32h750xx.o(.text)
    DMA2_Stream6_IRQHandler                  0x0800038b   Thumb Code     0  startup_stm32h750xx.o(.text)
    DMA2_Stream7_IRQHandler                  0x0800038b   Thumb Code     0  startup_stm32h750xx.o(.text)
    DMAMUX1_OVR_IRQHandler                   0x0800038b   Thumb Code     0  startup_stm32h750xx.o(.text)
    DMAMUX2_OVR_IRQHandler                   0x0800038b   Thumb Code     0  startup_stm32h750xx.o(.text)
    ECC_IRQHandler                           0x0800038b   Thumb Code     0  startup_stm32h750xx.o(.text)
    ETH_IRQHandler                           0x0800038b   Thumb Code     0  startup_stm32h750xx.o(.text)
    ETH_WKUP_IRQHandler                      0x0800038b   Thumb Code     0  startup_stm32h750xx.o(.text)
    EXTI0_IRQHandler                         0x0800038b   Thumb Code     0  startup_stm32h750xx.o(.text)
    EXTI15_10_IRQHandler                     0x0800038b   Thumb Code     0  startup_stm32h750xx.o(.text)
    EXTI1_IRQHandler                         0x0800038b   Thumb Code     0  startup_stm32h750xx.o(.text)
    EXTI2_IRQHandler                         0x0800038b   Thumb Code     0  startup_stm32h750xx.o(.text)
    EXTI3_IRQHandler                         0x0800038b   Thumb Code     0  startup_stm32h750xx.o(.text)
    EXTI4_IRQHandler                         0x0800038b   Thumb Code     0  startup_stm32h750xx.o(.text)
    EXTI9_5_IRQHandler                       0x0800038b   Thumb Code     0  startup_stm32h750xx.o(.text)
    FDCAN2_IT0_IRQHandler                    0x0800038b   Thumb Code     0  startup_stm32h750xx.o(.text)
    FDCAN2_IT1_IRQHandler                    0x0800038b   Thumb Code     0  startup_stm32h750xx.o(.text)
    FDCAN_CAL_IRQHandler                     0x0800038b   Thumb Code     0  startup_stm32h750xx.o(.text)
    FLASH_IRQHandler                         0x0800038b   Thumb Code     0  startup_stm32h750xx.o(.text)
    FMC_IRQHandler                           0x0800038b   Thumb Code     0  startup_stm32h750xx.o(.text)
    FPU_IRQHandler                           0x0800038b   Thumb Code     0  startup_stm32h750xx.o(.text)
    HASH_RNG_IRQHandler                      0x0800038b   Thumb Code     0  startup_stm32h750xx.o(.text)
    HRTIM1_FLT_IRQHandler                    0x0800038b   Thumb Code     0  startup_stm32h750xx.o(.text)
    HRTIM1_Master_IRQHandler                 0x0800038b   Thumb Code     0  startup_stm32h750xx.o(.text)
    HRTIM1_TIMA_IRQHandler                   0x0800038b   Thumb Code     0  startup_stm32h750xx.o(.text)
    HRTIM1_TIMB_IRQHandler                   0x0800038b   Thumb Code     0  startup_stm32h750xx.o(.text)
    HRTIM1_TIMC_IRQHandler                   0x0800038b   Thumb Code     0  startup_stm32h750xx.o(.text)
    HRTIM1_TIMD_IRQHandler                   0x0800038b   Thumb Code     0  startup_stm32h750xx.o(.text)
    HRTIM1_TIME_IRQHandler                   0x0800038b   Thumb Code     0  startup_stm32h750xx.o(.text)
    HSEM1_IRQHandler                         0x0800038b   Thumb Code     0  startup_stm32h750xx.o(.text)
    I2C1_ER_IRQHandler                       0x0800038b   Thumb Code     0  startup_stm32h750xx.o(.text)
    I2C1_EV_IRQHandler                       0x0800038b   Thumb Code     0  startup_stm32h750xx.o(.text)
    I2C2_ER_IRQHandler                       0x0800038b   Thumb Code     0  startup_stm32h750xx.o(.text)
    I2C2_EV_IRQHandler                       0x0800038b   Thumb Code     0  startup_stm32h750xx.o(.text)
    I2C3_ER_IRQHandler                       0x0800038b   Thumb Code     0  startup_stm32h750xx.o(.text)
    I2C3_EV_IRQHandler                       0x0800038b   Thumb Code     0  startup_stm32h750xx.o(.text)
    I2C4_ER_IRQHandler                       0x0800038b   Thumb Code     0  startup_stm32h750xx.o(.text)
    I2C4_EV_IRQHandler                       0x0800038b   Thumb Code     0  startup_stm32h750xx.o(.text)
    JPEG_IRQHandler                          0x0800038b   Thumb Code     0  startup_stm32h750xx.o(.text)
    LPTIM1_IRQHandler                        0x0800038b   Thumb Code     0  startup_stm32h750xx.o(.text)
    LPTIM2_IRQHandler                        0x0800038b   Thumb Code     0  startup_stm32h750xx.o(.text)
    LPTIM3_IRQHandler                        0x0800038b   Thumb Code     0  startup_stm32h750xx.o(.text)
    LPTIM4_IRQHandler                        0x0800038b   Thumb Code     0  startup_stm32h750xx.o(.text)
    LPTIM5_IRQHandler                        0x0800038b   Thumb Code     0  startup_stm32h750xx.o(.text)
    LPUART1_IRQHandler                       0x0800038b   Thumb Code     0  startup_stm32h750xx.o(.text)
    LTDC_ER_IRQHandler                       0x0800038b   Thumb Code     0  startup_stm32h750xx.o(.text)
    LTDC_IRQHandler                          0x0800038b   Thumb Code     0  startup_stm32h750xx.o(.text)
    MDIOS_IRQHandler                         0x0800038b   Thumb Code     0  startup_stm32h750xx.o(.text)
    MDIOS_WKUP_IRQHandler                    0x0800038b   Thumb Code     0  startup_stm32h750xx.o(.text)
    MDMA_IRQHandler                          0x0800038b   Thumb Code     0  startup_stm32h750xx.o(.text)
    OTG_FS_EP1_IN_IRQHandler                 0x0800038b   Thumb Code     0  startup_stm32h750xx.o(.text)
    OTG_FS_EP1_OUT_IRQHandler                0x0800038b   Thumb Code     0  startup_stm32h750xx.o(.text)
    OTG_FS_IRQHandler                        0x0800038b   Thumb Code     0  startup_stm32h750xx.o(.text)
    OTG_FS_WKUP_IRQHandler                   0x0800038b   Thumb Code     0  startup_stm32h750xx.o(.text)
    OTG_HS_EP1_IN_IRQHandler                 0x0800038b   Thumb Code     0  startup_stm32h750xx.o(.text)
    OTG_HS_EP1_OUT_IRQHandler                0x0800038b   Thumb Code     0  startup_stm32h750xx.o(.text)
    OTG_HS_IRQHandler                        0x0800038b   Thumb Code     0  startup_stm32h750xx.o(.text)
    OTG_HS_WKUP_IRQHandler                   0x0800038b   Thumb Code     0  startup_stm32h750xx.o(.text)
    PVD_AVD_IRQHandler                       0x0800038b   Thumb Code     0  startup_stm32h750xx.o(.text)
    QUADSPI_IRQHandler                       0x0800038b   Thumb Code     0  startup_stm32h750xx.o(.text)
    RCC_IRQHandler                           0x0800038b   Thumb Code     0  startup_stm32h750xx.o(.text)
    RTC_Alarm_IRQHandler                     0x0800038b   Thumb Code     0  startup_stm32h750xx.o(.text)
    RTC_WKUP_IRQHandler                      0x0800038b   Thumb Code     0  startup_stm32h750xx.o(.text)
    SAI1_IRQHandler                          0x0800038b   Thumb Code     0  startup_stm32h750xx.o(.text)
    SAI2_IRQHandler                          0x0800038b   Thumb Code     0  startup_stm32h750xx.o(.text)
    SAI3_IRQHandler                          0x0800038b   Thumb Code     0  startup_stm32h750xx.o(.text)
    SAI4_IRQHandler                          0x0800038b   Thumb Code     0  startup_stm32h750xx.o(.text)
    SDMMC1_IRQHandler                        0x0800038b   Thumb Code     0  startup_stm32h750xx.o(.text)
    SDMMC2_IRQHandler                        0x0800038b   Thumb Code     0  startup_stm32h750xx.o(.text)
    SPDIF_RX_IRQHandler                      0x0800038b   Thumb Code     0  startup_stm32h750xx.o(.text)
    SPI1_IRQHandler                          0x0800038b   Thumb Code     0  startup_stm32h750xx.o(.text)
    SPI2_IRQHandler                          0x0800038b   Thumb Code     0  startup_stm32h750xx.o(.text)
    SPI3_IRQHandler                          0x0800038b   Thumb Code     0  startup_stm32h750xx.o(.text)
    SPI4_IRQHandler                          0x0800038b   Thumb Code     0  startup_stm32h750xx.o(.text)
    SPI5_IRQHandler                          0x0800038b   Thumb Code     0  startup_stm32h750xx.o(.text)
    SPI6_IRQHandler                          0x0800038b   Thumb Code     0  startup_stm32h750xx.o(.text)
    SWPMI1_IRQHandler                        0x0800038b   Thumb Code     0  startup_stm32h750xx.o(.text)
    TAMP_STAMP_IRQHandler                    0x0800038b   Thumb Code     0  startup_stm32h750xx.o(.text)
    TIM15_IRQHandler                         0x0800038b   Thumb Code     0  startup_stm32h750xx.o(.text)
    TIM16_IRQHandler                         0x0800038b   Thumb Code     0  startup_stm32h750xx.o(.text)
    TIM17_IRQHandler                         0x0800038b   Thumb Code     0  startup_stm32h750xx.o(.text)
    TIM1_BRK_IRQHandler                      0x0800038b   Thumb Code     0  startup_stm32h750xx.o(.text)
    TIM1_CC_IRQHandler                       0x0800038b   Thumb Code     0  startup_stm32h750xx.o(.text)
    TIM1_TRG_COM_IRQHandler                  0x0800038b   Thumb Code     0  startup_stm32h750xx.o(.text)
    TIM2_IRQHandler                          0x0800038b   Thumb Code     0  startup_stm32h750xx.o(.text)
    TIM3_IRQHandler                          0x0800038b   Thumb Code     0  startup_stm32h750xx.o(.text)
    TIM4_IRQHandler                          0x0800038b   Thumb Code     0  startup_stm32h750xx.o(.text)
    TIM5_IRQHandler                          0x0800038b   Thumb Code     0  startup_stm32h750xx.o(.text)
    TIM6_DAC_IRQHandler                      0x0800038b   Thumb Code     0  startup_stm32h750xx.o(.text)
    TIM7_IRQHandler                          0x0800038b   Thumb Code     0  startup_stm32h750xx.o(.text)
    TIM8_BRK_TIM12_IRQHandler                0x0800038b   Thumb Code     0  startup_stm32h750xx.o(.text)
    TIM8_CC_IRQHandler                       0x0800038b   Thumb Code     0  startup_stm32h750xx.o(.text)
    TIM8_TRG_COM_TIM14_IRQHandler            0x0800038b   Thumb Code     0  startup_stm32h750xx.o(.text)
    TIM8_UP_TIM13_IRQHandler                 0x0800038b   Thumb Code     0  startup_stm32h750xx.o(.text)
    UART4_IRQHandler                         0x0800038b   Thumb Code     0  startup_stm32h750xx.o(.text)
    UART5_IRQHandler                         0x0800038b   Thumb Code     0  startup_stm32h750xx.o(.text)
    UART7_IRQHandler                         0x0800038b   Thumb Code     0  startup_stm32h750xx.o(.text)
    UART8_IRQHandler                         0x0800038b   Thumb Code     0  startup_stm32h750xx.o(.text)
    USART1_IRQHandler                        0x0800038b   Thumb Code     0  startup_stm32h750xx.o(.text)
    USART2_IRQHandler                        0x0800038b   Thumb Code     0  startup_stm32h750xx.o(.text)
    USART6_IRQHandler                        0x0800038b   Thumb Code     0  startup_stm32h750xx.o(.text)
    WAKEUP_PIN_IRQHandler                    0x0800038b   Thumb Code     0  startup_stm32h750xx.o(.text)
    WWDG_IRQHandler                          0x0800038b   Thumb Code     0  startup_stm32h750xx.o(.text)
    __aeabi_uldivmod                         0x08000395   Thumb Code    98  uldiv.o(.text)
    __aeabi_memcpy                           0x080003f7   Thumb Code    36  memcpya.o(.text)
    __aeabi_memcpy4                          0x080003f7   Thumb Code     0  memcpya.o(.text)
    __aeabi_memcpy8                          0x080003f7   Thumb Code     0  memcpya.o(.text)
    __aeabi_memset                           0x0800041b   Thumb Code    14  memseta.o(.text)
    __aeabi_memset4                          0x0800041b   Thumb Code     0  memseta.o(.text)
    __aeabi_memset8                          0x0800041b   Thumb Code     0  memseta.o(.text)
    __aeabi_memclr                           0x08000429   Thumb Code     4  memseta.o(.text)
    __aeabi_memclr4                          0x08000429   Thumb Code     0  memseta.o(.text)
    __aeabi_memclr8                          0x08000429   Thumb Code     0  memseta.o(.text)
    memset                                   0x0800042d   Thumb Code    18  memseta.o(.text)
    __aeabi_llsl                             0x0800043f   Thumb Code    30  llshl.o(.text)
    _ll_shift_l                              0x0800043f   Thumb Code     0  llshl.o(.text)
    __aeabi_llsr                             0x0800045d   Thumb Code    32  llushr.o(.text)
    _ll_ushift_r                             0x0800045d   Thumb Code     0  llushr.o(.text)
    __I$use$fp                               0x0800047d   Thumb Code     0  iusefp.o(.text)
    __scatterload                            0x0800047d   Thumb Code    28  init.o(.text)
    __scatterload_rt2                        0x0800047d   Thumb Code     0  init.o(.text)
    __decompress                             0x080004a1   Thumb Code     0  __dclz77c.o(.text)
    __decompress2                            0x080004a1   Thumb Code    94  __dclz77c.o(.text)
    arm_cos_f32                              0x08000501   Thumb Code   144  arm_cos_f32.o(.text.arm_cos_f32)
    arm_mat_init_f32                         0x08000591   Thumb Code     8  arm_mat_init_f32.o(.text.arm_mat_init_f32)
    arm_mat_mult_f32                         0x08000599   Thumb Code   304  arm_mat_mult_f32.o(.text.arm_mat_mult_f32)
    arm_mat_trans_f32                        0x080006c9   Thumb Code   180  arm_mat_trans_f32.o(.text.arm_mat_trans_f32)
    arm_sin_f32                              0x0800077d   Thumb Code   140  arm_sin_f32.o(.text.arm_sin_f32)
    Assign_theta123456                       0x08000809   Thumb Code   114  ik.o(i.Assign_theta123456)
    BusFault_Handler                         0x08000885   Thumb Code     2  stm32h7xx_it.o(i.BusFault_Handler)
    DebugMon_Handler                         0x08000887   Thumb Code     2  stm32h7xx_it.o(i.DebugMon_Handler)
    Error_Handler                            0x08000889   Thumb Code     4  main.o(i.Error_Handler)
    FDCAN1_IT0_IRQHandler                    0x0800088d   Thumb Code     6  stm32h7xx_it.o(i.FDCAN1_IT0_IRQHandler)
    FDCAN1_IT1_IRQHandler                    0x08000899   Thumb Code     6  stm32h7xx_it.o(i.FDCAN1_IT1_IRQHandler)
    FDCAN_Filter_Config                      0x08000a6d   Thumb Code   114  fdcan_fliter.o(i.FDCAN_Filter_Config)
    HAL_DMA_Abort                            0x08000ae9   Thumb Code   836  stm32h7xx_hal_dma.o(i.HAL_DMA_Abort)
    HAL_DMA_Abort_IT                         0x08000e49   Thumb Code   602  stm32h7xx_hal_dma.o(i.HAL_DMA_Abort_IT)
    HAL_FDCAN_ActivateNotification           0x080010cd   Thumb Code   126  stm32h7xx_hal_fdcan.o(i.HAL_FDCAN_ActivateNotification)
    HAL_FDCAN_ClockCalibrationCallback       0x08001155   Thumb Code     2  stm32h7xx_hal_fdcan.o(i.HAL_FDCAN_ClockCalibrationCallback)
    HAL_FDCAN_ConfigFifoWatermark            0x08001157   Thumb Code    90  stm32h7xx_hal_fdcan.o(i.HAL_FDCAN_ConfigFifoWatermark)
    HAL_FDCAN_ConfigFilter                   0x080011b1   Thumb Code   126  stm32h7xx_hal_fdcan.o(i.HAL_FDCAN_ConfigFilter)
    HAL_FDCAN_ConfigGlobalFilter             0x0800122f   Thumb Code    50  stm32h7xx_hal_fdcan.o(i.HAL_FDCAN_ConfigGlobalFilter)
    HAL_FDCAN_ConfigTxDelayCompensation      0x08001261   Thumb Code    36  stm32h7xx_hal_fdcan.o(i.HAL_FDCAN_ConfigTxDelayCompensation)
    HAL_FDCAN_EnableTxDelayCompensation      0x08001285   Thumb Code    38  stm32h7xx_hal_fdcan.o(i.HAL_FDCAN_EnableTxDelayCompensation)
    HAL_FDCAN_ErrorCallback                  0x080012ab   Thumb Code     2  stm32h7xx_hal_fdcan.o(i.HAL_FDCAN_ErrorCallback)
    HAL_FDCAN_ErrorStatusCallback            0x080012ad   Thumb Code     2  stm32h7xx_hal_fdcan.o(i.HAL_FDCAN_ErrorStatusCallback)
    HAL_FDCAN_GetRxMessage                   0x080012b1   Thumb Code   392  stm32h7xx_hal_fdcan.o(i.HAL_FDCAN_GetRxMessage)
    HAL_FDCAN_HighPriorityMessageCallback    0x0800143d   Thumb Code     2  stm32h7xx_hal_fdcan.o(i.HAL_FDCAN_HighPriorityMessageCallback)
    HAL_FDCAN_IRQHandler                     0x08001441   Thumb Code   788  stm32h7xx_hal_fdcan.o(i.HAL_FDCAN_IRQHandler)
    HAL_FDCAN_Init                           0x08001761   Thumb Code   572  stm32h7xx_hal_fdcan.o(i.HAL_FDCAN_Init)
    HAL_FDCAN_MspInit                        0x080019a5   Thumb Code   176  fdcan.o(i.HAL_FDCAN_MspInit)
    HAL_FDCAN_RxBufferNewMessageCallback     0x08001a61   Thumb Code     2  stm32h7xx_hal_fdcan.o(i.HAL_FDCAN_RxBufferNewMessageCallback)
    HAL_FDCAN_RxFifo0Callback                0x08001a65   Thumb Code   314  fdcan_fliter.o(i.HAL_FDCAN_RxFifo0Callback)
    HAL_FDCAN_RxFifo1Callback                0x08001bad   Thumb Code     2  stm32h7xx_hal_fdcan.o(i.HAL_FDCAN_RxFifo1Callback)
    HAL_FDCAN_Start                          0x08001baf   Thumb Code    50  stm32h7xx_hal_fdcan.o(i.HAL_FDCAN_Start)
    HAL_FDCAN_TT_GlobalTimeCallback          0x08001be1   Thumb Code     2  stm32h7xx_hal_fdcan.o(i.HAL_FDCAN_TT_GlobalTimeCallback)
    HAL_FDCAN_TT_ScheduleSyncCallback        0x08001be3   Thumb Code     2  stm32h7xx_hal_fdcan.o(i.HAL_FDCAN_TT_ScheduleSyncCallback)
    HAL_FDCAN_TT_StopWatchCallback           0x08001be5   Thumb Code     2  stm32h7xx_hal_fdcan.o(i.HAL_FDCAN_TT_StopWatchCallback)
    HAL_FDCAN_TT_TimeMarkCallback            0x08001be7   Thumb Code     2  stm32h7xx_hal_fdcan.o(i.HAL_FDCAN_TT_TimeMarkCallback)
    HAL_FDCAN_TimeoutOccurredCallback        0x08001be9   Thumb Code     2  stm32h7xx_hal_fdcan.o(i.HAL_FDCAN_TimeoutOccurredCallback)
    HAL_FDCAN_TimestampWraparoundCallback    0x08001beb   Thumb Code     2  stm32h7xx_hal_fdcan.o(i.HAL_FDCAN_TimestampWraparoundCallback)
    HAL_FDCAN_TxBufferAbortCallback          0x08001bed   Thumb Code     2  stm32h7xx_hal_fdcan.o(i.HAL_FDCAN_TxBufferAbortCallback)
    HAL_FDCAN_TxBufferCompleteCallback       0x08001bef   Thumb Code     2  stm32h7xx_hal_fdcan.o(i.HAL_FDCAN_TxBufferCompleteCallback)
    HAL_FDCAN_TxEventFifoCallback            0x08001bf1   Thumb Code     2  stm32h7xx_hal_fdcan.o(i.HAL_FDCAN_TxEventFifoCallback)
    HAL_FDCAN_TxFifoEmptyCallback            0x08001bf3   Thumb Code     2  stm32h7xx_hal_fdcan.o(i.HAL_FDCAN_TxFifoEmptyCallback)
    HAL_GPIO_Init                            0x08001bf5   Thumb Code   506  stm32h7xx_hal_gpio.o(i.HAL_GPIO_Init)
    HAL_GPIO_ReadPin                         0x08001e21   Thumb Code    10  stm32h7xx_hal_gpio.o(i.HAL_GPIO_ReadPin)
    HAL_GPIO_TogglePin                       0x08001e2b   Thumb Code    16  stm32h7xx_hal_gpio.o(i.HAL_GPIO_TogglePin)
    HAL_GPIO_WritePin                        0x08001e3b   Thumb Code    10  stm32h7xx_hal_gpio.o(i.HAL_GPIO_WritePin)
    HAL_GetREVID                             0x08001e45   Thumb Code     8  stm32h7xx_hal.o(i.HAL_GetREVID)
    HAL_GetTick                              0x08001e51   Thumb Code     6  stm32h7xx_hal.o(i.HAL_GetTick)
    HAL_IncTick                              0x08001e5d   Thumb Code    12  stm32h7xx_hal.o(i.HAL_IncTick)
    HAL_Init                                 0x08001e6d   Thumb Code    74  stm32h7xx_hal.o(i.HAL_Init)
    HAL_InitTick                             0x08001ec9   Thumb Code   110  stm32h7xx_hal_timebase_tim.o(i.HAL_InitTick)
    HAL_MPU_ConfigRegion                     0x08001f4d   Thumb Code    86  stm32h7xx_hal_cortex.o(i.HAL_MPU_ConfigRegion)
    HAL_MPU_Disable                          0x08001fa9   Thumb Code    24  stm32h7xx_hal_cortex.o(i.HAL_MPU_Disable)
    HAL_MPU_Enable                           0x08001fc5   Thumb Code    30  stm32h7xx_hal_cortex.o(i.HAL_MPU_Enable)
    HAL_MspInit                              0x08001fe9   Thumb Code    32  stm32h7xx_hal_msp.o(i.HAL_MspInit)
    HAL_NVIC_EnableIRQ                       0x0800200d   Thumb Code    26  stm32h7xx_hal_cortex.o(i.HAL_NVIC_EnableIRQ)
    HAL_NVIC_SetPriority                     0x08002029   Thumb Code    60  stm32h7xx_hal_cortex.o(i.HAL_NVIC_SetPriority)
    HAL_NVIC_SetPriorityGrouping             0x08002069   Thumb Code    28  stm32h7xx_hal_cortex.o(i.HAL_NVIC_SetPriorityGrouping)
    HAL_PWREx_ConfigSupply                   0x0800208d   Thumb Code    78  stm32h7xx_hal_pwr_ex.o(i.HAL_PWREx_ConfigSupply)
    HAL_RCCEx_GetD3PCLK1Freq                 0x080020e1   Thumb Code    26  stm32h7xx_hal_rcc_ex.o(i.HAL_RCCEx_GetD3PCLK1Freq)
    HAL_RCCEx_GetPLL2ClockFreq               0x08002105   Thumb Code   296  stm32h7xx_hal_rcc_ex.o(i.HAL_RCCEx_GetPLL2ClockFreq)
    HAL_RCCEx_GetPLL3ClockFreq               0x08002249   Thumb Code   296  stm32h7xx_hal_rcc_ex.o(i.HAL_RCCEx_GetPLL3ClockFreq)
    HAL_RCCEx_PeriphCLKConfig                0x0800238d   Thumb Code  2472  stm32h7xx_hal_rcc_ex.o(i.HAL_RCCEx_PeriphCLKConfig)
    HAL_RCC_ClockConfig                      0x08002d39   Thumb Code   580  stm32h7xx_hal_rcc.o(i.HAL_RCC_ClockConfig)
    HAL_RCC_GetClockConfig                   0x08002f95   Thumb Code    84  stm32h7xx_hal_rcc.o(i.HAL_RCC_GetClockConfig)
    HAL_RCC_GetHCLKFreq                      0x08002ff1   Thumb Code    52  stm32h7xx_hal_rcc.o(i.HAL_RCC_GetHCLKFreq)
    HAL_RCC_GetPCLK1Freq                     0x08003035   Thumb Code    26  stm32h7xx_hal_rcc.o(i.HAL_RCC_GetPCLK1Freq)
    HAL_RCC_GetPCLK2Freq                     0x08003059   Thumb Code    26  stm32h7xx_hal_rcc.o(i.HAL_RCC_GetPCLK2Freq)
    HAL_RCC_GetSysClockFreq                  0x0800307d   Thumb Code   278  stm32h7xx_hal_rcc.o(i.HAL_RCC_GetSysClockFreq)
    HAL_RCC_OscConfig                        0x080031b5   Thumb Code  1410  stm32h7xx_hal_rcc.o(i.HAL_RCC_OscConfig)
    HAL_TIMEx_Break2Callback                 0x08003737   Thumb Code     2  stm32h7xx_hal_tim_ex.o(i.HAL_TIMEx_Break2Callback)
    HAL_TIMEx_BreakCallback                  0x08003739   Thumb Code     2  stm32h7xx_hal_tim_ex.o(i.HAL_TIMEx_BreakCallback)
    HAL_TIMEx_CommutCallback                 0x0800373b   Thumb Code     2  stm32h7xx_hal_tim_ex.o(i.HAL_TIMEx_CommutCallback)
    HAL_TIM_Base_Init                        0x0800373d   Thumb Code    98  stm32h7xx_hal_tim.o(i.HAL_TIM_Base_Init)
    HAL_TIM_Base_MspInit                     0x0800379f   Thumb Code     2  stm32h7xx_hal_tim.o(i.HAL_TIM_Base_MspInit)
    HAL_TIM_Base_Start_IT                    0x080037a1   Thumb Code   106  stm32h7xx_hal_tim.o(i.HAL_TIM_Base_Start_IT)
    HAL_TIM_IC_CaptureCallback               0x0800382d   Thumb Code     2  stm32h7xx_hal_tim.o(i.HAL_TIM_IC_CaptureCallback)
    HAL_TIM_IRQHandler                       0x0800382f   Thumb Code   328  stm32h7xx_hal_tim.o(i.HAL_TIM_IRQHandler)
    HAL_TIM_OC_DelayElapsedCallback          0x08003977   Thumb Code     2  stm32h7xx_hal_tim.o(i.HAL_TIM_OC_DelayElapsedCallback)
    HAL_TIM_PWM_PulseFinishedCallback        0x08003979   Thumb Code     2  stm32h7xx_hal_tim.o(i.HAL_TIM_PWM_PulseFinishedCallback)
    HAL_TIM_PeriodElapsedCallback            0x0800397d   Thumb Code    14  main.o(i.HAL_TIM_PeriodElapsedCallback)
    HAL_TIM_TriggerCallback                  0x08003991   Thumb Code     2  stm32h7xx_hal_tim.o(i.HAL_TIM_TriggerCallback)
    HAL_UARTEx_DisableFifoMode               0x08003993   Thumb Code    64  stm32h7xx_hal_uart_ex.o(i.HAL_UARTEx_DisableFifoMode)
    HAL_UARTEx_RxEventCallback               0x080039d3   Thumb Code     2  stm32h7xx_hal_uart.o(i.HAL_UARTEx_RxEventCallback)
    HAL_UARTEx_RxFifoFullCallback            0x080039d5   Thumb Code     2  stm32h7xx_hal_uart_ex.o(i.HAL_UARTEx_RxFifoFullCallback)
    HAL_UARTEx_SetRxFifoThreshold            0x080039d7   Thumb Code    76  stm32h7xx_hal_uart_ex.o(i.HAL_UARTEx_SetRxFifoThreshold)
    HAL_UARTEx_SetTxFifoThreshold            0x08003a23   Thumb Code    76  stm32h7xx_hal_uart_ex.o(i.HAL_UARTEx_SetTxFifoThreshold)
    HAL_UARTEx_TxFifoEmptyCallback           0x08003a6f   Thumb Code     2  stm32h7xx_hal_uart_ex.o(i.HAL_UARTEx_TxFifoEmptyCallback)
    HAL_UARTEx_WakeupCallback                0x08003a71   Thumb Code     2  stm32h7xx_hal_uart_ex.o(i.HAL_UARTEx_WakeupCallback)
    HAL_UART_ErrorCallback                   0x08003a73   Thumb Code     2  stm32h7xx_hal_uart.o(i.HAL_UART_ErrorCallback)
    HAL_UART_IRQHandler                      0x08003a75   Thumb Code   878  stm32h7xx_hal_uart.o(i.HAL_UART_IRQHandler)
    HAL_UART_Init                            0x08003dfd   Thumb Code   106  stm32h7xx_hal_uart.o(i.HAL_UART_Init)
    HAL_UART_MspInit                         0x08003e69   Thumb Code   138  usart.o(i.HAL_UART_MspInit)
    HAL_UART_TxCpltCallback                  0x08003f01   Thumb Code     2  stm32h7xx_hal_uart.o(i.HAL_UART_TxCpltCallback)
    HardFault_Handler                        0x08003f03   Thumb Code     2  stm32h7xx_it.o(i.HardFault_Handler)
    IK                                       0x08003f05   Thumb Code   148  ik.o(i.IK)
    IK_matrix_init                           0x08003f9d   Thumb Code   160  ik.o(i.IK_matrix_init)
    Led_start                                0x08004049   Thumb Code    22  led_task.o(i.Led_start)
    MX_FDCAN1_Init                           0x08004065   Thumb Code   120  fdcan.o(i.MX_FDCAN1_Init)
    MX_FREERTOS_Init                         0x080040e5   Thumb Code    32  freertos.o(i.MX_FREERTOS_Init)
    MX_GPIO_Init                             0x08004115   Thumb Code   198  gpio.o(i.MX_GPIO_Init)
    MX_USART3_UART_Init                      0x080041ed   Thumb Code    94  usart.o(i.MX_USART3_UART_Init)
    MemManage_Handler                        0x08004255   Thumb Code     2  stm32h7xx_it.o(i.MemManage_Handler)
    Motor_Control_start                      0x08004259   Thumb Code    30  motor_control_task.o(i.Motor_Control_start)
    NMI_Handler                              0x08004285   Thumb Code     2  stm32h7xx_it.o(i.NMI_Handler)
    Read_Limit_Switch                        0x080044c9   Thumb Code    80  limit_switch.o(i.Read_Limit_Switch)
    SysTick_Handler                          0x08004521   Thumb Code    26  cmsis_os2.o(i.SysTick_Handler)
    SystemClock_Config                       0x0800453d   Thumb Code   204  main.o(i.SystemClock_Config)
    SystemInit                               0x08004615   Thumb Code   180  system_stm32h7xx.o(i.SystemInit)
    TIM1_UP_IRQHandler                       0x080046f1   Thumb Code     6  stm32h7xx_it.o(i.TIM1_UP_IRQHandler)
    TIM_Base_SetConfig                       0x080046fd   Thumb Code   176  stm32h7xx_hal_tim.o(i.TIM_Base_SetConfig)
    UART_AdvFeatureConfig                    0x08004811   Thumb Code   200  stm32h7xx_hal_uart.o(i.UART_AdvFeatureConfig)
    UART_CheckIdleState                      0x080048d9   Thumb Code   170  stm32h7xx_hal_uart.o(i.UART_CheckIdleState)
    UART_SetConfig                           0x080049ed   Thumb Code   876  stm32h7xx_hal_uart.o(i.UART_SetConfig)
    UART_WaitOnFlagUntilTimeout              0x08004d99   Thumb Code   148  stm32h7xx_hal_uart.o(i.UART_WaitOnFlagUntilTimeout)
    USART3_IRQHandler                        0x08004e2d   Thumb Code     6  stm32h7xx_it.o(i.USART3_IRQHandler)
    UsageFault_Handler                       0x08004e39   Thumb Code     2  stm32h7xx_it.o(i.UsageFault_Handler)
    __ARM_fpclassify                         0x08004e3b   Thumb Code    48  fpclassify.o(i.__ARM_fpclassify)
    __ARM_fpclassifyf                        0x08004e6b   Thumb Code    38  fpclassifyf.o(i.__ARM_fpclassifyf)
    __hardfp_acos                            0x08004eb9   Thumb Code   422  acos.o(i.__hardfp_acos)
    __hardfp_asin                            0x080050d1   Thumb Code   432  asin.o(i.__hardfp_asin)
    __hardfp_atan                            0x080052d9   Thumb Code   402  atan.o(i.__hardfp_atan)
    __hardfp_atan2                           0x080054d9   Thumb Code   392  atan2.o(i.__hardfp_atan2)
    __hardfp_atan2f                          0x080056a1   Thumb Code   594  atan2f.o(i.__hardfp_atan2f)
    __hardfp_sqrt                            0x08005955   Thumb Code   102  sqrt.o(i.__hardfp_sqrt)
    __kernel_poly                            0x080059bb   Thumb Code   112  poly.o(i.__kernel_poly)
    __mathlib_dbl_infnan                     0x08005a2b   Thumb Code     6  dunder.o(i.__mathlib_dbl_infnan)
    __mathlib_dbl_infnan2                    0x08005a31   Thumb Code     6  dunder.o(i.__mathlib_dbl_infnan2)
    __mathlib_dbl_invalid                    0x08005a39   Thumb Code    10  dunder.o(i.__mathlib_dbl_invalid)
    __mathlib_dbl_underflow                  0x08005a51   Thumb Code    10  dunder.o(i.__mathlib_dbl_underflow)
    __mathlib_flt_infnan2                    0x08005a69   Thumb Code     6  funder.o(i.__mathlib_flt_infnan2)
    __mathlib_flt_underflow                  0x08005a71   Thumb Code    10  funder.o(i.__mathlib_flt_underflow)
    __scatterload_copy                       0x08005a81   Thumb Code    14  handlers.o(i.__scatterload_copy)
    __scatterload_null                       0x08005a8f   Thumb Code     2  handlers.o(i.__scatterload_null)
    __scatterload_zeroinit                   0x08005a91   Thumb Code    14  handlers.o(i.__scatterload_zeroinit)
    __set_errno                              0x08005aa1   Thumb Code     6  errno.o(i.__set_errno)
    atan                                     0x08005aad   Thumb Code    16  atan.o(i.atan)
    calc_wrist_angles                        0x08005abd   Thumb Code   480  ik.o(i.calc_wrist_angles)
    compute_modified_dh_matrix               0x08005cb1   Thumb Code   202  controler.o(i.compute_modified_dh_matrix)
    fabs                                     0x08005d81   Thumb Code    24  fabs.o(i.fabs)
    fdcanx_receive                           0x08005d99   Thumb Code    98  fdcan_fliter.o(i.fdcanx_receive)
    forward_kinematics                       0x08005dfd   Thumb Code   116  controler.o(i.forward_kinematics)
    main                                     0x08005e81   Thumb Code   114  main.o(i.main)
    matrix_init                              0x08005ef5   Thumb Code    96  controler.o(i.matrix_init)
    osDelay                                  0x08005f61   Thumb Code    28  cmsis_os2.o(i.osDelay)
    osKernelInitialize                       0x08005f7d   Thumb Code    32  cmsis_os2.o(i.osKernelInitialize)
    osKernelStart                            0x08005fa1   Thumb Code    48  cmsis_os2.o(i.osKernelStart)
    osThreadNew                              0x08005fd9   Thumb Code   144  cmsis_os2.o(i.osThreadNew)
    pvPortMalloc                             0x08006801   Thumb Code   216  heap_4.o(i.pvPortMalloc)
    pxPortInitialiseStack                    0x080068dd   Thumb Code    42  port.o(i.pxPortInitialiseStack)
    solve_theta123                           0x0800690d   Thumb Code   864  ik.o(i.solve_theta123)
    sqrt                                     0x08006c7d   Thumb Code   106  sqrt.o(i.sqrt)
    uxListRemove                             0x08006ce7   Thumb Code    38  list.o(i.uxListRemove)
    vApplicationGetIdleTaskMemory            0x08006d0d   Thumb Code    18  cmsis_os2.o(i.vApplicationGetIdleTaskMemory)
    vApplicationGetTimerTaskMemory           0x08006d25   Thumb Code    20  cmsis_os2.o(i.vApplicationGetTimerTaskMemory)
    vListInitialise                          0x08006d3d   Thumb Code    22  list.o(i.vListInitialise)
    vListInitialiseItem                      0x08006d53   Thumb Code     6  list.o(i.vListInitialiseItem)
    vListInsert                              0x08006d59   Thumb Code    48  list.o(i.vListInsert)
    vListInsertEnd                           0x08006d89   Thumb Code    24  list.o(i.vListInsertEnd)
    vPortEnterCritical                       0x08006da1   Thumb Code    54  port.o(i.vPortEnterCritical)
    vPortExitCritical                        0x08006de1   Thumb Code    34  port.o(i.vPortExitCritical)
    vPortFree                                0x08006e09   Thumb Code    94  heap_4.o(i.vPortFree)
    vPortSetupTimerInterrupt                 0x08006e6d   Thumb Code    32  port.o(i.vPortSetupTimerInterrupt)
    vPortValidateInterruptPriority           0x08006e91   Thumb Code    74  port.o(i.vPortValidateInterruptPriority)
    vQueueAddToRegistry                      0x08006ee5   Thumb Code    34  queue.o(i.vQueueAddToRegistry)
    vQueueWaitForMessageRestricted           0x08006f0d   Thumb Code    68  queue.o(i.vQueueWaitForMessageRestricted)
    vTaskDelay                               0x08006f51   Thumb Code    66  tasks.o(i.vTaskDelay)
    vTaskInternalSetTimeOutState             0x08006f9d   Thumb Code    12  tasks.o(i.vTaskInternalSetTimeOutState)
    vTaskMissedYield                         0x08006fad   Thumb Code     8  tasks.o(i.vTaskMissedYield)
    vTaskPlaceOnEventList                    0x08006fb9   Thumb Code    44  tasks.o(i.vTaskPlaceOnEventList)
    vTaskPlaceOnEventListRestricted          0x08006fe9   Thumb Code    52  tasks.o(i.vTaskPlaceOnEventListRestricted)
    vTaskStartScheduler                      0x08007021   Thumb Code   118  tasks.o(i.vTaskStartScheduler)
    vTaskSuspendAll                          0x080070a9   Thumb Code    10  tasks.o(i.vTaskSuspendAll)
    vTaskSwitchContext                       0x080070b9   Thumb Code    90  tasks.o(i.vTaskSwitchContext)
    xPortStartScheduler                      0x0800711d   Thumb Code   222  port.o(i.xPortStartScheduler)
    xPortSysTickHandler                      0x08007211   Thumb Code    38  port.o(i.xPortSysTickHandler)
    xQueueGenericCreateStatic                0x0800723d   Thumb Code   102  queue.o(i.xQueueGenericCreateStatic)
    xQueueGenericReset                       0x080072a5   Thumb Code   144  queue.o(i.xQueueGenericReset)
    xQueueGenericSend                        0x08007339   Thumb Code   346  queue.o(i.xQueueGenericSend)
    xQueueGenericSendFromISR                 0x08007499   Thumb Code   190  queue.o(i.xQueueGenericSendFromISR)
    xQueueReceive                            0x08007559   Thumb Code   310  queue.o(i.xQueueReceive)
    xTaskCheckForTimeOut                     0x08007695   Thumb Code   116  tasks.o(i.xTaskCheckForTimeOut)
    xTaskCreate                              0x0800770d   Thumb Code    90  tasks.o(i.xTaskCreate)
    xTaskCreateStatic                        0x08007767   Thumb Code    86  tasks.o(i.xTaskCreateStatic)
    xTaskGetSchedulerState                   0x080077bd   Thumb Code    22  tasks.o(i.xTaskGetSchedulerState)
    xTaskGetTickCount                        0x080077d9   Thumb Code     6  tasks.o(i.xTaskGetTickCount)
    xTaskIncrementTick                       0x080077e5   Thumb Code   192  tasks.o(i.xTaskIncrementTick)
    xTaskPriorityDisinherit                  0x080078ad   Thumb Code   116  tasks.o(i.xTaskPriorityDisinherit)
    xTaskRemoveFromEventList                 0x08007929   Thumb Code   100  tasks.o(i.xTaskRemoveFromEventList)
    xTaskResumeAll                           0x08007999   Thumb Code   184  tasks.o(i.xTaskResumeAll)
    xTimerCreateTimerTask                    0x08007a5d   Thumb Code    78  timers.o(i.xTimerCreateTimerTask)
    xTimerGenericCommand                     0x08007abd   Thumb Code    98  timers.o(i.xTimerGenericCommand)
    Led_attributes                           0x08007b24   Data          36  freertos.o(.constdata)
    Motor_Control_attributes                 0x08007b48   Data          36  freertos.o(.constdata)
    UARTPrescTable                           0x08007bc8   Data          24  stm32h7xx_hal_uart.o(.constdata)
    D1CorePrescTable                         0x08007bf0   Data          16  system_stm32h7xx.o(.constdata)
    __mathlib_zero                           0x08007de8   Data           8  qnan.o(.constdata)
    sinTable_f32                             0x08007e04   Data        2052  arm_common_tables.o(.rodata.sinTable_f32)
    Region$$Table$$Base                      0x08008608   Number         0  anon$$obj.o(Region$$Table)
    Region$$Table$$Limit                     0x08008628   Number         0  anon$$obj.o(Region$$Table)
    LedHandle                                0x24000000   Data           4  freertos.o(.data)
    Motor_ControlHandle                      0x24000004   Data           4  freertos.o(.data)
    uwTickFreq                               0x24000008   Data           1  stm32h7xx_hal.o(.data)
    uwTickPrio                               0x2400000c   Data           4  stm32h7xx_hal.o(.data)
    uwTick                                   0x24000010   Data           4  stm32h7xx_hal.o(.data)
    SystemCoreClock                          0x24000014   Data           4  system_stm32h7xx.o(.data)
    SystemD2Clock                            0x24000018   Data           4  system_stm32h7xx.o(.data)
    pxCurrentTCB                             0x2400001c   Data           4  tasks.o(.data)
    date_len                                 0x2400009c   Data           1  fdcan_fliter.o(.data)
    Limit_switch_state                       0x2400009d   Data           6  limit_switch.o(.data)
    T_trans                                  0x240000a4   Data           8  controler.o(.data)
    T_temp                                   0x240000ac   Data           8  controler.o(.data)
    END_trans                                0x240000b4   Data           8  controler.o(.data)
    T_result                                 0x240000bc   Data           8  controler.o(.data)
    T_xyz_6                                  0x240000c4   Data           8  controler.o(.data)
    T_xyz_0                                  0x240000cc   Data           8  controler.o(.data)
    Cumulative_matrix                        0x240000d4   Data           8  controler.o(.data)
    dh_matrix                                0x240000dc   Data          96  controler.o(.data)
    end_trans                                0x2400013c   Data          64  controler.o(.data)
    t_result                                 0x2400017c   Data          64  controler.o(.data)
    t_xyz_6                                  0x240001bc   Data          64  controler.o(.data)
    t_xyz_0                                  0x240001fc   Data          64  controler.o(.data)
    cumulative_matrix                        0x2400023c   Data          64  controler.o(.data)
    real_motor_theta                         0x2400027c   Data          24  controler.o(.data)
    T_temp_IK                                0x24000294   Data           8  ik.o(.data)
    T0_3_MATRIX                              0x2400029c   Data           8  ik.o(.data)
    T_trans_IK                               0x240002a4   Data           8  ik.o(.data)
    T3_4_MATRIX                              0x240002ac   Data           8  ik.o(.data)
    R0_3_MATRIX                              0x240002b4   Data           8  ik.o(.data)
    R3_4_MATRIX                              0x240002bc   Data           8  ik.o(.data)
    R0_E_MATRIX                              0x240002c4   Data           8  ik.o(.data)
    R0_E_T_MATRIX                            0x240002cc   Data           8  ik.o(.data)
    R0_6_MATRIX                              0x240002d4   Data           8  ik.o(.data)
    R_END_MATRIX                             0x240002dc   Data           8  ik.o(.data)
    dh_matrix_IK                             0x240002e4   Data          96  ik.o(.data)
    position_init                            0x24000344   Data          64  trace_plan.o(.data)
    position_end                             0x24000384   Data          64  trace_plan.o(.data)
    temp_matrix                              0x240003c4   Data          64  trace_plan.o(.data)
    hfdcan1                                  0x24000408   Data         160  fdcan.o(.bss)
    huart3                                   0x240004a8   Data         148  usart.o(.bss)
    htim1                                    0x2400053c   Data          76  stm32h7xx_hal_timebase_tim.o(.bss)
    xQueueRegistry                           0x24000588   Data          64  queue.o(.bss)
    Read_datatest                            0x24004e5c   Data          32  fdcan_fliter.o(.bss)
    read_data                                0x24004e7c   Data          32  fdcan_fliter.o(.bss)
    sFilterConfig                            0x24004e9c   Data          32  fdcan_fliter.o(.bss)
    Motor                                    0x24004ebc   Data         216  fdcan_fliter.o(.bss)
    theta                                    0x24004f94   Data          24  motor_control_task.o(.bss)
    t_trans                                  0x24004fac   Data          64  controler.o(.bss)
    t_temp                                   0x24004fec   Data          64  controler.o(.bss)
    theta_0                                  0x2400502c   Data          24  ik.o(.bss)
    t_temp_IK                                0x24005044   Data          64  ik.o(.bss)
    T0_3_matrix                              0x24005084   Data          64  ik.o(.bss)
    t_trans_IK                               0x240050c4   Data          64  ik.o(.bss)
    T3_4_matrix                              0x24005104   Data          64  ik.o(.bss)
    R0_3_matrix                              0x24005144   Data          36  ik.o(.bss)
    R3_4_matrix                              0x24005168   Data          36  ik.o(.bss)
    R0_E_matrix                              0x2400518c   Data          36  ik.o(.bss)
    R0_E_T_matrix                            0x240051b0   Data          36  ik.o(.bss)
    R0_6_matrix                              0x240051d4   Data          36  ik.o(.bss)
    R_end_matrix                             0x240051f8   Data          36  ik.o(.bss)
    theta123_1                               0x2400521c   Data          24  ik.o(.bss)
    theta123_2                               0x24005234   Data          24  ik.o(.bss)
    theta123_3                               0x2400524c   Data          24  ik.o(.bss)
    theta123_4                               0x24005264   Data          24  ik.o(.bss)
    theta456_1_1                             0x2400527c   Data          12  ik.o(.bss)
    theta456_1_2                             0x24005288   Data          12  ik.o(.bss)
    theta456_2_1                             0x24005294   Data          12  ik.o(.bss)
    theta456_2_2                             0x240052a0   Data          12  ik.o(.bss)
    theta456_3_1                             0x240052ac   Data          12  ik.o(.bss)
    theta456_3_2                             0x240052b8   Data          12  ik.o(.bss)
    theta456_4_1                             0x240052c4   Data          12  ik.o(.bss)
    theta456_4_2                             0x240052d0   Data          12  ik.o(.bss)
    theta123456                              0x240052dc   Data         192  ik.o(.bss)
    __initial_sp                             0x240057a0   Data           0  startup_stm32h750xx.o(STACK)



==============================================================================

Memory Map of the image

  Image Entry point : 0x08000299

  Load Region LR_IROM1 (Base: 0x08000000, Size: 0x00008a30, Max: 0x00020000, ABSOLUTE, COMPRESSED[0x000086fc])

    Execution Region ER_IROM1 (Exec base: 0x08000000, Load base: 0x08000000, Size: 0x00008628, Max: 0x00020000, ABSOLUTE)

    Exec Addr    Load Addr    Size         Type   Attr      Idx    E Section Name        Object

    0x08000000   0x08000000   0x00000298   Data   RO            3    RESET               startup_stm32h750xx.o
    0x08000298   0x08000298   0x00000000   Code   RO         7657  * .ARM.Collect$$$$00000000  mc_w.l(entry.o)
    0x08000298   0x08000298   0x00000004   Code   RO         7725    .ARM.Collect$$$$00000001  mc_w.l(entry2.o)
    0x0800029c   0x0800029c   0x00000004   Code   RO         7728    .ARM.Collect$$$$00000004  mc_w.l(entry5.o)
    0x080002a0   0x080002a0   0x00000000   Code   RO         7730    .ARM.Collect$$$$00000008  mc_w.l(entry7b.o)
    0x080002a0   0x080002a0   0x00000000   Code   RO         7732    .ARM.Collect$$$$0000000A  mc_w.l(entry8b.o)
    0x080002a0   0x080002a0   0x00000008   Code   RO         7733    .ARM.Collect$$$$0000000B  mc_w.l(entry9a.o)
    0x080002a8   0x080002a8   0x00000004   Code   RO         7740    .ARM.Collect$$$$0000000E  mc_w.l(entry12b.o)
    0x080002ac   0x080002ac   0x00000000   Code   RO         7735    .ARM.Collect$$$$0000000F  mc_w.l(entry10a.o)
    0x080002ac   0x080002ac   0x00000000   Code   RO         7737    .ARM.Collect$$$$00000011  mc_w.l(entry11a.o)
    0x080002ac   0x080002ac   0x00000004   Code   RO         7726    .ARM.Collect$$$$00002712  mc_w.l(entry2.o)
    0x080002b0   0x080002b0   0x000000be   Code   RO         6834    .emb_text           port.o
    0x0800036e   0x0800036e   0x00000002   PAD
    0x08000370   0x08000370   0x00000024   Code   RO            4    .text               startup_stm32h750xx.o
    0x08000394   0x08000394   0x00000062   Code   RO         7660    .text               mc_w.l(uldiv.o)
    0x080003f6   0x080003f6   0x00000024   Code   RO         7662    .text               mc_w.l(memcpya.o)
    0x0800041a   0x0800041a   0x00000024   Code   RO         7666    .text               mc_w.l(memseta.o)
    0x0800043e   0x0800043e   0x0000001e   Code   RO         7741    .text               mc_w.l(llshl.o)
    0x0800045c   0x0800045c   0x00000020   Code   RO         7743    .text               mc_w.l(llushr.o)
    0x0800047c   0x0800047c   0x00000000   Code   RO         7752    .text               mc_w.l(iusefp.o)
    0x0800047c   0x0800047c   0x00000024   Code   RO         7755    .text               mc_w.l(init.o)
    0x080004a0   0x080004a0   0x0000005e   Code   RO         7765    .text               mc_w.l(__dclz77c.o)
    0x080004fe   0x080004fe   0x00000002   PAD
    0x08000500   0x08000500   0x00000090   Code   RO         7436    .text.arm_cos_f32   arm_cortexM7lfdp_math.lib(arm_cos_f32.o)
    0x08000590   0x08000590   0x00000008   Code   RO         7456    .text.arm_mat_init_f32  arm_cortexM7lfdp_math.lib(arm_mat_init_f32.o)
    0x08000598   0x08000598   0x00000130   Code   RO         7465    .text.arm_mat_mult_f32  arm_cortexM7lfdp_math.lib(arm_mat_mult_f32.o)
    0x080006c8   0x080006c8   0x000000b4   Code   RO         7475    .text.arm_mat_trans_f32  arm_cortexM7lfdp_math.lib(arm_mat_trans_f32.o)
    0x0800077c   0x0800077c   0x0000008c   Code   RO         7446    .text.arm_sin_f32   arm_cortexM7lfdp_math.lib(arm_sin_f32.o)
    0x08000808   0x08000808   0x0000007c   Code   RO         7321    i.Assign_theta123456  ik.o
    0x08000884   0x08000884   0x00000002   Code   RO          421    i.BusFault_Handler  stm32h7xx_it.o
    0x08000886   0x08000886   0x00000002   Code   RO          422    i.DebugMon_Handler  stm32h7xx_it.o
    0x08000888   0x08000888   0x00000004   Code   RO           13    i.Error_Handler     main.o
    0x0800088c   0x0800088c   0x0000000c   Code   RO          423    i.FDCAN1_IT0_IRQHandler  stm32h7xx_it.o
    0x08000898   0x08000898   0x0000000c   Code   RO          424    i.FDCAN1_IT1_IRQHandler  stm32h7xx_it.o
    0x080008a4   0x080008a4   0x000001c8   Code   RO         2956    i.FDCAN_CalcultateRamBlockAddresses  stm32h7xx_hal_fdcan.o
    0x08000a6c   0x08000a6c   0x0000007c   Code   RO         6914    i.FDCAN_Filter_Config  fdcan_fliter.o
    0x08000ae8   0x08000ae8   0x00000360   Code   RO         1344    i.HAL_DMA_Abort     stm32h7xx_hal_dma.o
    0x08000e48   0x08000e48   0x00000284   Code   RO         1345    i.HAL_DMA_Abort_IT  stm32h7xx_hal_dma.o
    0x080010cc   0x080010cc   0x00000088   Code   RO         2959    i.HAL_FDCAN_ActivateNotification  stm32h7xx_hal_fdcan.o
    0x08001154   0x08001154   0x00000002   Code   RO         2962    i.HAL_FDCAN_ClockCalibrationCallback  stm32h7xx_hal_fdcan.o
    0x08001156   0x08001156   0x0000005a   Code   RO         2965    i.HAL_FDCAN_ConfigFifoWatermark  stm32h7xx_hal_fdcan.o
    0x080011b0   0x080011b0   0x0000007e   Code   RO         2966    i.HAL_FDCAN_ConfigFilter  stm32h7xx_hal_fdcan.o
    0x0800122e   0x0800122e   0x00000032   Code   RO         2967    i.HAL_FDCAN_ConfigGlobalFilter  stm32h7xx_hal_fdcan.o
    0x08001260   0x08001260   0x00000024   Code   RO         2973    i.HAL_FDCAN_ConfigTxDelayCompensation  stm32h7xx_hal_fdcan.o
    0x08001284   0x08001284   0x00000026   Code   RO         2986    i.HAL_FDCAN_EnableTxDelayCompensation  stm32h7xx_hal_fdcan.o
    0x080012aa   0x080012aa   0x00000002   Code   RO         2988    i.HAL_FDCAN_ErrorCallback  stm32h7xx_hal_fdcan.o
    0x080012ac   0x080012ac   0x00000002   Code   RO         2989    i.HAL_FDCAN_ErrorStatusCallback  stm32h7xx_hal_fdcan.o
    0x080012ae   0x080012ae   0x00000002   PAD
    0x080012b0   0x080012b0   0x0000018c   Code   RO         3000    i.HAL_FDCAN_GetRxMessage  stm32h7xx_hal_fdcan.o
    0x0800143c   0x0800143c   0x00000002   Code   RO         3006    i.HAL_FDCAN_HighPriorityMessageCallback  stm32h7xx_hal_fdcan.o
    0x0800143e   0x0800143e   0x00000002   PAD
    0x08001440   0x08001440   0x00000320   Code   RO         3007    i.HAL_FDCAN_IRQHandler  stm32h7xx_hal_fdcan.o
    0x08001760   0x08001760   0x00000244   Code   RO         3008    i.HAL_FDCAN_Init    stm32h7xx_hal_fdcan.o
    0x080019a4   0x080019a4   0x000000bc   Code   RO          320    i.HAL_FDCAN_MspInit  fdcan.o
    0x08001a60   0x08001a60   0x00000002   Code   RO         3017    i.HAL_FDCAN_RxBufferNewMessageCallback  stm32h7xx_hal_fdcan.o
    0x08001a62   0x08001a62   0x00000002   PAD
    0x08001a64   0x08001a64   0x00000148   Code   RO         6915    i.HAL_FDCAN_RxFifo0Callback  fdcan_fliter.o
    0x08001bac   0x08001bac   0x00000002   Code   RO         3019    i.HAL_FDCAN_RxFifo1Callback  stm32h7xx_hal_fdcan.o
    0x08001bae   0x08001bae   0x00000032   Code   RO         3020    i.HAL_FDCAN_Start   stm32h7xx_hal_fdcan.o
    0x08001be0   0x08001be0   0x00000002   Code   RO         3042    i.HAL_FDCAN_TT_GlobalTimeCallback  stm32h7xx_hal_fdcan.o
    0x08001be2   0x08001be2   0x00000002   Code   RO         3043    i.HAL_FDCAN_TT_ScheduleSyncCallback  stm32h7xx_hal_fdcan.o
    0x08001be4   0x08001be4   0x00000002   Code   RO         3048    i.HAL_FDCAN_TT_StopWatchCallback  stm32h7xx_hal_fdcan.o
    0x08001be6   0x08001be6   0x00000002   Code   RO         3049    i.HAL_FDCAN_TT_TimeMarkCallback  stm32h7xx_hal_fdcan.o
    0x08001be8   0x08001be8   0x00000002   Code   RO         3050    i.HAL_FDCAN_TimeoutOccurredCallback  stm32h7xx_hal_fdcan.o
    0x08001bea   0x08001bea   0x00000002   Code   RO         3051    i.HAL_FDCAN_TimestampWraparoundCallback  stm32h7xx_hal_fdcan.o
    0x08001bec   0x08001bec   0x00000002   Code   RO         3052    i.HAL_FDCAN_TxBufferAbortCallback  stm32h7xx_hal_fdcan.o
    0x08001bee   0x08001bee   0x00000002   Code   RO         3053    i.HAL_FDCAN_TxBufferCompleteCallback  stm32h7xx_hal_fdcan.o
    0x08001bf0   0x08001bf0   0x00000002   Code   RO         3054    i.HAL_FDCAN_TxEventFifoCallback  stm32h7xx_hal_fdcan.o
    0x08001bf2   0x08001bf2   0x00000002   Code   RO         3055    i.HAL_FDCAN_TxFifoEmptyCallback  stm32h7xx_hal_fdcan.o
    0x08001bf4   0x08001bf4   0x0000022c   Code   RO         1192    i.HAL_GPIO_Init     stm32h7xx_hal_gpio.o
    0x08001e20   0x08001e20   0x0000000a   Code   RO         1194    i.HAL_GPIO_ReadPin  stm32h7xx_hal_gpio.o
    0x08001e2a   0x08001e2a   0x00000010   Code   RO         1195    i.HAL_GPIO_TogglePin  stm32h7xx_hal_gpio.o
    0x08001e3a   0x08001e3a   0x0000000a   Code   RO         1196    i.HAL_GPIO_WritePin  stm32h7xx_hal_gpio.o
    0x08001e44   0x08001e44   0x0000000c   Code   RO         2064    i.HAL_GetREVID      stm32h7xx_hal.o
    0x08001e50   0x08001e50   0x0000000c   Code   RO         2065    i.HAL_GetTick       stm32h7xx_hal.o
    0x08001e5c   0x08001e5c   0x00000010   Code   RO         2071    i.HAL_IncTick       stm32h7xx_hal.o
    0x08001e6c   0x08001e6c   0x0000005c   Code   RO         2072    i.HAL_Init          stm32h7xx_hal.o
    0x08001ec8   0x08001ec8   0x00000084   Code   RO          527    i.HAL_InitTick      stm32h7xx_hal_timebase_tim.o
    0x08001f4c   0x08001f4c   0x0000005c   Code   RO          567    i.HAL_MPU_ConfigRegion  stm32h7xx_hal_cortex.o
    0x08001fa8   0x08001fa8   0x0000001c   Code   RO          568    i.HAL_MPU_Disable   stm32h7xx_hal_cortex.o
    0x08001fc4   0x08001fc4   0x00000024   Code   RO          570    i.HAL_MPU_Enable    stm32h7xx_hal_cortex.o
    0x08001fe8   0x08001fe8   0x00000024   Code   RO          503    i.HAL_MspInit       stm32h7xx_hal_msp.o
    0x0800200c   0x0800200c   0x0000001a   Code   RO          574    i.HAL_NVIC_EnableIRQ  stm32h7xx_hal_cortex.o
    0x08002026   0x08002026   0x00000002   PAD
    0x08002028   0x08002028   0x00000040   Code   RO          580    i.HAL_NVIC_SetPriority  stm32h7xx_hal_cortex.o
    0x08002068   0x08002068   0x00000024   Code   RO          581    i.HAL_NVIC_SetPriorityGrouping  stm32h7xx_hal_cortex.o
    0x0800208c   0x0800208c   0x00000054   Code   RO         1793    i.HAL_PWREx_ConfigSupply  stm32h7xx_hal_pwr_ex.o
    0x080020e0   0x080020e0   0x00000024   Code   RO          835    i.HAL_RCCEx_GetD3PCLK1Freq  stm32h7xx_hal_rcc_ex.o
    0x08002104   0x08002104   0x00000144   Code   RO          837    i.HAL_RCCEx_GetPLL2ClockFreq  stm32h7xx_hal_rcc_ex.o
    0x08002248   0x08002248   0x00000144   Code   RO          838    i.HAL_RCCEx_GetPLL3ClockFreq  stm32h7xx_hal_rcc_ex.o
    0x0800238c   0x0800238c   0x000009ac   Code   RO          844    i.HAL_RCCEx_PeriphCLKConfig  stm32h7xx_hal_rcc_ex.o
    0x08002d38   0x08002d38   0x0000025c   Code   RO          720    i.HAL_RCC_ClockConfig  stm32h7xx_hal_rcc.o
    0x08002f94   0x08002f94   0x0000005c   Code   RO          724    i.HAL_RCC_GetClockConfig  stm32h7xx_hal_rcc.o
    0x08002ff0   0x08002ff0   0x00000044   Code   RO          725    i.HAL_RCC_GetHCLKFreq  stm32h7xx_hal_rcc.o
    0x08003034   0x08003034   0x00000024   Code   RO          727    i.HAL_RCC_GetPCLK1Freq  stm32h7xx_hal_rcc.o
    0x08003058   0x08003058   0x00000024   Code   RO          728    i.HAL_RCC_GetPCLK2Freq  stm32h7xx_hal_rcc.o
    0x0800307c   0x0800307c   0x00000138   Code   RO          729    i.HAL_RCC_GetSysClockFreq  stm32h7xx_hal_rcc.o
    0x080031b4   0x080031b4   0x00000582   Code   RO          732    i.HAL_RCC_OscConfig  stm32h7xx_hal_rcc.o
    0x08003736   0x08003736   0x00000002   Code   RO         4290    i.HAL_TIMEx_Break2Callback  stm32h7xx_hal_tim_ex.o
    0x08003738   0x08003738   0x00000002   Code   RO         4291    i.HAL_TIMEx_BreakCallback  stm32h7xx_hal_tim_ex.o
    0x0800373a   0x0800373a   0x00000002   Code   RO         4292    i.HAL_TIMEx_CommutCallback  stm32h7xx_hal_tim_ex.o
    0x0800373c   0x0800373c   0x00000062   Code   RO         3576    i.HAL_TIM_Base_Init  stm32h7xx_hal_tim.o
    0x0800379e   0x0800379e   0x00000002   Code   RO         3578    i.HAL_TIM_Base_MspInit  stm32h7xx_hal_tim.o
    0x080037a0   0x080037a0   0x0000008c   Code   RO         3581    i.HAL_TIM_Base_Start_IT  stm32h7xx_hal_tim.o
    0x0800382c   0x0800382c   0x00000002   Code   RO         3610    i.HAL_TIM_IC_CaptureCallback  stm32h7xx_hal_tim.o
    0x0800382e   0x0800382e   0x00000148   Code   RO         3624    i.HAL_TIM_IRQHandler  stm32h7xx_hal_tim.o
    0x08003976   0x08003976   0x00000002   Code   RO         3627    i.HAL_TIM_OC_DelayElapsedCallback  stm32h7xx_hal_tim.o
    0x08003978   0x08003978   0x00000002   Code   RO         3654    i.HAL_TIM_PWM_PulseFinishedCallback  stm32h7xx_hal_tim.o
    0x0800397a   0x0800397a   0x00000002   PAD
    0x0800397c   0x0800397c   0x00000014   Code   RO           14    i.HAL_TIM_PeriodElapsedCallback  main.o
    0x08003990   0x08003990   0x00000002   Code   RO         3667    i.HAL_TIM_TriggerCallback  stm32h7xx_hal_tim.o
    0x08003992   0x08003992   0x00000040   Code   RO         5001    i.HAL_UARTEx_DisableFifoMode  stm32h7xx_hal_uart_ex.o
    0x080039d2   0x080039d2   0x00000002   Code   RO         4590    i.HAL_UARTEx_RxEventCallback  stm32h7xx_hal_uart.o
    0x080039d4   0x080039d4   0x00000002   Code   RO         5009    i.HAL_UARTEx_RxFifoFullCallback  stm32h7xx_hal_uart_ex.o
    0x080039d6   0x080039d6   0x0000004c   Code   RO         5010    i.HAL_UARTEx_SetRxFifoThreshold  stm32h7xx_hal_uart_ex.o
    0x08003a22   0x08003a22   0x0000004c   Code   RO         5011    i.HAL_UARTEx_SetTxFifoThreshold  stm32h7xx_hal_uart_ex.o
    0x08003a6e   0x08003a6e   0x00000002   Code   RO         5013    i.HAL_UARTEx_TxFifoEmptyCallback  stm32h7xx_hal_uart_ex.o
    0x08003a70   0x08003a70   0x00000002   Code   RO         5014    i.HAL_UARTEx_WakeupCallback  stm32h7xx_hal_uart_ex.o
    0x08003a72   0x08003a72   0x00000002   Code   RO         4606    i.HAL_UART_ErrorCallback  stm32h7xx_hal_uart.o
    0x08003a74   0x08003a74   0x00000388   Code   RO         4609    i.HAL_UART_IRQHandler  stm32h7xx_hal_uart.o
    0x08003dfc   0x08003dfc   0x0000006a   Code   RO         4610    i.HAL_UART_Init     stm32h7xx_hal_uart.o
    0x08003e66   0x08003e66   0x00000002   PAD
    0x08003e68   0x08003e68   0x00000098   Code   RO          380    i.HAL_UART_MspInit  usart.o
    0x08003f00   0x08003f00   0x00000002   Code   RO         4622    i.HAL_UART_TxCpltCallback  stm32h7xx_hal_uart.o
    0x08003f02   0x08003f02   0x00000002   Code   RO          425    i.HardFault_Handler  stm32h7xx_it.o
    0x08003f04   0x08003f04   0x00000098   Code   RO         7322    i.IK                ik.o
    0x08003f9c   0x08003f9c   0x000000ac   Code   RO         7323    i.IK_matrix_init    ik.o
    0x08004048   0x08004048   0x0000001c   Code   RO         7168    i.Led_start         led_task.o
    0x08004064   0x08004064   0x00000080   Code   RO          321    i.MX_FDCAN1_Init    fdcan.o
    0x080040e4   0x080040e4   0x00000030   Code   RO          271    i.MX_FREERTOS_Init  freertos.o
    0x08004114   0x08004114   0x000000d8   Code   RO          246    i.MX_GPIO_Init      gpio.o
    0x080041ec   0x080041ec   0x00000068   Code   RO          381    i.MX_USART3_UART_Init  usart.o
    0x08004254   0x08004254   0x00000002   Code   RO          426    i.MemManage_Handler  stm32h7xx_it.o
    0x08004256   0x08004256   0x00000002   PAD
    0x08004258   0x08004258   0x0000002c   Code   RO         7195    i.Motor_Control_start  motor_control_task.o
    0x08004284   0x08004284   0x00000002   Code   RO          427    i.NMI_Handler       stm32h7xx_it.o
    0x08004286   0x08004286   0x00000002   PAD
    0x08004288   0x08004288   0x00000120   Code   RO          847    i.RCCEx_PLL2_Config  stm32h7xx_hal_rcc_ex.o
    0x080043a8   0x080043a8   0x00000120   Code   RO          848    i.RCCEx_PLL3_Config  stm32h7xx_hal_rcc_ex.o
    0x080044c8   0x080044c8   0x00000058   Code   RO         7118    i.Read_Limit_Switch  limit_switch.o
    0x08004520   0x08004520   0x0000001a   Code   RO         6266    i.SysTick_Handler   cmsis_os2.o
    0x0800453a   0x0800453a   0x00000002   PAD
    0x0800453c   0x0800453c   0x000000d8   Code   RO           15    i.SystemClock_Config  main.o
    0x08004614   0x08004614   0x000000dc   Code   RO         5120    i.SystemInit        system_stm32h7xx.o
    0x080046f0   0x080046f0   0x0000000c   Code   RO          428    i.TIM1_UP_IRQHandler  stm32h7xx_it.o
    0x080046fc   0x080046fc   0x000000d0   Code   RO         3669    i.TIM_Base_SetConfig  stm32h7xx_hal_tim.o
    0x080047cc   0x080047cc   0x00000044   Code   RO         5015    i.UARTEx_SetNbDataToProcess  stm32h7xx_hal_uart_ex.o
    0x08004810   0x08004810   0x000000c8   Code   RO         4624    i.UART_AdvFeatureConfig  stm32h7xx_hal_uart.o
    0x080048d8   0x080048d8   0x000000aa   Code   RO         4625    i.UART_CheckIdleState  stm32h7xx_hal_uart.o
    0x08004982   0x08004982   0x00000014   Code   RO         4626    i.UART_DMAAbortOnError  stm32h7xx_hal_uart.o
    0x08004996   0x08004996   0x00000002   PAD
    0x08004998   0x08004998   0x00000054   Code   RO         4636    i.UART_EndRxTransfer  stm32h7xx_hal_uart.o
    0x080049ec   0x080049ec   0x000003ac   Code   RO         4642    i.UART_SetConfig    stm32h7xx_hal_uart.o
    0x08004d98   0x08004d98   0x00000094   Code   RO         4649    i.UART_WaitOnFlagUntilTimeout  stm32h7xx_hal_uart.o
    0x08004e2c   0x08004e2c   0x0000000c   Code   RO          429    i.USART3_IRQHandler  stm32h7xx_it.o
    0x08004e38   0x08004e38   0x00000002   Code   RO          430    i.UsageFault_Handler  stm32h7xx_it.o
    0x08004e3a   0x08004e3a   0x00000030   Code   RO         7704    i.__ARM_fpclassify  m_wv.l(fpclassify.o)
    0x08004e6a   0x08004e6a   0x00000026   Code   RO         7706    i.__ARM_fpclassifyf  m_wv.l(fpclassifyf.o)
    0x08004e90   0x08004e90   0x00000022   Code   RO          587    i.__NVIC_SetPriority  stm32h7xx_hal_cortex.o
    0x08004eb2   0x08004eb2   0x00000006   PAD
    0x08004eb8   0x08004eb8   0x00000218   Code   RO         7579    i.__hardfp_acos     m_wv.l(acos.o)
    0x080050d0   0x080050d0   0x00000208   Code   RO         7593    i.__hardfp_asin     m_wv.l(asin.o)
    0x080052d8   0x080052d8   0x00000200   Code   RO         7670    i.__hardfp_atan     m_wv.l(atan.o)
    0x080054d8   0x080054d8   0x000001c8   Code   RO         7607    i.__hardfp_atan2    m_wv.l(atan2.o)
    0x080056a0   0x080056a0   0x000002b4   Code   RO         7619    i.__hardfp_atan2f   m_wv.l(atan2f.o)
    0x08005954   0x08005954   0x00000066   Code   RO         7645    i.__hardfp_sqrt     m_wv.l(sqrt.o)
    0x080059ba   0x080059ba   0x00000070   Code   RO         7722    i.__kernel_poly     m_wv.l(poly.o)
    0x08005a2a   0x08005a2a   0x00000006   Code   RO         7685    i.__mathlib_dbl_infnan  m_wv.l(dunder.o)
    0x08005a30   0x08005a30   0x00000006   Code   RO         7686    i.__mathlib_dbl_infnan2  m_wv.l(dunder.o)
    0x08005a36   0x08005a36   0x00000002   PAD
    0x08005a38   0x08005a38   0x00000018   Code   RO         7687    i.__mathlib_dbl_invalid  m_wv.l(dunder.o)
    0x08005a50   0x08005a50   0x00000018   Code   RO         7690    i.__mathlib_dbl_underflow  m_wv.l(dunder.o)
    0x08005a68   0x08005a68   0x00000006   Code   RO         7710    i.__mathlib_flt_infnan2  m_wv.l(funder.o)
    0x08005a6e   0x08005a6e   0x00000002   PAD
    0x08005a70   0x08005a70   0x00000010   Code   RO         7714    i.__mathlib_flt_underflow  m_wv.l(funder.o)
    0x08005a80   0x08005a80   0x0000000e   Code   RO         7759    i.__scatterload_copy  mc_w.l(handlers.o)
    0x08005a8e   0x08005a8e   0x00000002   Code   RO         7760    i.__scatterload_null  mc_w.l(handlers.o)
    0x08005a90   0x08005a90   0x0000000e   Code   RO         7761    i.__scatterload_zeroinit  mc_w.l(handlers.o)
    0x08005a9e   0x08005a9e   0x00000002   PAD
    0x08005aa0   0x08005aa0   0x0000000c   Code   RO         7747    i.__set_errno       mc_w.l(errno.o)
    0x08005aac   0x08005aac   0x00000010   Code   RO         7672    i.atan              m_wv.l(atan.o)
    0x08005abc   0x08005abc   0x000001f4   Code   RO         7324    i.calc_wrist_angles  ik.o
    0x08005cb0   0x08005cb0   0x000000d0   Code   RO         7258    i.compute_modified_dh_matrix  controler.o
    0x08005d80   0x08005d80   0x00000018   Code   RO         7700    i.fabs              m_wv.l(fabs.o)
    0x08005d98   0x08005d98   0x00000062   Code   RO         6916    i.fdcanx_receive    fdcan_fliter.o
    0x08005dfa   0x08005dfa   0x00000002   PAD
    0x08005dfc   0x08005dfc   0x00000084   Code   RO         7260    i.forward_kinematics  controler.o
    0x08005e80   0x08005e80   0x00000072   Code   RO           17    i.main              main.o
    0x08005ef2   0x08005ef2   0x00000002   PAD
    0x08005ef4   0x08005ef4   0x0000006c   Code   RO         7262    i.matrix_init       controler.o
    0x08005f60   0x08005f60   0x0000001c   Code   RO         6268    i.osDelay           cmsis_os2.o
    0x08005f7c   0x08005f7c   0x00000024   Code   RO         6282    i.osKernelInitialize  cmsis_os2.o
    0x08005fa0   0x08005fa0   0x00000038   Code   RO         6285    i.osKernelStart     cmsis_os2.o
    0x08005fd8   0x08005fd8   0x00000090   Code   RO         6327    i.osThreadNew       cmsis_os2.o
    0x08006068   0x08006068   0x0000005c   Code   RO         5727    i.prvAddCurrentTaskToDelayedList  tasks.o
    0x080060c4   0x080060c4   0x000000d0   Code   RO         5728    i.prvAddNewTaskToReadyList  tasks.o
    0x08006194   0x08006194   0x00000058   Code   RO         6092    i.prvCheckForValidListAndQueue  timers.o
    0x080061ec   0x080061ec   0x00000026   Code   RO         5324    i.prvCopyDataFromQueue  queue.o
    0x08006212   0x08006212   0x0000006c   Code   RO         5325    i.prvCopyDataToQueue  queue.o
    0x0800627e   0x0800627e   0x00000034   Code   RO         5729    i.prvDeleteTCB      tasks.o
    0x080062b2   0x080062b2   0x00000002   PAD
    0x080062b4   0x080062b4   0x00000050   Code   RO         6779    i.prvHeapInit       heap_4.o
    0x08006304   0x08006304   0x00000060   Code   RO         5730    i.prvIdleTask       tasks.o
    0x08006364   0x08006364   0x00000022   Code   RO         5327    i.prvInitialiseNewQueue  queue.o
    0x08006386   0x08006386   0x000000b0   Code   RO         5731    i.prvInitialiseNewTask  tasks.o
    0x08006436   0x08006436   0x00000002   PAD
    0x08006438   0x08006438   0x0000004c   Code   RO         6780    i.prvInsertBlockIntoFreeList  heap_4.o
    0x08006484   0x08006484   0x0000003c   Code   RO         6094    i.prvInsertTimerInActiveList  timers.o
    0x080064c0   0x080064c0   0x0000001c   Code   RO         5328    i.prvIsQueueEmpty   queue.o
    0x080064dc   0x080064dc   0x000000f8   Code   RO         6095    i.prvProcessReceivedCommands  timers.o
    0x080065d4   0x080065d4   0x000000c0   Code   RO         6096    i.prvProcessTimerOrBlockTask  timers.o
    0x08006694   0x08006694   0x00000020   Code   RO         5733    i.prvResetNextTaskUnblockTime  tasks.o
    0x080066b4   0x080066b4   0x00000028   Code   RO         6097    i.prvSampleTimeNow  timers.o
    0x080066dc   0x080066dc   0x0000006c   Code   RO         6098    i.prvSwitchTimerLists  timers.o
    0x08006748   0x08006748   0x00000028   Code   RO         6835    i.prvTaskExitError  port.o
    0x08006770   0x08006770   0x00000024   Code   RO         6099    i.prvTimerTask      timers.o
    0x08006794   0x08006794   0x0000006a   Code   RO         5329    i.prvUnlockQueue    queue.o
    0x080067fe   0x080067fe   0x00000002   PAD
    0x08006800   0x08006800   0x000000dc   Code   RO         6781    i.pvPortMalloc      heap_4.o
    0x080068dc   0x080068dc   0x00000030   Code   RO         6836    i.pxPortInitialiseStack  port.o
    0x0800690c   0x0800690c   0x00000370   Code   RO         7325    i.solve_theta123    ik.o
    0x08006c7c   0x08006c7c   0x0000006a   Code   RO         7647    i.sqrt              m_wv.l(sqrt.o)
    0x08006ce6   0x08006ce6   0x00000026   Code   RO         5284    i.uxListRemove      list.o
    0x08006d0c   0x08006d0c   0x00000018   Code   RO         6339    i.vApplicationGetIdleTaskMemory  cmsis_os2.o
    0x08006d24   0x08006d24   0x00000018   Code   RO         6340    i.vApplicationGetTimerTaskMemory  cmsis_os2.o
    0x08006d3c   0x08006d3c   0x00000016   Code   RO         5285    i.vListInitialise   list.o
    0x08006d52   0x08006d52   0x00000006   Code   RO         5286    i.vListInitialiseItem  list.o
    0x08006d58   0x08006d58   0x00000030   Code   RO         5287    i.vListInsert       list.o
    0x08006d88   0x08006d88   0x00000018   Code   RO         5288    i.vListInsertEnd    list.o
    0x08006da0   0x08006da0   0x00000040   Code   RO         6838    i.vPortEnterCritical  port.o
    0x08006de0   0x08006de0   0x00000028   Code   RO         6839    i.vPortExitCritical  port.o
    0x08006e08   0x08006e08   0x00000064   Code   RO         6782    i.vPortFree         heap_4.o
    0x08006e6c   0x08006e6c   0x00000024   Code   RO         6840    i.vPortSetupTimerInterrupt  port.o
    0x08006e90   0x08006e90   0x00000054   Code   RO         6841    i.vPortValidateInterruptPriority  port.o
    0x08006ee4   0x08006ee4   0x00000028   Code   RO         5335    i.vQueueAddToRegistry  queue.o
    0x08006f0c   0x08006f0c   0x00000044   Code   RO         5339    i.vQueueWaitForMessageRestricted  queue.o
    0x08006f50   0x08006f50   0x0000004c   Code   RO         5746    i.vTaskDelay        tasks.o
    0x08006f9c   0x08006f9c   0x00000010   Code   RO         5751    i.vTaskInternalSetTimeOutState  tasks.o
    0x08006fac   0x08006fac   0x0000000c   Code   RO         5752    i.vTaskMissedYield  tasks.o
    0x08006fb8   0x08006fb8   0x00000030   Code   RO         5754    i.vTaskPlaceOnEventList  tasks.o
    0x08006fe8   0x08006fe8   0x00000038   Code   RO         5755    i.vTaskPlaceOnEventListRestricted  tasks.o
    0x08007020   0x08007020   0x00000088   Code   RO         5763    i.vTaskStartScheduler  tasks.o
    0x080070a8   0x080070a8   0x00000010   Code   RO         5765    i.vTaskSuspendAll   tasks.o
    0x080070b8   0x080070b8   0x00000064   Code   RO         5766    i.vTaskSwitchContext  tasks.o
    0x0800711c   0x0800711c   0x000000f4   Code   RO         6842    i.xPortStartScheduler  port.o
    0x08007210   0x08007210   0x0000002c   Code   RO         6843    i.xPortSysTickHandler  port.o
    0x0800723c   0x0800723c   0x00000066   Code   RO         5345    i.xQueueGenericCreateStatic  queue.o
    0x080072a2   0x080072a2   0x00000002   PAD
    0x080072a4   0x080072a4   0x00000094   Code   RO         5346    i.xQueueGenericReset  queue.o
    0x08007338   0x08007338   0x00000160   Code   RO         5347    i.xQueueGenericSend  queue.o
    0x08007498   0x08007498   0x000000be   Code   RO         5348    i.xQueueGenericSendFromISR  queue.o
    0x08007556   0x08007556   0x00000002   PAD
    0x08007558   0x08007558   0x0000013c   Code   RO         5357    i.xQueueReceive     queue.o
    0x08007694   0x08007694   0x00000078   Code   RO         5768    i.xTaskCheckForTimeOut  tasks.o
    0x0800770c   0x0800770c   0x0000005a   Code   RO         5769    i.xTaskCreate       tasks.o
    0x08007766   0x08007766   0x00000056   Code   RO         5770    i.xTaskCreateStatic  tasks.o
    0x080077bc   0x080077bc   0x0000001c   Code   RO         5774    i.xTaskGetSchedulerState  tasks.o
    0x080077d8   0x080077d8   0x0000000c   Code   RO         5775    i.xTaskGetTickCount  tasks.o
    0x080077e4   0x080077e4   0x000000c8   Code   RO         5777    i.xTaskIncrementTick  tasks.o
    0x080078ac   0x080078ac   0x0000007c   Code   RO         5780    i.xTaskPriorityDisinherit  tasks.o
    0x08007928   0x08007928   0x00000070   Code   RO         5782    i.xTaskRemoveFromEventList  tasks.o
    0x08007998   0x08007998   0x000000c4   Code   RO         5783    i.xTaskResumeAll    tasks.o
    0x08007a5c   0x08007a5c   0x00000060   Code   RO         6108    i.xTimerCreateTimerTask  timers.o
    0x08007abc   0x08007abc   0x00000068   Code   RO         6109    i.xTimerGenericCommand  timers.o
    0x08007b24   0x08007b24   0x00000048   Data   RO          273    .constdata          freertos.o
    0x08007b6c   0x08007b6c   0x0000005c   Data   RO         3056    .constdata          stm32h7xx_hal_fdcan.o
    0x08007bc8   0x08007bc8   0x00000018   Data   RO         4650    .constdata          stm32h7xx_hal_uart.o
    0x08007be0   0x08007be0   0x00000010   Data   RO         5016    .constdata          stm32h7xx_hal_uart_ex.o
    0x08007bf0   0x08007bf0   0x00000010   Data   RO         5121    .constdata          system_stm32h7xx.o
    0x08007c00   0x08007c00   0x00000080   Data   RO         7264    .constdata          controler.o
    0x08007c80   0x08007c80   0x00000030   Data   RO         7327    .constdata          ik.o
    0x08007cb0   0x08007cb0   0x00000050   Data   RO         7582    .constdata          m_wv.l(acos.o)
    0x08007d00   0x08007d00   0x00000050   Data   RO         7596    .constdata          m_wv.l(asin.o)
    0x08007d50   0x08007d50   0x00000098   Data   RO         7673    .constdata          m_wv.l(atan.o)
    0x08007de8   0x08007de8   0x00000008   Data   RO         7724    .constdata          m_wv.l(qnan.o)
    0x08007df0   0x08007df0   0x00000012   Data   RO          274    .conststring        freertos.o
    0x08007e02   0x08007e02   0x00000002   PAD
    0x08007e04   0x08007e04   0x00000804   Data   RO         7571    .rodata.sinTable_f32  arm_cortexM7lfdp_math.lib(arm_common_tables.o)
    0x08008608   0x08008608   0x00000020   Data   RO         7757    Region$$Table       anon$$obj.o


    Execution Region RW_IRAM1 (Exec base: 0x20000000, Load base: 0x08008628, Size: 0x00000000, Max: 0x00020000, ABSOLUTE)

    **** No section assigned to this execution region ****


    Execution Region RW_IRAM2 (Exec base: 0x24000000, Load base: 0x08008628, Size: 0x000057a0, Max: 0x00080000, ABSOLUTE, COMPRESSED[0x000000d4])

    Exec Addr    Load Addr    Size         Type   Attr      Idx    E Section Name        Object

    0x24000000   COMPRESSED   0x00000008   Data   RW          275    .data               freertos.o
    0x24000008   COMPRESSED   0x0000000c   Data   RW         2094    .data               stm32h7xx_hal.o
    0x24000014   COMPRESSED   0x00000008   Data   RW         5122    .data               system_stm32h7xx.o
    0x2400001c   COMPRESSED   0x0000003c   Data   RW         5786    .data               tasks.o
    0x24000058   COMPRESSED   0x00000014   Data   RW         6117    .data               timers.o
    0x2400006c   COMPRESSED   0x00000004   Data   RW         6342    .data               cmsis_os2.o
    0x24000070   COMPRESSED   0x00000020   Data   RW         6788    .data               heap_4.o
    0x24000090   COMPRESSED   0x0000000c   Data   RW         6844    .data               port.o
    0x2400009c   COMPRESSED   0x00000001   Data   RW         6919    .data               fdcan_fliter.o
    0x2400009d   COMPRESSED   0x00000006   Data   RW         7120    .data               limit_switch.o
    0x240000a3   COMPRESSED   0x00000001   PAD
    0x240000a4   COMPRESSED   0x000001f0   Data   RW         7265    .data               controler.o
    0x24000294   COMPRESSED   0x000000b0   Data   RW         7328    .data               ik.o
    0x24000344   COMPRESSED   0x000000c0   Data   RW         7387    .data               trace_plan.o
    0x24000404   COMPRESSED   0x00000004   Data   RW         7748    .data               mc_w.l(errno.o)
    0x24000408        -       0x000000a0   Zero   RW          322    .bss                fdcan.o
    0x240004a8        -       0x00000094   Zero   RW          382    .bss                usart.o
    0x2400053c        -       0x0000004c   Zero   RW          530    .bss                stm32h7xx_hal_timebase_tim.o
    0x24000588        -       0x00000040   Zero   RW         5361    .bss                queue.o
    0x240005c8        -       0x000004c4   Zero   RW         5785    .bss                tasks.o
    0x24000a8c        -       0x00000118   Zero   RW         6116    .bss                timers.o
    0x24000ba4        -       0x000006b8   Zero   RW         6341    .bss                cmsis_os2.o
    0x2400125c        -       0x00003c00   Zero   RW         6787    .bss                heap_4.o
    0x24004e5c        -       0x00000138   Zero   RW         6917    .bss                fdcan_fliter.o
    0x24004f94        -       0x00000018   Zero   RW         7196    .bss                motor_control_task.o
    0x24004fac        -       0x00000080   Zero   RW         7263    .bss                controler.o
    0x2400502c        -       0x00000370   Zero   RW         7326    .bss                ik.o
    0x2400539c   COMPRESSED   0x00000004   PAD
    0x240053a0        -       0x00000400   Zero   RW            1    STACK               startup_stm32h750xx.o


==============================================================================

Image component sizes


      Code (inc. data)   RO Data    RW Data    ZI Data      Debug   Object Name

       338         22          0          4       1720      71219   cmsis_os2.o
       448         34        128        496        128       3825   controler.o
         0          0          0          0          0      19440   event_groups.o
       316         20          0          0        160       2055   fdcan.o
       550         54          0          1        312       4327   fdcan_fliter.o
        48         16         90          8          0       1455   freertos.o
       216         18          0          0          0       1143   gpio.o
       476         24          0         32      15360       5027   heap_4.o
      1828         62         48        176        880       7184   ik.o
        28          6          0          0          0        484   led_task.o
        88          8          0          6          0       1336   limit_switch.o
       138          0          0          0          0       3722   list.o
       354         18          0          0          0    1367056   main.o
        44         14          0          0         24       1999   motor_control_task.o
       790         84          0         12          0      11737   port.o
      1530         22          0          0         64      17704   queue.o
        36          8        664          0       1024        844   startup_stm32h750xx.o
       132         32          0         12          0      22157   stm32h7xx_hal.o
       316         28          0          0          0      41160   stm32h7xx_hal_cortex.o
      1508         70          0          0          0       3943   stm32h7xx_hal_dma.o
      2790         44         92          0          0      23208   stm32h7xx_hal_fdcan.o
       592         50          0          0          0       3660   stm32h7xx_hal_gpio.o
        36          4          0          0          0        966   stm32h7xx_hal_msp.o
        84          6          0          0          0        797   stm32h7xx_hal_pwr_ex.o
      2558        110          0          0          0       7949   stm32h7xx_hal_rcc.o
      3736        118          0          0          0       7953   stm32h7xx_hal_rcc_ex.o
       784         66          0          0          0       7768   stm32h7xx_hal_tim.o
         6          0          0          0          0       2348   stm32h7xx_hal_tim_ex.o
       132         22          0          0         76       1607   stm32h7xx_hal_timebase_tim.o
      2578        138         24          0          0      30124   stm32h7xx_hal_uart.o
       290          6         16          0          0       5590   stm32h7xx_hal_uart_ex.o
        60         24          0          0          0       4758   stm32h7xx_it.o
         0          0          0          0          0        384   stream_buffer.o
       220         40         16          8          0       1522   system_stm32h7xx.o
      2084        162          0         60       1220      27240   tasks.o
       972         84          0         20        280      32331   timers.o
         0          0          0        192          0       1149   trace_plan.o
       256         24          0          0        148       1974   usart.o

    ----------------------------------------------------------------------
     26404       1438       1112       1028      21400    1749145   Object Totals
         0          0         32          0          0          0   (incl. Generated)
        42          0          2          1          4          0   (incl. Padding)

    ----------------------------------------------------------------------

      Code (inc. data)   RO Data    RW Data    ZI Data      Debug   Library Member Name

         0          0       2052          0          0       4961   arm_common_tables.o
       144         12          0          0          0       1111   arm_cos_f32.o
         8          0          0          0          0        841   arm_mat_init_f32.o
       304          4          0          0          0       2362   arm_mat_mult_f32.o
       180          0          0          0          0       1862   arm_mat_trans_f32.o
       140         12          0          0          0       1098   arm_sin_f32.o
       536        114         80          0          0        256   acos.o
       520         88         80          0          0        252   asin.o
       528        110        152          0          0        348   atan.o
       456         64          0          0          0        188   atan2.o
       692         98          0          0          0        208   atan2f.o
        60         28          0          0          0        464   dunder.o
        24          0          0          0          0        124   fabs.o
        48          0          0          0          0        124   fpclassify.o
        38          0          0          0          0        116   fpclassifyf.o
        22          6          0          0          0        232   funder.o
       112          0          0          0          0        116   poly.o
         0          0          8          0          0          0   qnan.o
       208          0          0          0          0        280   sqrt.o
        94          0          0          0          0          0   __dclz77c.o
         0          0          0          0          0          0   entry.o
         0          0          0          0          0          0   entry10a.o
         0          0          0          0          0          0   entry11a.o
         4          0          0          0          0          0   entry12b.o
         8          4          0          0          0          0   entry2.o
         4          0          0          0          0          0   entry5.o
         0          0          0          0          0          0   entry7b.o
         0          0          0          0          0          0   entry8b.o
         8          4          0          0          0          0   entry9a.o
        12          6          0          4          0         68   errno.o
        30          0          0          0          0          0   handlers.o
        36          8          0          0          0         68   init.o
         0          0          0          0          0          0   iusefp.o
        30          0          0          0          0         68   llshl.o
        32          0          0          0          0         68   llushr.o
        36          0          0          0          0         68   memcpya.o
        36          0          0          0          0        108   memseta.o
        98          0          0          0          0         92   uldiv.o

    ----------------------------------------------------------------------
      4456        558       2372          4          0      15483   Library Totals
         8          0          0          0          0          0   (incl. Padding)

    ----------------------------------------------------------------------

      Code (inc. data)   RO Data    RW Data    ZI Data      Debug   Library Name

       776         28       2052          0          0      12235   arm_cortexM7lfdp_math.lib
      3244        508        320          0          0       2708   m_wv.l
       428         22          0          4          0        540   mc_w.l

    ----------------------------------------------------------------------
      4456        558       2372          4          0      15483   Library Totals

    ----------------------------------------------------------------------

==============================================================================


      Code (inc. data)   RO Data    RW Data    ZI Data      Debug   

     30860       1996       3484       1032      21400    1744392   Grand Totals
     30860       1996       3484        212      21400    1744392   ELF Image Totals (compressed)
     30860       1996       3484        212          0          0   ROM Totals

==============================================================================

    Total RO  Size (Code + RO Data)                34344 (  33.54kB)
    Total RW  Size (RW Data + ZI Data)             22432 (  21.91kB)
    Total ROM Size (Code + RO Data + RW Data)      34556 (  33.75kB)

==============================================================================

